<html>
<body>
<pre>
<h1>µVision Build Log</h1>
<h2>Tool Versions:</h2>
IDE-Version: ¦ÌVision V5.26.2.0
Copyright (C) 2018 ARM Ltd and ARM Germany GmbH. All rights reserved.
License Information: sd 2787883, HP Inc., LIC=CZLZX-HZ9B0-JJY6S-L860V-TE5B5-4THTA
 
Tool Versions:
Toolchain:       MDK-ARM Plus  Version: 5.26.2.0
Toolchain Path:  D:\Keil_v5\ARM\ARMCC\Bin
C Compiler:      Armcc.exe V5.06 update 6 (build 750)
Assembler:       Armasm.exe V5.06 update 6 (build 750)
Linker/Locator:  ArmLink.exe V5.06 update 6 (build 750)
Library Manager: ArmAr.exe V5.06 update 6 (build 750)
Hex Converter:   FromElf.exe V5.06 update 6 (build 750)
CPU DLL:         SARMCM3.DLL V5.26.2.0
Dialog DLL:      DCM.DLL V1.17.2.0
Target DLL:      STLink\ST-LINKIII-KEIL_SWO.dll V3.0.5.0
Dialog DLL:      TCM.DLL V1.36.1.0
 
<h2>Project:</h2>
Y:\workspace\mcu\N32G435\usb\Mcu_Simulate_JTAG\project\CMSIS_DAPv2\MDK-ARM\CMSIS_DAPv2.uvprojx
Project File Date:  06/26/2026

<h2>Output:</h2>
*** Using Compiler 'V5.06 update 6 (build 750)', folder: 'D:\Keil_v5\ARM\ARMCC\Bin'
Build target 'N32G43x'
compiling dap_main.c...
linking...
Program Size: Code=39212 RO-data=4272 RW-data=444 ZI-data=8740  
After Build - User command #1: fromelf --bin --output=.\bin\CMSIS_DAPv2.bin .\Objects\CMSIS_DAPv2.axf
".\Objects\CMSIS_DAPv2.axf" - 0 Error(s), 0 Warning(s).

<h2>Software Packages used:</h2>

Package Vendor: Nationstech
                http://www.keil.com/pack/Nationstech.N32G43x_DFP.1.1.0.pack
                Nationstech.N32G43x_DFP.1.1.0
                Nationstech N32G43x Series Device Support, Drivers and Examples

<h2>Collection of Component include folders:</h2>
  .\RTE\_N32G43x
  D:\Keil_v5\ARM\PACK\Nationstech\N32G43x_DFP\1.1.0\firmware\CMSIS\device

<h2>Collection of Component Files used:</h2>
Build Time Elapsed:  00:00:11
</pre>
</body>
</html>
