<!doctype html public "-//w3c//dtd html 4.0 transitional//en">
<html><head>
<title>Static Call Graph - [.\Objects\CMSIS_DAPv2.axf]</title></head>
<body><HR>
<H1>Static Call Graph for image .\Objects\CMSIS_DAPv2.axf</H1><HR>
<BR><P>#&#060CALLGRAPH&#062# ARM Linker, 5060750: Last Updated: Fri Jun 26 15:46:58 2026
<BR><P>
<H3>Maximum Stack Usage =        460 bytes + Unknown(Cycles, Untraceable Function Pointers)</H3><H3>
Call chain for Maximum Stack Depth:</H3>
main &rArr; rtthread_startup &rArr; rt_thread_idle_init &rArr; rt_thread_init &rArr; _rt_thread_init &rArr; rt_timer_init &rArr; rt_object_init &rArr; rt_exit_critical &rArr; rt_schedule &rArr; _rt_scheduler_stack_check &rArr; rt_assert_handler &rArr; rt_kprintf &rArr; rt_vsnprintf &rArr; print_number
<P>
<H3>
Mutually Recursive functions
</H3> <LI><a href="#[1f]">ADC_IRQHandler</a>&nbsp;&nbsp;&nbsp;&rArr;&nbsp;&nbsp;&nbsp;<a href="#[1f]">ADC_IRQHandler</a><BR>
 <LI><a href="#[9d]">rt_object_get_type</a>&nbsp;&nbsp;&nbsp;&rArr;&nbsp;&nbsp;&nbsp;<a href="#[97]">rt_assert_handler</a><BR>
 <LI><a href="#[ab]">rt_device_write</a>&nbsp;&nbsp;&nbsp;&rArr;&nbsp;&nbsp;&nbsp;<a href="#[97]">rt_assert_handler</a><BR>
 <LI><a href="#[181]">usbd_std_device_req_handler</a>&nbsp;&nbsp;&nbsp;&rArr;&nbsp;&nbsp;&nbsp;<a href="#[17c]">usbd_event_notify_handler</a><BR>
 <LI><a href="#[180]">usbd_set_interface</a>&nbsp;&nbsp;&nbsp;&rArr;&nbsp;&nbsp;&nbsp;<a href="#[17c]">usbd_event_notify_handler</a><BR>
 <LI><a href="#[177]">usbd_std_endpoint_req_handler</a>&nbsp;&nbsp;&nbsp;&rArr;&nbsp;&nbsp;&nbsp;<a href="#[17c]">usbd_event_notify_handler</a><BR>
</UL>
<P>
<H3>
Function Pointers
</H3><UL>
 <LI><a href="#[1f]">ADC_IRQHandler</a> from startup_n32g43x.o(.text) referenced from startup_n32g43x.o(RESET)
 <LI><a href="#[6]">BusFault_Handler</a> from n32g43x_it.o(.text) referenced from startup_n32g43x.o(RESET)
 <LI><a href="#[42]">CAN_RX0_IRQHandler</a> from startup_n32g43x.o(.text) referenced from startup_n32g43x.o(RESET)
 <LI><a href="#[43]">CAN_RX1_IRQHandler</a> from startup_n32g43x.o(.text) referenced from startup_n32g43x.o(RESET)
 <LI><a href="#[44]">CAN_SCE_IRQHandler</a> from startup_n32g43x.o(.text) referenced from startup_n32g43x.o(RESET)
 <LI><a href="#[41]">CAN_TX_IRQHandler</a> from startup_n32g43x.o(.text) referenced from startup_n32g43x.o(RESET)
 <LI><a href="#[22]">COMP_1_2_IRQHandler</a> from startup_n32g43x.o(.text) referenced from startup_n32g43x.o(RESET)
 <LI><a href="#[17]">DMA_Channel1_IRQHandler</a> from startup_n32g43x.o(.text) referenced from startup_n32g43x.o(RESET)
 <LI><a href="#[18]">DMA_Channel2_IRQHandler</a> from startup_n32g43x.o(.text) referenced from startup_n32g43x.o(RESET)
 <LI><a href="#[19]">DMA_Channel3_IRQHandler</a> from startup_n32g43x.o(.text) referenced from startup_n32g43x.o(RESET)
 <LI><a href="#[1a]">DMA_Channel4_IRQHandler</a> from startup_n32g43x.o(.text) referenced from startup_n32g43x.o(RESET)
 <LI><a href="#[1b]">DMA_Channel5_IRQHandler</a> from startup_n32g43x.o(.text) referenced from startup_n32g43x.o(RESET)
 <LI><a href="#[1c]">DMA_Channel6_IRQHandler</a> from startup_n32g43x.o(.text) referenced from startup_n32g43x.o(RESET)
 <LI><a href="#[1d]">DMA_Channel7_IRQHandler</a> from startup_n32g43x.o(.text) referenced from startup_n32g43x.o(RESET)
 <LI><a href="#[1e]">DMA_Channel8_IRQHandler</a> from startup_n32g43x.o(.text) referenced from startup_n32g43x.o(RESET)
 <LI><a href="#[9]">DebugMon_Handler</a> from n32g43x_it.o(.text) referenced from startup_n32g43x.o(RESET)
 <LI><a href="#[12]">EXTI0_IRQHandler</a> from drv_gpio.o(.text) referenced from startup_n32g43x.o(RESET)
 <LI><a href="#[34]">EXTI15_10_IRQHandler</a> from drv_gpio.o(.text) referenced from startup_n32g43x.o(RESET)
 <LI><a href="#[13]">EXTI1_IRQHandler</a> from drv_gpio.o(.text) referenced from startup_n32g43x.o(RESET)
 <LI><a href="#[14]">EXTI2_IRQHandler</a> from drv_gpio.o(.text) referenced from startup_n32g43x.o(RESET)
 <LI><a href="#[15]">EXTI3_IRQHandler</a> from drv_gpio.o(.text) referenced from startup_n32g43x.o(RESET)
 <LI><a href="#[16]">EXTI4_IRQHandler</a> from drv_gpio.o(.text) referenced from startup_n32g43x.o(RESET)
 <LI><a href="#[23]">EXTI9_5_IRQHandler</a> from drv_gpio.o(.text) referenced from startup_n32g43x.o(RESET)
 <LI><a href="#[10]">FLASH_IRQHandler</a> from startup_n32g43x.o(.text) referenced from startup_n32g43x.o(RESET)
 <LI><a href="#[4]">HardFault_Handler</a> from context_rvds.o(.text) referenced from startup_n32g43x.o(RESET)
 <LI><a href="#[2c]">I2C1_ER_IRQHandler</a> from startup_n32g43x.o(.text) referenced from startup_n32g43x.o(RESET)
 <LI><a href="#[2b]">I2C1_EV_IRQHandler</a> from startup_n32g43x.o(.text) referenced from startup_n32g43x.o(RESET)
 <LI><a href="#[2e]">I2C2_ER_IRQHandler</a> from startup_n32g43x.o(.text) referenced from startup_n32g43x.o(RESET)
 <LI><a href="#[2d]">I2C2_EV_IRQHandler</a> from startup_n32g43x.o(.text) referenced from startup_n32g43x.o(RESET)
 <LI><a href="#[46]">LPTIM_WKUP_IRQHandler</a> from startup_n32g43x.o(.text) referenced from startup_n32g43x.o(RESET)
 <LI><a href="#[3d]">LPUART_IRQHandler</a> from startup_n32g43x.o(.text) referenced from startup_n32g43x.o(RESET)
 <LI><a href="#[45]">LPUART_WKUP_IRQHandler</a> from startup_n32g43x.o(.text) referenced from startup_n32g43x.o(RESET)
 <LI><a href="#[48]">MMU_IRQHandler</a> from startup_n32g43x.o(.text) referenced from startup_n32g43x.o(RESET)
 <LI><a href="#[5]">MemManage_Handler</a> from n32g43x_it.o(.text) referenced from startup_n32g43x.o(RESET)
 <LI><a href="#[6e]">N32G43X_pin_attach_irq</a> from drv_gpio.o(.text) referenced from drv_gpio.o(.constdata)
 <LI><a href="#[6f]">N32G43X_pin_dettach_irq</a> from drv_gpio.o(.text) referenced from drv_gpio.o(.constdata)
 <LI><a href="#[70]">N32G43X_pin_irq_enable</a> from drv_gpio.o(.text) referenced from drv_gpio.o(.constdata)
 <LI><a href="#[6b]">N32G43X_pin_mode</a> from drv_gpio.o(.text) referenced from drv_gpio.o(.constdata)
 <LI><a href="#[6d]">N32G43X_pin_read</a> from drv_gpio.o(.text) referenced from drv_gpio.o(.constdata)
 <LI><a href="#[6c]">N32G43X_pin_write</a> from drv_gpio.o(.text) referenced from drv_gpio.o(.constdata)
 <LI><a href="#[3]">NMI_Handler</a> from n32g43x_it.o(.text) referenced from startup_n32g43x.o(RESET)
 <LI><a href="#[d]">PVD_IRQHandler</a> from startup_n32g43x.o(.text) referenced from startup_n32g43x.o(RESET)
 <LI><a href="#[a]">PendSV_Handler</a> from context_rvds.o(.text) referenced from startup_n32g43x.o(RESET)
 <LI><a href="#[4a]">RAMC_PERR_IRQHandler</a> from startup_n32g43x.o(.text) referenced from startup_n32g43x.o(RESET)
 <LI><a href="#[11]">RCC_IRQHandler</a> from startup_n32g43x.o(.text) referenced from startup_n32g43x.o(RESET)
 <LI><a href="#[35]">RTCAlarm_IRQHandler</a> from startup_n32g43x.o(.text) referenced from startup_n32g43x.o(RESET)
 <LI><a href="#[f]">RTC_WKUP_IRQHandler</a> from startup_n32g43x.o(.text) referenced from startup_n32g43x.o(RESET)
 <LI><a href="#[2]">Reset_Handler</a> from startup_n32g43x.o(.text) referenced from startup_n32g43x.o(RESET)
 <LI><a href="#[47]">SAC_IRQHandler</a> from startup_n32g43x.o(.text) referenced from startup_n32g43x.o(RESET)
 <LI><a href="#[2f]">SPI1_IRQHandler</a> from startup_n32g43x.o(.text) referenced from startup_n32g43x.o(RESET)
 <LI><a href="#[30]">SPI2_IRQHandler</a> from startup_n32g43x.o(.text) referenced from startup_n32g43x.o(RESET)
 <LI><a href="#[8]">SVC_Handler</a> from n32g43x_it.o(.text) referenced from startup_n32g43x.o(RESET)
 <LI><a href="#[b]">SysTick_Handler</a> from board.o(.text) referenced from startup_n32g43x.o(RESET)
 <LI><a href="#[4e]">SystemInit</a> from system_n32g43x.o(.text) referenced from startup_n32g43x.o(.text)
 <LI><a href="#[e]">TAMPER_IRQHandler</a> from startup_n32g43x.o(.text) referenced from startup_n32g43x.o(RESET)
 <LI><a href="#[24]">TIM1_BRK_IRQHandler</a> from startup_n32g43x.o(.text) referenced from startup_n32g43x.o(RESET)
 <LI><a href="#[27]">TIM1_CC_IRQHandler</a> from startup_n32g43x.o(.text) referenced from startup_n32g43x.o(RESET)
 <LI><a href="#[26]">TIM1_TRG_COM_IRQHandler</a> from startup_n32g43x.o(.text) referenced from startup_n32g43x.o(RESET)
 <LI><a href="#[25]">TIM1_UP_IRQHandler</a> from startup_n32g43x.o(.text) referenced from startup_n32g43x.o(RESET)
 <LI><a href="#[28]">TIM2_IRQHandler</a> from startup_n32g43x.o(.text) referenced from startup_n32g43x.o(RESET)
 <LI><a href="#[29]">TIM3_IRQHandler</a> from startup_n32g43x.o(.text) referenced from startup_n32g43x.o(RESET)
 <LI><a href="#[2a]">TIM4_IRQHandler</a> from startup_n32g43x.o(.text) referenced from startup_n32g43x.o(RESET)
 <LI><a href="#[3e]">TIM5_IRQHandler</a> from startup_n32g43x.o(.text) referenced from startup_n32g43x.o(RESET)
 <LI><a href="#[3f]">TIM6_IRQHandler</a> from startup_n32g43x.o(.text) referenced from startup_n32g43x.o(RESET)
 <LI><a href="#[40]">TIM7_IRQHandler</a> from startup_n32g43x.o(.text) referenced from startup_n32g43x.o(RESET)
 <LI><a href="#[37]">TIM8_BRK_IRQHandler</a> from startup_n32g43x.o(.text) referenced from startup_n32g43x.o(RESET)
 <LI><a href="#[3a]">TIM8_CC_IRQHandler</a> from startup_n32g43x.o(.text) referenced from startup_n32g43x.o(RESET)
 <LI><a href="#[39]">TIM8_TRG_COM_IRQHandler</a> from startup_n32g43x.o(.text) referenced from startup_n32g43x.o(RESET)
 <LI><a href="#[38]">TIM8_UP_IRQHandler</a> from startup_n32g43x.o(.text) referenced from startup_n32g43x.o(RESET)
 <LI><a href="#[4b]">TIM9_IRQHandler</a> from startup_n32g43x.o(.text) referenced from startup_n32g43x.o(RESET)
 <LI><a href="#[49]">TSC_IRQHandler</a> from startup_n32g43x.o(.text) referenced from startup_n32g43x.o(RESET)
 <LI><a href="#[3b]">UART4_IRQHandler</a> from startup_n32g43x.o(.text) referenced from startup_n32g43x.o(RESET)
 <LI><a href="#[3c]">UART5_IRQHandler</a> from startup_n32g43x.o(.text) referenced from startup_n32g43x.o(RESET)
 <LI><a href="#[4c]">UCDR_IRQHandler</a> from startup_n32g43x.o(.text) referenced from startup_n32g43x.o(RESET)
 <LI><a href="#[31]">USART1_IRQHandler</a> from drv_usart.o(.text) referenced from startup_n32g43x.o(RESET)
 <LI><a href="#[32]">USART2_IRQHandler</a> from startup_n32g43x.o(.text) referenced from startup_n32g43x.o(RESET)
 <LI><a href="#[33]">USART3_IRQHandler</a> from startup_n32g43x.o(.text) referenced from startup_n32g43x.o(RESET)
 <LI><a href="#[36]">USBWakeUp_IRQHandler</a> from n32g43x_it.o(.text) referenced from startup_n32g43x.o(RESET)
 <LI><a href="#[20]">USB_HP_IRQHandler</a> from startup_n32g43x.o(.text) referenced from startup_n32g43x.o(RESET)
 <LI><a href="#[21]">USB_LP_IRQHandler</a> from usb_dc_fsdev.o(.text) referenced from startup_n32g43x.o(RESET)
 <LI><a href="#[7]">UsageFault_Handler</a> from n32g43x_it.o(.text) referenced from startup_n32g43x.o(RESET)
 <LI><a href="#[c]">WWDG_IRQHandler</a> from startup_n32g43x.o(.text) referenced from startup_n32g43x.o(RESET)
 <LI><a href="#[4f]">__main</a> from entry.o(.ARM.Collect$$$$00000000) referenced from startup_n32g43x.o(.text)
 <LI><a href="#[54]">_pin_control</a> from pin.o(.text) referenced from pin.o(.text)
 <LI><a href="#[52]">_pin_read</a> from pin.o(.text) referenced from pin.o(.text)
 <LI><a href="#[53]">_pin_write</a> from pin.o(.text) referenced from pin.o(.text)
 <LI><a href="#[60]">dap_handle_connect</a> from dap_main.o(.text) referenced from dap_main.o(.constdata)
 <LI><a href="#[63]">dap_handle_delay</a> from dap_main.o(.text) referenced from dap_main.o(.constdata)
 <LI><a href="#[61]">dap_handle_disconnect</a> from dap_main.o(.text) referenced from dap_main.o(.constdata)
 <LI><a href="#[5f]">dap_handle_hoststatus</a> from dap_main.o(.text) referenced from dap_main.o(.constdata)
 <LI><a href="#[5e]">dap_handle_info</a> from dap_main.o(.text) referenced from dap_main.o(.constdata)
 <LI><a href="#[67]">dap_handle_jtag_sequence_14</a> from dap_main.o(.text) referenced from dap_main.o(.constdata)
 <LI><a href="#[64]">dap_handle_reset_target</a> from dap_main.o(.text) referenced from dap_main.o(.constdata)
 <LI><a href="#[65]">dap_handle_swj_clk</a> from dap_main.o(.text) referenced from dap_main.o(.constdata)
 <LI><a href="#[66]">dap_handle_swj_sequence</a> from dap_main.o(.text) referenced from dap_main.o(.constdata)
 <LI><a href="#[69]">dap_handle_transfer</a> from dap_main.o(.text) referenced from dap_main.o(.constdata)
 <LI><a href="#[6a]">dap_handle_transfer_block</a> from dap_main.o(.text) referenced from dap_main.o(.constdata)
 <LI><a href="#[68]">dap_handle_transfer_configure</a> from dap_main.o(.text) referenced from dap_main.o(.constdata)
 <LI><a href="#[62]">dap_handle_write_abort</a> from dap_main.o(.text) referenced from dap_main.o(.constdata)
 <LI><a href="#[5b]">hid_class_request_handler</a> from usbd_hid.o(.text) referenced from usbd_hid.o(.text)
 <LI><a href="#[5c]">hid_custom_request_handler</a> from usbd_hid.o(.text) referenced from usbd_hid.o(.text)
 <LI><a href="#[5d]">hid_notify_handler</a> from usbd_hid.o(.text) referenced from usbd_hid.o(.text)
 <LI><a href="#[51]">log_thread_entry</a> from main.o(.text) referenced from main.o(.text)
 <LI><a href="#[4d]">main</a> from components.o(.text) referenced from entry9a.o(.ARM.Collect$$$$0000000B)
 <LI><a href="#[118]">main_thread_entry</a> from components.o(.text) referenced from components.o(.text)
 <LI><a href="#[71]">n32g43x_configure</a> from drv_usart.o(.text) referenced from drv_usart.o(.constdata)
 <LI><a href="#[72]">n32g43x_control</a> from drv_usart.o(.text) referenced from drv_usart.o(.constdata)
 <LI><a href="#[74]">n32g43x_getc</a> from drv_usart.o(.text) referenced from drv_usart.o(.constdata)
 <LI><a href="#[73]">n32g43x_putc</a> from drv_usart.o(.text) referenced from drv_usart.o(.constdata)
 <LI><a href="#[77]">rt_hw_pin_init</a> from drv_gpio.o(.text) referenced from drv_gpio.o(.rti_fn.1)
 <LI><a href="#[78]">rt_hw_usart_init</a> from drv_usart.o(.text) referenced from drv_usart.o(.rti_fn.1)
 <LI><a href="#[57]">rt_serial_close</a> from serial.o(.text) referenced from serial.o(.text)
 <LI><a href="#[5a]">rt_serial_control</a> from serial.o(.text) referenced from serial.o(.text)
 <LI><a href="#[55]">rt_serial_init</a> from serial.o(.text) referenced from serial.o(.text)
 <LI><a href="#[56]">rt_serial_open</a> from serial.o(.text) referenced from serial.o(.text)
 <LI><a href="#[58]">rt_serial_read</a> from serial.o(.text) referenced from serial.o(.text)
 <LI><a href="#[59]">rt_serial_write</a> from serial.o(.text) referenced from serial.o(.text)
 <LI><a href="#[f9]">rt_thread_exit</a> from thread.o(.text) referenced from thread.o(.text)
 <LI><a href="#[50]">rt_thread_idle_entry</a> from idle.o(.text) referenced from idle.o(.text)
 <LI><a href="#[fc]">rt_thread_timeout</a> from thread.o(.text) referenced from thread.o(.text)
 <LI><a href="#[79]">rti_board_end</a> from components.o(.text) referenced from components.o(.rti_fn.1.end)
 <LI><a href="#[76]">rti_board_start</a> from components.o(.text) referenced from components.o(.rti_fn.0.end)
 <LI><a href="#[7a]">rti_end</a> from components.o(.text) referenced from components.o(.rti_fn.6.end)
 <LI><a href="#[75]">rti_start</a> from components.o(.text) referenced from components.o(.rti_fn.0)
 <LI><a href="#[1]">usbd_hid_in_handler</a> from main.o(.text) referenced 2 times from main.o(.data)
 <LI><a href="#[0]">usbd_hid_out_handler</a> from main.o(.text) referenced 2 times from main.o(.data)
</UL>
<P>
<H3>
Global Symbols
</H3>
<P><STRONG><a name="[4f]"></a>__main</STRONG> (Thumb, 0 bytes, Stack size unknown bytes, entry.o(.ARM.Collect$$$$00000000))
<BR>[Address Reference Count : 1]<UL><LI> startup_n32g43x.o(.text)
</UL>
<P><STRONG><a name="[19b]"></a>_main_stk</STRONG> (Thumb, 0 bytes, Stack size unknown bytes, entry2.o(.ARM.Collect$$$$00000001))

<P><STRONG><a name="[7b]"></a>_main_scatterload</STRONG> (Thumb, 0 bytes, Stack size unknown bytes, entry5.o(.ARM.Collect$$$$00000004))
<BR><BR>[Calls]<UL><LI><a href="#[7c]">&gt;&gt;</a>&nbsp;&nbsp;&nbsp;__scatterload
</UL>

<P><STRONG><a name="[19a]"></a>__main_after_scatterload</STRONG> (Thumb, 0 bytes, Stack size unknown bytes, entry5.o(.ARM.Collect$$$$00000004))
<BR><BR>[Called By]<UL><LI><a href="#[7c]">&gt;&gt;</a>&nbsp;&nbsp;&nbsp;__scatterload
</UL>

<P><STRONG><a name="[19c]"></a>_main_clock</STRONG> (Thumb, 0 bytes, Stack size unknown bytes, entry7b.o(.ARM.Collect$$$$00000008))

<P><STRONG><a name="[19d]"></a>_main_cpp_init</STRONG> (Thumb, 0 bytes, Stack size unknown bytes, entry8b.o(.ARM.Collect$$$$0000000A))

<P><STRONG><a name="[19e]"></a>_main_init</STRONG> (Thumb, 0 bytes, Stack size unknown bytes, entry9a.o(.ARM.Collect$$$$0000000B))

<P><STRONG><a name="[19f]"></a>__rt_final_cpp</STRONG> (Thumb, 0 bytes, Stack size unknown bytes, entry10a.o(.ARM.Collect$$$$0000000D))

<P><STRONG><a name="[1a0]"></a>__rt_final_exit</STRONG> (Thumb, 0 bytes, Stack size unknown bytes, entry11a.o(.ARM.Collect$$$$0000000F))

<P><STRONG><a name="[2]"></a>Reset_Handler</STRONG> (Thumb, 8 bytes, Stack size 0 bytes, startup_n32g43x.o(.text))
<BR>[Address Reference Count : 1]<UL><LI> startup_n32g43x.o(RESET)
</UL>
<P><STRONG><a name="[1f]"></a>ADC_IRQHandler</STRONG> (Thumb, 0 bytes, Stack size 0 bytes, startup_n32g43x.o(.text))
<BR><BR>[Calls]<UL><LI><a href="#[1f]">&gt;&gt;</a>&nbsp;&nbsp;&nbsp;ADC_IRQHandler
</UL>
<BR>[Called By]<UL><LI><a href="#[1f]">&gt;&gt;</a>&nbsp;&nbsp;&nbsp;ADC_IRQHandler
</UL>
<BR>[Address Reference Count : 1]<UL><LI> startup_n32g43x.o(RESET)
</UL>
<P><STRONG><a name="[42]"></a>CAN_RX0_IRQHandler</STRONG> (Thumb, 0 bytes, Stack size 0 bytes, startup_n32g43x.o(.text))
<BR>[Address Reference Count : 1]<UL><LI> startup_n32g43x.o(RESET)
</UL>
<P><STRONG><a name="[43]"></a>CAN_RX1_IRQHandler</STRONG> (Thumb, 0 bytes, Stack size 0 bytes, startup_n32g43x.o(.text))
<BR>[Address Reference Count : 1]<UL><LI> startup_n32g43x.o(RESET)
</UL>
<P><STRONG><a name="[44]"></a>CAN_SCE_IRQHandler</STRONG> (Thumb, 0 bytes, Stack size 0 bytes, startup_n32g43x.o(.text))
<BR>[Address Reference Count : 1]<UL><LI> startup_n32g43x.o(RESET)
</UL>
<P><STRONG><a name="[41]"></a>CAN_TX_IRQHandler</STRONG> (Thumb, 0 bytes, Stack size 0 bytes, startup_n32g43x.o(.text))
<BR>[Address Reference Count : 1]<UL><LI> startup_n32g43x.o(RESET)
</UL>
<P><STRONG><a name="[22]"></a>COMP_1_2_IRQHandler</STRONG> (Thumb, 0 bytes, Stack size 0 bytes, startup_n32g43x.o(.text))
<BR>[Address Reference Count : 1]<UL><LI> startup_n32g43x.o(RESET)
</UL>
<P><STRONG><a name="[17]"></a>DMA_Channel1_IRQHandler</STRONG> (Thumb, 0 bytes, Stack size 0 bytes, startup_n32g43x.o(.text))
<BR>[Address Reference Count : 1]<UL><LI> startup_n32g43x.o(RESET)
</UL>
<P><STRONG><a name="[18]"></a>DMA_Channel2_IRQHandler</STRONG> (Thumb, 0 bytes, Stack size 0 bytes, startup_n32g43x.o(.text))
<BR>[Address Reference Count : 1]<UL><LI> startup_n32g43x.o(RESET)
</UL>
<P><STRONG><a name="[19]"></a>DMA_Channel3_IRQHandler</STRONG> (Thumb, 0 bytes, Stack size 0 bytes, startup_n32g43x.o(.text))
<BR>[Address Reference Count : 1]<UL><LI> startup_n32g43x.o(RESET)
</UL>
<P><STRONG><a name="[1a]"></a>DMA_Channel4_IRQHandler</STRONG> (Thumb, 0 bytes, Stack size 0 bytes, startup_n32g43x.o(.text))
<BR>[Address Reference Count : 1]<UL><LI> startup_n32g43x.o(RESET)
</UL>
<P><STRONG><a name="[1b]"></a>DMA_Channel5_IRQHandler</STRONG> (Thumb, 0 bytes, Stack size 0 bytes, startup_n32g43x.o(.text))
<BR>[Address Reference Count : 1]<UL><LI> startup_n32g43x.o(RESET)
</UL>
<P><STRONG><a name="[1c]"></a>DMA_Channel6_IRQHandler</STRONG> (Thumb, 0 bytes, Stack size 0 bytes, startup_n32g43x.o(.text))
<BR>[Address Reference Count : 1]<UL><LI> startup_n32g43x.o(RESET)
</UL>
<P><STRONG><a name="[1d]"></a>DMA_Channel7_IRQHandler</STRONG> (Thumb, 0 bytes, Stack size 0 bytes, startup_n32g43x.o(.text))
<BR>[Address Reference Count : 1]<UL><LI> startup_n32g43x.o(RESET)
</UL>
<P><STRONG><a name="[1e]"></a>DMA_Channel8_IRQHandler</STRONG> (Thumb, 0 bytes, Stack size 0 bytes, startup_n32g43x.o(.text))
<BR>[Address Reference Count : 1]<UL><LI> startup_n32g43x.o(RESET)
</UL>
<P><STRONG><a name="[10]"></a>FLASH_IRQHandler</STRONG> (Thumb, 0 bytes, Stack size 0 bytes, startup_n32g43x.o(.text))
<BR>[Address Reference Count : 1]<UL><LI> startup_n32g43x.o(RESET)
</UL>
<P><STRONG><a name="[2c]"></a>I2C1_ER_IRQHandler</STRONG> (Thumb, 0 bytes, Stack size 0 bytes, startup_n32g43x.o(.text))
<BR>[Address Reference Count : 1]<UL><LI> startup_n32g43x.o(RESET)
</UL>
<P><STRONG><a name="[2b]"></a>I2C1_EV_IRQHandler</STRONG> (Thumb, 0 bytes, Stack size 0 bytes, startup_n32g43x.o(.text))
<BR>[Address Reference Count : 1]<UL><LI> startup_n32g43x.o(RESET)
</UL>
<P><STRONG><a name="[2e]"></a>I2C2_ER_IRQHandler</STRONG> (Thumb, 0 bytes, Stack size 0 bytes, startup_n32g43x.o(.text))
<BR>[Address Reference Count : 1]<UL><LI> startup_n32g43x.o(RESET)
</UL>
<P><STRONG><a name="[2d]"></a>I2C2_EV_IRQHandler</STRONG> (Thumb, 0 bytes, Stack size 0 bytes, startup_n32g43x.o(.text))
<BR>[Address Reference Count : 1]<UL><LI> startup_n32g43x.o(RESET)
</UL>
<P><STRONG><a name="[46]"></a>LPTIM_WKUP_IRQHandler</STRONG> (Thumb, 0 bytes, Stack size 0 bytes, startup_n32g43x.o(.text))
<BR>[Address Reference Count : 1]<UL><LI> startup_n32g43x.o(RESET)
</UL>
<P><STRONG><a name="[3d]"></a>LPUART_IRQHandler</STRONG> (Thumb, 0 bytes, Stack size 0 bytes, startup_n32g43x.o(.text))
<BR>[Address Reference Count : 1]<UL><LI> startup_n32g43x.o(RESET)
</UL>
<P><STRONG><a name="[45]"></a>LPUART_WKUP_IRQHandler</STRONG> (Thumb, 0 bytes, Stack size 0 bytes, startup_n32g43x.o(.text))
<BR>[Address Reference Count : 1]<UL><LI> startup_n32g43x.o(RESET)
</UL>
<P><STRONG><a name="[48]"></a>MMU_IRQHandler</STRONG> (Thumb, 0 bytes, Stack size 0 bytes, startup_n32g43x.o(.text))
<BR>[Address Reference Count : 1]<UL><LI> startup_n32g43x.o(RESET)
</UL>
<P><STRONG><a name="[d]"></a>PVD_IRQHandler</STRONG> (Thumb, 0 bytes, Stack size 0 bytes, startup_n32g43x.o(.text))
<BR>[Address Reference Count : 1]<UL><LI> startup_n32g43x.o(RESET)
</UL>
<P><STRONG><a name="[4a]"></a>RAMC_PERR_IRQHandler</STRONG> (Thumb, 0 bytes, Stack size 0 bytes, startup_n32g43x.o(.text))
<BR>[Address Reference Count : 1]<UL><LI> startup_n32g43x.o(RESET)
</UL>
<P><STRONG><a name="[11]"></a>RCC_IRQHandler</STRONG> (Thumb, 0 bytes, Stack size 0 bytes, startup_n32g43x.o(.text))
<BR>[Address Reference Count : 1]<UL><LI> startup_n32g43x.o(RESET)
</UL>
<P><STRONG><a name="[35]"></a>RTCAlarm_IRQHandler</STRONG> (Thumb, 0 bytes, Stack size 0 bytes, startup_n32g43x.o(.text))
<BR>[Address Reference Count : 1]<UL><LI> startup_n32g43x.o(RESET)
</UL>
<P><STRONG><a name="[f]"></a>RTC_WKUP_IRQHandler</STRONG> (Thumb, 0 bytes, Stack size 0 bytes, startup_n32g43x.o(.text))
<BR>[Address Reference Count : 1]<UL><LI> startup_n32g43x.o(RESET)
</UL>
<P><STRONG><a name="[47]"></a>SAC_IRQHandler</STRONG> (Thumb, 0 bytes, Stack size 0 bytes, startup_n32g43x.o(.text))
<BR>[Address Reference Count : 1]<UL><LI> startup_n32g43x.o(RESET)
</UL>
<P><STRONG><a name="[2f]"></a>SPI1_IRQHandler</STRONG> (Thumb, 0 bytes, Stack size 0 bytes, startup_n32g43x.o(.text))
<BR>[Address Reference Count : 1]<UL><LI> startup_n32g43x.o(RESET)
</UL>
<P><STRONG><a name="[30]"></a>SPI2_IRQHandler</STRONG> (Thumb, 0 bytes, Stack size 0 bytes, startup_n32g43x.o(.text))
<BR>[Address Reference Count : 1]<UL><LI> startup_n32g43x.o(RESET)
</UL>
<P><STRONG><a name="[e]"></a>TAMPER_IRQHandler</STRONG> (Thumb, 0 bytes, Stack size 0 bytes, startup_n32g43x.o(.text))
<BR>[Address Reference Count : 1]<UL><LI> startup_n32g43x.o(RESET)
</UL>
<P><STRONG><a name="[24]"></a>TIM1_BRK_IRQHandler</STRONG> (Thumb, 0 bytes, Stack size 0 bytes, startup_n32g43x.o(.text))
<BR>[Address Reference Count : 1]<UL><LI> startup_n32g43x.o(RESET)
</UL>
<P><STRONG><a name="[27]"></a>TIM1_CC_IRQHandler</STRONG> (Thumb, 0 bytes, Stack size 0 bytes, startup_n32g43x.o(.text))
<BR>[Address Reference Count : 1]<UL><LI> startup_n32g43x.o(RESET)
</UL>
<P><STRONG><a name="[26]"></a>TIM1_TRG_COM_IRQHandler</STRONG> (Thumb, 0 bytes, Stack size 0 bytes, startup_n32g43x.o(.text))
<BR>[Address Reference Count : 1]<UL><LI> startup_n32g43x.o(RESET)
</UL>
<P><STRONG><a name="[25]"></a>TIM1_UP_IRQHandler</STRONG> (Thumb, 0 bytes, Stack size 0 bytes, startup_n32g43x.o(.text))
<BR>[Address Reference Count : 1]<UL><LI> startup_n32g43x.o(RESET)
</UL>
<P><STRONG><a name="[28]"></a>TIM2_IRQHandler</STRONG> (Thumb, 0 bytes, Stack size 0 bytes, startup_n32g43x.o(.text))
<BR>[Address Reference Count : 1]<UL><LI> startup_n32g43x.o(RESET)
</UL>
<P><STRONG><a name="[29]"></a>TIM3_IRQHandler</STRONG> (Thumb, 0 bytes, Stack size 0 bytes, startup_n32g43x.o(.text))
<BR>[Address Reference Count : 1]<UL><LI> startup_n32g43x.o(RESET)
</UL>
<P><STRONG><a name="[2a]"></a>TIM4_IRQHandler</STRONG> (Thumb, 0 bytes, Stack size 0 bytes, startup_n32g43x.o(.text))
<BR>[Address Reference Count : 1]<UL><LI> startup_n32g43x.o(RESET)
</UL>
<P><STRONG><a name="[3e]"></a>TIM5_IRQHandler</STRONG> (Thumb, 0 bytes, Stack size 0 bytes, startup_n32g43x.o(.text))
<BR>[Address Reference Count : 1]<UL><LI> startup_n32g43x.o(RESET)
</UL>
<P><STRONG><a name="[3f]"></a>TIM6_IRQHandler</STRONG> (Thumb, 0 bytes, Stack size 0 bytes, startup_n32g43x.o(.text))
<BR>[Address Reference Count : 1]<UL><LI> startup_n32g43x.o(RESET)
</UL>
<P><STRONG><a name="[40]"></a>TIM7_IRQHandler</STRONG> (Thumb, 0 bytes, Stack size 0 bytes, startup_n32g43x.o(.text))
<BR>[Address Reference Count : 1]<UL><LI> startup_n32g43x.o(RESET)
</UL>
<P><STRONG><a name="[37]"></a>TIM8_BRK_IRQHandler</STRONG> (Thumb, 0 bytes, Stack size 0 bytes, startup_n32g43x.o(.text))
<BR>[Address Reference Count : 1]<UL><LI> startup_n32g43x.o(RESET)
</UL>
<P><STRONG><a name="[3a]"></a>TIM8_CC_IRQHandler</STRONG> (Thumb, 0 bytes, Stack size 0 bytes, startup_n32g43x.o(.text))
<BR>[Address Reference Count : 1]<UL><LI> startup_n32g43x.o(RESET)
</UL>
<P><STRONG><a name="[39]"></a>TIM8_TRG_COM_IRQHandler</STRONG> (Thumb, 0 bytes, Stack size 0 bytes, startup_n32g43x.o(.text))
<BR>[Address Reference Count : 1]<UL><LI> startup_n32g43x.o(RESET)
</UL>
<P><STRONG><a name="[38]"></a>TIM8_UP_IRQHandler</STRONG> (Thumb, 0 bytes, Stack size 0 bytes, startup_n32g43x.o(.text))
<BR>[Address Reference Count : 1]<UL><LI> startup_n32g43x.o(RESET)
</UL>
<P><STRONG><a name="[4b]"></a>TIM9_IRQHandler</STRONG> (Thumb, 0 bytes, Stack size 0 bytes, startup_n32g43x.o(.text))
<BR>[Address Reference Count : 1]<UL><LI> startup_n32g43x.o(RESET)
</UL>
<P><STRONG><a name="[49]"></a>TSC_IRQHandler</STRONG> (Thumb, 0 bytes, Stack size 0 bytes, startup_n32g43x.o(.text))
<BR>[Address Reference Count : 1]<UL><LI> startup_n32g43x.o(RESET)
</UL>
<P><STRONG><a name="[3b]"></a>UART4_IRQHandler</STRONG> (Thumb, 0 bytes, Stack size 0 bytes, startup_n32g43x.o(.text))
<BR>[Address Reference Count : 1]<UL><LI> startup_n32g43x.o(RESET)
</UL>
<P><STRONG><a name="[3c]"></a>UART5_IRQHandler</STRONG> (Thumb, 0 bytes, Stack size 0 bytes, startup_n32g43x.o(.text))
<BR>[Address Reference Count : 1]<UL><LI> startup_n32g43x.o(RESET)
</UL>
<P><STRONG><a name="[4c]"></a>UCDR_IRQHandler</STRONG> (Thumb, 0 bytes, Stack size 0 bytes, startup_n32g43x.o(.text))
<BR>[Address Reference Count : 1]<UL><LI> startup_n32g43x.o(RESET)
</UL>
<P><STRONG><a name="[32]"></a>USART2_IRQHandler</STRONG> (Thumb, 0 bytes, Stack size 0 bytes, startup_n32g43x.o(.text))
<BR>[Address Reference Count : 1]<UL><LI> startup_n32g43x.o(RESET)
</UL>
<P><STRONG><a name="[33]"></a>USART3_IRQHandler</STRONG> (Thumb, 0 bytes, Stack size 0 bytes, startup_n32g43x.o(.text))
<BR>[Address Reference Count : 1]<UL><LI> startup_n32g43x.o(RESET)
</UL>
<P><STRONG><a name="[20]"></a>USB_HP_IRQHandler</STRONG> (Thumb, 0 bytes, Stack size 0 bytes, startup_n32g43x.o(.text))
<BR>[Address Reference Count : 1]<UL><LI> startup_n32g43x.o(RESET)
</UL>
<P><STRONG><a name="[c]"></a>WWDG_IRQHandler</STRONG> (Thumb, 0 bytes, Stack size 0 bytes, startup_n32g43x.o(.text))
<BR>[Address Reference Count : 1]<UL><LI> startup_n32g43x.o(RESET)
</UL>
<P><STRONG><a name="[4e]"></a>SystemInit</STRONG> (Thumb, 170 bytes, Stack size 8 bytes, system_n32g43x.o(.text))
<BR><BR>[Stack]<UL><LI>Max Depth = 20<LI>Call Chain = SystemInit &rArr; SetSysClock
</UL>
<BR>[Calls]<UL><LI><a href="#[7d]">&gt;&gt;</a>&nbsp;&nbsp;&nbsp;SetSysClock
</UL>
<BR>[Address Reference Count : 1]<UL><LI> startup_n32g43x.o(.text)
</UL>
<P><STRONG><a name="[1a1]"></a>SystemCoreClockUpdate</STRONG> (Thumb, 236 bytes, Stack size 16 bytes, system_n32g43x.o(.text), UNUSED)

<P><STRONG><a name="[125]"></a>NVIC_PriorityGroupConfig</STRONG> (Thumb, 10 bytes, Stack size 0 bytes, misc.o(.text))
<BR><BR>[Called By]<UL><LI><a href="#[72]">&gt;&gt;</a>&nbsp;&nbsp;&nbsp;n32g43x_control
<LI><a href="#[124]">&gt;&gt;</a>&nbsp;&nbsp;&nbsp;USB_Interrupts_Config
</UL>

<P><STRONG><a name="[126]"></a>NVIC_Init</STRONG> (Thumb, 100 bytes, Stack size 16 bytes, misc.o(.text))
<BR><BR>[Stack]<UL><LI>Max Depth = 16<LI>Call Chain = NVIC_Init
</UL>
<BR>[Called By]<UL><LI><a href="#[72]">&gt;&gt;</a>&nbsp;&nbsp;&nbsp;n32g43x_control
<LI><a href="#[124]">&gt;&gt;</a>&nbsp;&nbsp;&nbsp;USB_Interrupts_Config
</UL>

<P><STRONG><a name="[137]"></a>NVIC_SetVectorTable</STRONG> (Thumb, 14 bytes, Stack size 0 bytes, misc.o(.text))
<BR><BR>[Called By]<UL><LI><a href="#[136]">&gt;&gt;</a>&nbsp;&nbsp;&nbsp;NVIC_Configuration
</UL>

<P><STRONG><a name="[1a2]"></a>NVIC_SystemLPConfig</STRONG> (Thumb, 34 bytes, Stack size 0 bytes, misc.o(.text), UNUSED)

<P><STRONG><a name="[1a3]"></a>SysTick_CLKSourceConfig</STRONG> (Thumb, 40 bytes, Stack size 0 bytes, misc.o(.text), UNUSED)

<P><STRONG><a name="[7e]"></a>GPIO_DeInit</STRONG> (Thumb, 342 bytes, Stack size 24 bytes, n32g43x_gpio.o(.text), UNUSED)
<BR><BR>[Calls]<UL><LI><a href="#[7f]">&gt;&gt;</a>&nbsp;&nbsp;&nbsp;RCC_EnableAPB2PeriphReset
</UL>

<P><STRONG><a name="[80]"></a>GPIO_AFIOInitDefault</STRONG> (Thumb, 20 bytes, Stack size 8 bytes, n32g43x_gpio.o(.text), UNUSED)
<BR><BR>[Calls]<UL><LI><a href="#[7f]">&gt;&gt;</a>&nbsp;&nbsp;&nbsp;RCC_EnableAPB2PeriphReset
</UL>

<P><STRONG><a name="[144]"></a>GPIO_InitPeripheral</STRONG> (Thumb, 484 bytes, Stack size 20 bytes, n32g43x_gpio.o(.text))
<BR><BR>[Stack]<UL><LI>Max Depth = 20<LI>Call Chain = GPIO_InitPeripheral
</UL>
<BR>[Called By]<UL><LI><a href="#[168]">&gt;&gt;</a>&nbsp;&nbsp;&nbsp;n32g43x_uart_gpio_init
<LI><a href="#[164]">&gt;&gt;</a>&nbsp;&nbsp;&nbsp;GPIOInit
<LI><a href="#[6b]">&gt;&gt;</a>&nbsp;&nbsp;&nbsp;N32G43X_pin_mode
<LI><a href="#[145]">&gt;&gt;</a>&nbsp;&nbsp;&nbsp;jtag_gpio_deinit
<LI><a href="#[13a]">&gt;&gt;</a>&nbsp;&nbsp;&nbsp;jtag_gpio_init
</UL>

<P><STRONG><a name="[143]"></a>GPIO_InitStruct</STRONG> (Thumb, 24 bytes, Stack size 0 bytes, n32g43x_gpio.o(.text))
<BR><BR>[Called By]<UL><LI><a href="#[168]">&gt;&gt;</a>&nbsp;&nbsp;&nbsp;n32g43x_uart_gpio_init
<LI><a href="#[164]">&gt;&gt;</a>&nbsp;&nbsp;&nbsp;GPIOInit
<LI><a href="#[6b]">&gt;&gt;</a>&nbsp;&nbsp;&nbsp;N32G43X_pin_mode
<LI><a href="#[145]">&gt;&gt;</a>&nbsp;&nbsp;&nbsp;jtag_gpio_deinit
<LI><a href="#[13a]">&gt;&gt;</a>&nbsp;&nbsp;&nbsp;jtag_gpio_init
</UL>

<P><STRONG><a name="[15e]"></a>GPIO_ReadInputDataBit</STRONG> (Thumb, 18 bytes, Stack size 0 bytes, n32g43x_gpio.o(.text))
<BR><BR>[Called By]<UL><LI><a href="#[6d]">&gt;&gt;</a>&nbsp;&nbsp;&nbsp;N32G43X_pin_read
</UL>

<P><STRONG><a name="[1a4]"></a>GPIO_ReadInputData</STRONG> (Thumb, 8 bytes, Stack size 0 bytes, n32g43x_gpio.o(.text), UNUSED)

<P><STRONG><a name="[1a5]"></a>GPIO_ReadOutputDataBit</STRONG> (Thumb, 18 bytes, Stack size 0 bytes, n32g43x_gpio.o(.text), UNUSED)

<P><STRONG><a name="[1a6]"></a>GPIO_ReadOutputData</STRONG> (Thumb, 8 bytes, Stack size 0 bytes, n32g43x_gpio.o(.text), UNUSED)

<P><STRONG><a name="[1a7]"></a>GPIO_SetBits</STRONG> (Thumb, 4 bytes, Stack size 0 bytes, n32g43x_gpio.o(.text), UNUSED)

<P><STRONG><a name="[1a8]"></a>GPIO_SetBitsHigh16</STRONG> (Thumb, 4 bytes, Stack size 0 bytes, n32g43x_gpio.o(.text), UNUSED)

<P><STRONG><a name="[1a9]"></a>GPIO_ResetBits</STRONG> (Thumb, 4 bytes, Stack size 0 bytes, n32g43x_gpio.o(.text), UNUSED)

<P><STRONG><a name="[15d]"></a>GPIO_WriteBit</STRONG> (Thumb, 10 bytes, Stack size 0 bytes, n32g43x_gpio.o(.text))
<BR><BR>[Called By]<UL><LI><a href="#[6c]">&gt;&gt;</a>&nbsp;&nbsp;&nbsp;N32G43X_pin_write
</UL>

<P><STRONG><a name="[1aa]"></a>GPIO_Write</STRONG> (Thumb, 4 bytes, Stack size 0 bytes, n32g43x_gpio.o(.text), UNUSED)

<P><STRONG><a name="[1ab]"></a>GPIO_ConfigPinLock</STRONG> (Thumb, 18 bytes, Stack size 0 bytes, n32g43x_gpio.o(.text), UNUSED)

<P><STRONG><a name="[1ac]"></a>GPIO_ConfigPinRemap</STRONG> (Thumb, 120 bytes, Stack size 20 bytes, n32g43x_gpio.o(.text), UNUSED)

<P><STRONG><a name="[1ad]"></a>GPIO_ConfigEventOutput</STRONG> (Thumb, 84 bytes, Stack size 16 bytes, n32g43x_gpio.o(.text), UNUSED)

<P><STRONG><a name="[1ae]"></a>GPIO_CtrlEventOutput</STRONG> (Thumb, 6 bytes, Stack size 0 bytes, n32g43x_gpio.o(.text), UNUSED)

<P><STRONG><a name="[160]"></a>GPIO_ConfigEXTILine</STRONG> (Thumb, 58 bytes, Stack size 12 bytes, n32g43x_gpio.o(.text))
<BR><BR>[Stack]<UL><LI>Max Depth = 12<LI>Call Chain = GPIO_ConfigEXTILine
</UL>
<BR>[Called By]<UL><LI><a href="#[70]">&gt;&gt;</a>&nbsp;&nbsp;&nbsp;N32G43X_pin_irq_enable
</UL>

<P><STRONG><a name="[1af]"></a>AFIO_ConfigSPINSSMode</STRONG> (Thumb, 30 bytes, Stack size 0 bytes, n32g43x_gpio.o(.text), UNUSED)

<P><STRONG><a name="[1b0]"></a>AFIO_ConfigADCExternalTrigRemap</STRONG> (Thumb, 82 bytes, Stack size 0 bytes, n32g43x_gpio.o(.text), UNUSED)

<P><STRONG><a name="[1b1]"></a>RCC_DeInit</STRONG> (Thumb, 80 bytes, Stack size 0 bytes, n32g43x_rcc.o(.text), UNUSED)

<P><STRONG><a name="[1b2]"></a>RCC_ConfigHse</STRONG> (Thumb, 70 bytes, Stack size 0 bytes, n32g43x_rcc.o(.text), UNUSED)

<P><STRONG><a name="[82]"></a>RCC_GetFlagStatus</STRONG> (Thumb, 56 bytes, Stack size 8 bytes, n32g43x_rcc.o(.text), UNUSED)
<BR><BR>[Called By]<UL><LI><a href="#[84]">&gt;&gt;</a>&nbsp;&nbsp;&nbsp;RCC_WaitMsiStable
<LI><a href="#[83]">&gt;&gt;</a>&nbsp;&nbsp;&nbsp;RCC_WaitHsiStable
<LI><a href="#[81]">&gt;&gt;</a>&nbsp;&nbsp;&nbsp;RCC_WaitHseStable
</UL>

<P><STRONG><a name="[81]"></a>RCC_WaitHseStable</STRONG> (Thumb, 56 bytes, Stack size 16 bytes, n32g43x_rcc.o(.text), UNUSED)
<BR><BR>[Calls]<UL><LI><a href="#[82]">&gt;&gt;</a>&nbsp;&nbsp;&nbsp;RCC_GetFlagStatus
</UL>

<P><STRONG><a name="[1b3]"></a>RCC_ConfigHsi</STRONG> (Thumb, 34 bytes, Stack size 0 bytes, n32g43x_rcc.o(.text), UNUSED)

<P><STRONG><a name="[83]"></a>RCC_WaitHsiStable</STRONG> (Thumb, 56 bytes, Stack size 16 bytes, n32g43x_rcc.o(.text), UNUSED)
<BR><BR>[Calls]<UL><LI><a href="#[82]">&gt;&gt;</a>&nbsp;&nbsp;&nbsp;RCC_GetFlagStatus
</UL>

<P><STRONG><a name="[1b4]"></a>RCC_SetHsiCalibValue</STRONG> (Thumb, 20 bytes, Stack size 0 bytes, n32g43x_rcc.o(.text), UNUSED)

<P><STRONG><a name="[1b5]"></a>RCC_EnableHsi</STRONG> (Thumb, 6 bytes, Stack size 0 bytes, n32g43x_rcc.o(.text), UNUSED)

<P><STRONG><a name="[1b6]"></a>RCC_ConfigMsi</STRONG> (Thumb, 58 bytes, Stack size 0 bytes, n32g43x_rcc.o(.text), UNUSED)

<P><STRONG><a name="[84]"></a>RCC_WaitMsiStable</STRONG> (Thumb, 56 bytes, Stack size 16 bytes, n32g43x_rcc.o(.text), UNUSED)
<BR><BR>[Calls]<UL><LI><a href="#[82]">&gt;&gt;</a>&nbsp;&nbsp;&nbsp;RCC_GetFlagStatus
</UL>

<P><STRONG><a name="[1b7]"></a>RCC_SetMsiCalibValue</STRONG> (Thumb, 20 bytes, Stack size 0 bytes, n32g43x_rcc.o(.text), UNUSED)

<P><STRONG><a name="[1b8]"></a>RCC_EnableMsi</STRONG> (Thumb, 6 bytes, Stack size 0 bytes, n32g43x_rcc.o(.text), UNUSED)

<P><STRONG><a name="[1b9]"></a>RCC_ConfigPll</STRONG> (Thumb, 56 bytes, Stack size 12 bytes, n32g43x_rcc.o(.text), UNUSED)

<P><STRONG><a name="[1ba]"></a>RCC_EnablePll</STRONG> (Thumb, 6 bytes, Stack size 0 bytes, n32g43x_rcc.o(.text), UNUSED)

<P><STRONG><a name="[1bb]"></a>RCC_ConfigSysclk</STRONG> (Thumb, 18 bytes, Stack size 0 bytes, n32g43x_rcc.o(.text), UNUSED)

<P><STRONG><a name="[1bc]"></a>RCC_GetSysclkSrc</STRONG> (Thumb, 10 bytes, Stack size 0 bytes, n32g43x_rcc.o(.text), UNUSED)

<P><STRONG><a name="[1bd]"></a>RCC_ConfigHclk</STRONG> (Thumb, 18 bytes, Stack size 0 bytes, n32g43x_rcc.o(.text), UNUSED)

<P><STRONG><a name="[1be]"></a>RCC_ConfigPclk1</STRONG> (Thumb, 18 bytes, Stack size 0 bytes, n32g43x_rcc.o(.text), UNUSED)

<P><STRONG><a name="[1bf]"></a>RCC_ConfigPclk2</STRONG> (Thumb, 20 bytes, Stack size 0 bytes, n32g43x_rcc.o(.text), UNUSED)

<P><STRONG><a name="[1c0]"></a>RCC_ConfigInt</STRONG> (Thumb, 30 bytes, Stack size 0 bytes, n32g43x_rcc.o(.text), UNUSED)

<P><STRONG><a name="[12b]"></a>RCC_ConfigUsbClk</STRONG> (Thumb, 16 bytes, Stack size 0 bytes, n32g43x_rcc.o(.text))
<BR><BR>[Called By]<UL><LI><a href="#[12a]">&gt;&gt;</a>&nbsp;&nbsp;&nbsp;Set_USBClock
</UL>

<P><STRONG><a name="[1c1]"></a>RCC_ConfigTim18Clk</STRONG> (Thumb, 18 bytes, Stack size 0 bytes, n32g43x_rcc.o(.text), UNUSED)

<P><STRONG><a name="[1c2]"></a>RCC_ConfigRngcClk</STRONG> (Thumb, 18 bytes, Stack size 0 bytes, n32g43x_rcc.o(.text), UNUSED)

<P><STRONG><a name="[1c3]"></a>RCC_ConfigAdc1mClk</STRONG> (Thumb, 24 bytes, Stack size 0 bytes, n32g43x_rcc.o(.text), UNUSED)

<P><STRONG><a name="[1c4]"></a>RCC_ConfigAdcPllClk</STRONG> (Thumb, 30 bytes, Stack size 0 bytes, n32g43x_rcc.o(.text), UNUSED)

<P><STRONG><a name="[1c5]"></a>RCC_ConfigAdcHclk</STRONG> (Thumb, 18 bytes, Stack size 0 bytes, n32g43x_rcc.o(.text), UNUSED)

<P><STRONG><a name="[1c6]"></a>RCC_ConfigTrng1mClk</STRONG> (Thumb, 24 bytes, Stack size 0 bytes, n32g43x_rcc.o(.text), UNUSED)

<P><STRONG><a name="[1c7]"></a>RCC_EnableTrng1mClk</STRONG> (Thumb, 30 bytes, Stack size 0 bytes, n32g43x_rcc.o(.text), UNUSED)

<P><STRONG><a name="[1c8]"></a>RCC_ConfigUCDRClk</STRONG> (Thumb, 46 bytes, Stack size 8 bytes, n32g43x_rcc.o(.text), UNUSED)

<P><STRONG><a name="[1c9]"></a>RCC_ConfigUSBXTALESSMode</STRONG> (Thumb, 22 bytes, Stack size 0 bytes, n32g43x_rcc.o(.text), UNUSED)

<P><STRONG><a name="[1ca]"></a>RCC_EnableRETPeriphClk</STRONG> (Thumb, 26 bytes, Stack size 0 bytes, n32g43x_rcc.o(.text), UNUSED)

<P><STRONG><a name="[1cb]"></a>RCC_EnableRETPeriphReset</STRONG> (Thumb, 62 bytes, Stack size 0 bytes, n32g43x_rcc.o(.text), UNUSED)

<P><STRONG><a name="[86]"></a>RCC_EnableAPB1PeriphClk</STRONG> (Thumb, 26 bytes, Stack size 0 bytes, n32g43x_rcc.o(.text))
<BR><BR>[Called By]<UL><LI><a href="#[87]">&gt;&gt;</a>&nbsp;&nbsp;&nbsp;RCC_ConfigLse
<LI><a href="#[85]">&gt;&gt;</a>&nbsp;&nbsp;&nbsp;RCC_ConfigLPTIMClk
<LI><a href="#[168]">&gt;&gt;</a>&nbsp;&nbsp;&nbsp;n32g43x_uart_gpio_init
<LI><a href="#[12c]">&gt;&gt;</a>&nbsp;&nbsp;&nbsp;USB_Config
</UL>

<P><STRONG><a name="[85]"></a>RCC_ConfigLPTIMClk</STRONG> (Thumb, 46 bytes, Stack size 8 bytes, n32g43x_rcc.o(.text), UNUSED)
<BR><BR>[Calls]<UL><LI><a href="#[86]">&gt;&gt;</a>&nbsp;&nbsp;&nbsp;RCC_EnableAPB1PeriphClk
</UL>

<P><STRONG><a name="[1cc]"></a>RCC_GetLPTIMClkSrc</STRONG> (Thumb, 10 bytes, Stack size 0 bytes, n32g43x_rcc.o(.text), UNUSED)

<P><STRONG><a name="[1cd]"></a>RCC_ConfigLPUARTClk</STRONG> (Thumb, 22 bytes, Stack size 0 bytes, n32g43x_rcc.o(.text), UNUSED)

<P><STRONG><a name="[1ce]"></a>RCC_GetLPUARTClkSrc</STRONG> (Thumb, 10 bytes, Stack size 0 bytes, n32g43x_rcc.o(.text), UNUSED)

<P><STRONG><a name="[1cf]"></a>RCC_ConfigSRAMParityErrorInt</STRONG> (Thumb, 26 bytes, Stack size 0 bytes, n32g43x_rcc.o(.text), UNUSED)

<P><STRONG><a name="[1d0]"></a>RCC_ConfigSRAMParityErrorRESET</STRONG> (Thumb, 26 bytes, Stack size 0 bytes, n32g43x_rcc.o(.text), UNUSED)

<P><STRONG><a name="[1d1]"></a>RCC_ClrSRAMParityErrorFlag</STRONG> (Thumb, 12 bytes, Stack size 0 bytes, n32g43x_rcc.o(.text), UNUSED)

<P><STRONG><a name="[88]"></a>LSE_XtalConfig</STRONG> (Thumb, 34 bytes, Stack size 0 bytes, n32g43x_rcc.o(.text), UNUSED)
<BR><BR>[Called By]<UL><LI><a href="#[87]">&gt;&gt;</a>&nbsp;&nbsp;&nbsp;RCC_ConfigLse
</UL>

<P><STRONG><a name="[87]"></a>RCC_ConfigLse</STRONG> (Thumb, 102 bytes, Stack size 20 bytes, n32g43x_rcc.o(.text), UNUSED)
<BR><BR>[Calls]<UL><LI><a href="#[88]">&gt;&gt;</a>&nbsp;&nbsp;&nbsp;LSE_XtalConfig
<LI><a href="#[86]">&gt;&gt;</a>&nbsp;&nbsp;&nbsp;RCC_EnableAPB1PeriphClk
</UL>

<P><STRONG><a name="[1d2]"></a>RCC_EnableLsi</STRONG> (Thumb, 6 bytes, Stack size 0 bytes, n32g43x_rcc.o(.text), UNUSED)

<P><STRONG><a name="[1d3]"></a>RCC_ConfigRtcClk</STRONG> (Thumb, 22 bytes, Stack size 0 bytes, n32g43x_rcc.o(.text), UNUSED)

<P><STRONG><a name="[1d4]"></a>RCC_GetRTCClkSrc</STRONG> (Thumb, 10 bytes, Stack size 0 bytes, n32g43x_rcc.o(.text), UNUSED)

<P><STRONG><a name="[1d5]"></a>RCC_EnableRtcClk</STRONG> (Thumb, 8 bytes, Stack size 0 bytes, n32g43x_rcc.o(.text), UNUSED)

<P><STRONG><a name="[1d6]"></a>RCC_ConfigLSXClk</STRONG> (Thumb, 22 bytes, Stack size 0 bytes, n32g43x_rcc.o(.text), UNUSED)

<P><STRONG><a name="[1d7]"></a>RCC_GetLSXClkSrc</STRONG> (Thumb, 10 bytes, Stack size 0 bytes, n32g43x_rcc.o(.text), UNUSED)

<P><STRONG><a name="[8c]"></a>RCC_GetClocksFreqValue</STRONG> (Thumb, 302 bytes, Stack size 20 bytes, n32g43x_rcc.o(.text))
<BR><BR>[Stack]<UL><LI>Max Depth = 20<LI>Call Chain = RCC_GetClocksFreqValue
</UL>
<BR>[Called By]<UL><LI><a href="#[8b]">&gt;&gt;</a>&nbsp;&nbsp;&nbsp;USART_Init
</UL>

<P><STRONG><a name="[1d8]"></a>RCC_EnableAHBPeriphClk</STRONG> (Thumb, 26 bytes, Stack size 0 bytes, n32g43x_rcc.o(.text), UNUSED)

<P><STRONG><a name="[142]"></a>RCC_EnableAPB2PeriphClk</STRONG> (Thumb, 26 bytes, Stack size 0 bytes, n32g43x_rcc.o(.text))
<BR><BR>[Called By]<UL><LI><a href="#[168]">&gt;&gt;</a>&nbsp;&nbsp;&nbsp;n32g43x_uart_gpio_init
<LI><a href="#[164]">&gt;&gt;</a>&nbsp;&nbsp;&nbsp;GPIOInit
<LI><a href="#[77]">&gt;&gt;</a>&nbsp;&nbsp;&nbsp;rt_hw_pin_init
<LI><a href="#[70]">&gt;&gt;</a>&nbsp;&nbsp;&nbsp;N32G43X_pin_irq_enable
<LI><a href="#[13a]">&gt;&gt;</a>&nbsp;&nbsp;&nbsp;jtag_gpio_init
</UL>

<P><STRONG><a name="[1d9]"></a>RCC_EnableAHBPeriphReset</STRONG> (Thumb, 26 bytes, Stack size 0 bytes, n32g43x_rcc.o(.text), UNUSED)

<P><STRONG><a name="[7f]"></a>RCC_EnableAPB2PeriphReset</STRONG> (Thumb, 26 bytes, Stack size 0 bytes, n32g43x_rcc.o(.text), UNUSED)
<BR><BR>[Called By]<UL><LI><a href="#[89]">&gt;&gt;</a>&nbsp;&nbsp;&nbsp;USART_DeInit
<LI><a href="#[80]">&gt;&gt;</a>&nbsp;&nbsp;&nbsp;GPIO_AFIOInitDefault
<LI><a href="#[7e]">&gt;&gt;</a>&nbsp;&nbsp;&nbsp;GPIO_DeInit
</UL>

<P><STRONG><a name="[8a]"></a>RCC_EnableAPB1PeriphReset</STRONG> (Thumb, 26 bytes, Stack size 0 bytes, n32g43x_rcc.o(.text), UNUSED)
<BR><BR>[Called By]<UL><LI><a href="#[89]">&gt;&gt;</a>&nbsp;&nbsp;&nbsp;USART_DeInit
</UL>

<P><STRONG><a name="[1da]"></a>RCC_EnableLowPowerReset</STRONG> (Thumb, 8 bytes, Stack size 0 bytes, n32g43x_rcc.o(.text), UNUSED)

<P><STRONG><a name="[1db]"></a>RCC_EnableClockSecuritySystem</STRONG> (Thumb, 6 bytes, Stack size 0 bytes, n32g43x_rcc.o(.text), UNUSED)

<P><STRONG><a name="[1dc]"></a>RCC_EnableLSEClockSecuritySystem</STRONG> (Thumb, 8 bytes, Stack size 0 bytes, n32g43x_rcc.o(.text), UNUSED)

<P><STRONG><a name="[1dd]"></a>RCC_GetLSEClockSecuritySystemStatus</STRONG> (Thumb, 20 bytes, Stack size 0 bytes, n32g43x_rcc.o(.text), UNUSED)

<P><STRONG><a name="[1de]"></a>RCC_ConfigMcoClkPre</STRONG> (Thumb, 18 bytes, Stack size 0 bytes, n32g43x_rcc.o(.text), UNUSED)

<P><STRONG><a name="[1df]"></a>RCC_ConfigMco</STRONG> (Thumb, 20 bytes, Stack size 0 bytes, n32g43x_rcc.o(.text), UNUSED)

<P><STRONG><a name="[1e0]"></a>RCC_ClrFlag</STRONG> (Thumb, 24 bytes, Stack size 0 bytes, n32g43x_rcc.o(.text), UNUSED)

<P><STRONG><a name="[1e1]"></a>RCC_GetIntStatus</STRONG> (Thumb, 20 bytes, Stack size 0 bytes, n32g43x_rcc.o(.text), UNUSED)

<P><STRONG><a name="[1e2]"></a>RCC_ClrIntPendingBit</STRONG> (Thumb, 12 bytes, Stack size 0 bytes, n32g43x_rcc.o(.text), UNUSED)

<P><STRONG><a name="[89]"></a>USART_DeInit</STRONG> (Thumb, 134 bytes, Stack size 8 bytes, n32g43x_usart.o(.text), UNUSED)
<BR><BR>[Calls]<UL><LI><a href="#[8a]">&gt;&gt;</a>&nbsp;&nbsp;&nbsp;RCC_EnableAPB1PeriphReset
<LI><a href="#[7f]">&gt;&gt;</a>&nbsp;&nbsp;&nbsp;RCC_EnableAPB2PeriphReset
</UL>

<P><STRONG><a name="[8b]"></a>USART_Init</STRONG> (Thumb, 188 bytes, Stack size 56 bytes, n32g43x_usart.o(.text))
<BR><BR>[Stack]<UL><LI>Max Depth = 76<LI>Call Chain = USART_Init &rArr; RCC_GetClocksFreqValue
</UL>
<BR>[Calls]<UL><LI><a href="#[8c]">&gt;&gt;</a>&nbsp;&nbsp;&nbsp;RCC_GetClocksFreqValue
</UL>
<BR>[Called By]<UL><LI><a href="#[71]">&gt;&gt;</a>&nbsp;&nbsp;&nbsp;n32g43x_configure
</UL>

<P><STRONG><a name="[169]"></a>USART_StructInit</STRONG> (Thumb, 24 bytes, Stack size 0 bytes, n32g43x_usart.o(.text))
<BR><BR>[Called By]<UL><LI><a href="#[71]">&gt;&gt;</a>&nbsp;&nbsp;&nbsp;n32g43x_configure
</UL>

<P><STRONG><a name="[1e3]"></a>USART_ClockInit</STRONG> (Thumb, 34 bytes, Stack size 8 bytes, n32g43x_usart.o(.text), UNUSED)

<P><STRONG><a name="[1e4]"></a>USART_ClockStructInit</STRONG> (Thumb, 12 bytes, Stack size 0 bytes, n32g43x_usart.o(.text), UNUSED)

<P><STRONG><a name="[16a]"></a>USART_Enable</STRONG> (Thumb, 24 bytes, Stack size 0 bytes, n32g43x_usart.o(.text))
<BR><BR>[Called By]<UL><LI><a href="#[71]">&gt;&gt;</a>&nbsp;&nbsp;&nbsp;n32g43x_configure
</UL>

<P><STRONG><a name="[16b]"></a>USART_ConfigInt</STRONG> (Thumb, 74 bytes, Stack size 20 bytes, n32g43x_usart.o(.text))
<BR><BR>[Stack]<UL><LI>Max Depth = 20<LI>Call Chain = USART_ConfigInt
</UL>
<BR>[Called By]<UL><LI><a href="#[72]">&gt;&gt;</a>&nbsp;&nbsp;&nbsp;n32g43x_control
</UL>

<P><STRONG><a name="[1e5]"></a>USART_EnableDMA</STRONG> (Thumb, 18 bytes, Stack size 0 bytes, n32g43x_usart.o(.text), UNUSED)

<P><STRONG><a name="[1e6]"></a>USART_SetAddr</STRONG> (Thumb, 18 bytes, Stack size 0 bytes, n32g43x_usart.o(.text), UNUSED)

<P><STRONG><a name="[1e7]"></a>USART_ConfigWakeUpMode</STRONG> (Thumb, 18 bytes, Stack size 0 bytes, n32g43x_usart.o(.text), UNUSED)

<P><STRONG><a name="[1e8]"></a>USART_EnableRcvWakeUp</STRONG> (Thumb, 24 bytes, Stack size 0 bytes, n32g43x_usart.o(.text), UNUSED)

<P><STRONG><a name="[1e9]"></a>USART_ConfigLINBreakDetectLength</STRONG> (Thumb, 18 bytes, Stack size 0 bytes, n32g43x_usart.o(.text), UNUSED)

<P><STRONG><a name="[1ea]"></a>USART_EnableLIN</STRONG> (Thumb, 24 bytes, Stack size 0 bytes, n32g43x_usart.o(.text), UNUSED)

<P><STRONG><a name="[16c]"></a>USART_SendData</STRONG> (Thumb, 8 bytes, Stack size 0 bytes, n32g43x_usart.o(.text))
<BR><BR>[Called By]<UL><LI><a href="#[73]">&gt;&gt;</a>&nbsp;&nbsp;&nbsp;n32g43x_putc
</UL>

<P><STRONG><a name="[16d]"></a>USART_ReceiveData</STRONG> (Thumb, 10 bytes, Stack size 0 bytes, n32g43x_usart.o(.text))
<BR><BR>[Called By]<UL><LI><a href="#[74]">&gt;&gt;</a>&nbsp;&nbsp;&nbsp;n32g43x_getc
</UL>

<P><STRONG><a name="[1eb]"></a>USART_SendBreak</STRONG> (Thumb, 10 bytes, Stack size 0 bytes, n32g43x_usart.o(.text), UNUSED)

<P><STRONG><a name="[1ec]"></a>USART_SetGuardTime</STRONG> (Thumb, 16 bytes, Stack size 0 bytes, n32g43x_usart.o(.text), UNUSED)

<P><STRONG><a name="[1ed]"></a>USART_SetPrescaler</STRONG> (Thumb, 16 bytes, Stack size 0 bytes, n32g43x_usart.o(.text), UNUSED)

<P><STRONG><a name="[1ee]"></a>USART_EnableSmartCard</STRONG> (Thumb, 24 bytes, Stack size 0 bytes, n32g43x_usart.o(.text), UNUSED)

<P><STRONG><a name="[1ef]"></a>USART_SetSmartCardNACK</STRONG> (Thumb, 24 bytes, Stack size 0 bytes, n32g43x_usart.o(.text), UNUSED)

<P><STRONG><a name="[1f0]"></a>USART_EnableHalfDuplex</STRONG> (Thumb, 24 bytes, Stack size 0 bytes, n32g43x_usart.o(.text), UNUSED)

<P><STRONG><a name="[1f1]"></a>USART_ConfigIrDAMode</STRONG> (Thumb, 18 bytes, Stack size 0 bytes, n32g43x_usart.o(.text), UNUSED)

<P><STRONG><a name="[1f2]"></a>USART_EnableIrDA</STRONG> (Thumb, 24 bytes, Stack size 0 bytes, n32g43x_usart.o(.text), UNUSED)

<P><STRONG><a name="[167]"></a>USART_GetFlagStatus</STRONG> (Thumb, 26 bytes, Stack size 0 bytes, n32g43x_usart.o(.text))
<BR><BR>[Called By]<UL><LI><a href="#[74]">&gt;&gt;</a>&nbsp;&nbsp;&nbsp;n32g43x_getc
<LI><a href="#[73]">&gt;&gt;</a>&nbsp;&nbsp;&nbsp;n32g43x_putc
<LI><a href="#[165]">&gt;&gt;</a>&nbsp;&nbsp;&nbsp;uart_isr
</UL>

<P><STRONG><a name="[1f3]"></a>USART_ClrFlag</STRONG> (Thumb, 18 bytes, Stack size 0 bytes, n32g43x_usart.o(.text), UNUSED)

<P><STRONG><a name="[166]"></a>USART_GetIntStatus</STRONG> (Thumb, 84 bytes, Stack size 16 bytes, n32g43x_usart.o(.text))
<BR><BR>[Stack]<UL><LI>Max Depth = 16<LI>Call Chain = USART_GetIntStatus
</UL>
<BR>[Called By]<UL><LI><a href="#[165]">&gt;&gt;</a>&nbsp;&nbsp;&nbsp;uart_isr
</UL>

<P><STRONG><a name="[1f4]"></a>USART_ClrIntPendingBit</STRONG> (Thumb, 30 bytes, Stack size 8 bytes, n32g43x_usart.o(.text), UNUSED)

<P><STRONG><a name="[1f5]"></a>EXTI_DeInit</STRONG> (Thumb, 30 bytes, Stack size 0 bytes, n32g43x_exti.o(.text), UNUSED)

<P><STRONG><a name="[129]"></a>EXTI_InitPeripheral</STRONG> (Thumb, 142 bytes, Stack size 0 bytes, n32g43x_exti.o(.text))
<BR><BR>[Called By]<UL><LI><a href="#[70]">&gt;&gt;</a>&nbsp;&nbsp;&nbsp;N32G43X_pin_irq_enable
<LI><a href="#[124]">&gt;&gt;</a>&nbsp;&nbsp;&nbsp;USB_Interrupts_Config
</UL>

<P><STRONG><a name="[128]"></a>EXTI_InitStruct</STRONG> (Thumb, 16 bytes, Stack size 0 bytes, n32g43x_exti.o(.text))
<BR><BR>[Called By]<UL><LI><a href="#[70]">&gt;&gt;</a>&nbsp;&nbsp;&nbsp;N32G43X_pin_irq_enable
<LI><a href="#[124]">&gt;&gt;</a>&nbsp;&nbsp;&nbsp;USB_Interrupts_Config
</UL>

<P><STRONG><a name="[1f6]"></a>EXTI_TriggerSWInt</STRONG> (Thumb, 16 bytes, Stack size 0 bytes, n32g43x_exti.o(.text), UNUSED)

<P><STRONG><a name="[1f7]"></a>EXTI_GetStatusFlag</STRONG> (Thumb, 22 bytes, Stack size 0 bytes, n32g43x_exti.o(.text), UNUSED)

<P><STRONG><a name="[1f8]"></a>EXTI_ClrStatusFlag</STRONG> (Thumb, 8 bytes, Stack size 0 bytes, n32g43x_exti.o(.text), UNUSED)

<P><STRONG><a name="[163]"></a>EXTI_GetITStatus</STRONG> (Thumb, 34 bytes, Stack size 0 bytes, n32g43x_exti.o(.text))
<BR><BR>[Called By]<UL><LI><a href="#[162]">&gt;&gt;</a>&nbsp;&nbsp;&nbsp;N32G43X_GPIO_EXTI_IRQHandler
</UL>

<P><STRONG><a name="[127]"></a>EXTI_ClrITPendBit</STRONG> (Thumb, 8 bytes, Stack size 0 bytes, n32g43x_exti.o(.text))
<BR><BR>[Called By]<UL><LI><a href="#[162]">&gt;&gt;</a>&nbsp;&nbsp;&nbsp;N32G43X_GPIO_EXTI_IRQHandler
<LI><a href="#[70]">&gt;&gt;</a>&nbsp;&nbsp;&nbsp;N32G43X_pin_irq_enable
<LI><a href="#[36]">&gt;&gt;</a>&nbsp;&nbsp;&nbsp;USBWakeUp_IRQHandler
<LI><a href="#[124]">&gt;&gt;</a>&nbsp;&nbsp;&nbsp;USB_Interrupts_Config
</UL>

<P><STRONG><a name="[1f9]"></a>EXTI_RTCTimeStampSel</STRONG> (Thumb, 24 bytes, Stack size 0 bytes, n32g43x_exti.o(.text), UNUSED)

<P><STRONG><a name="[1fa]"></a>rt_system_tick_init</STRONG> (Thumb, 2 bytes, Stack size 0 bytes, clock.o(.text), UNUSED)

<P><STRONG><a name="[108]"></a>rt_tick_get</STRONG> (Thumb, 6 bytes, Stack size 0 bytes, clock.o(.text))
<BR><BR>[Called By]<UL><LI><a href="#[c4]">&gt;&gt;</a>&nbsp;&nbsp;&nbsp;rt_timer_start
<LI><a href="#[93]">&gt;&gt;</a>&nbsp;&nbsp;&nbsp;rt_timer_check
<LI><a href="#[107]">&gt;&gt;</a>&nbsp;&nbsp;&nbsp;rt_thread_delay_until
</UL>

<P><STRONG><a name="[8d]"></a>rt_tick_set</STRONG> (Thumb, 22 bytes, Stack size 16 bytes, clock.o(.text), UNUSED)
<BR><BR>[Calls]<UL><LI><a href="#[8f]">&gt;&gt;</a>&nbsp;&nbsp;&nbsp;rt_hw_interrupt_enable
<LI><a href="#[8e]">&gt;&gt;</a>&nbsp;&nbsp;&nbsp;rt_hw_interrupt_disable
</UL>

<P><STRONG><a name="[90]"></a>rt_tick_increase</STRONG> (Thumb, 42 bytes, Stack size 8 bytes, clock.o(.text))
<BR><BR>[Stack]<UL><LI>Max Depth = 268<LI>Call Chain = rt_tick_increase &rArr; rt_thread_yield &rArr; rt_schedule &rArr; _rt_scheduler_stack_check &rArr; rt_assert_handler &rArr; rt_kprintf &rArr; rt_vsnprintf &rArr; print_number
</UL>
<BR>[Calls]<UL><LI><a href="#[93]">&gt;&gt;</a>&nbsp;&nbsp;&nbsp;rt_timer_check
<LI><a href="#[92]">&gt;&gt;</a>&nbsp;&nbsp;&nbsp;rt_thread_yield
<LI><a href="#[91]">&gt;&gt;</a>&nbsp;&nbsp;&nbsp;rt_thread_self
</UL>
<BR>[Called By]<UL><LI><a href="#[b]">&gt;&gt;</a>&nbsp;&nbsp;&nbsp;SysTick_Handler
</UL>

<P><STRONG><a name="[10a]"></a>rt_tick_from_millisecond</STRONG> (Thumb, 58 bytes, Stack size 0 bytes, clock.o(.text), UNUSED)
<BR><BR>[Called By]<UL><LI><a href="#[109]">&gt;&gt;</a>&nbsp;&nbsp;&nbsp;rt_thread_mdelay
</UL>

<P><STRONG><a name="[94]"></a>rt_device_find</STRONG> (Thumb, 94 bytes, Stack size 24 bytes, device.o(.text))
<BR><BR>[Stack]<UL><LI>Max Depth = 276<LI>Call Chain = rt_device_find &rArr; rt_exit_critical &rArr; rt_schedule &rArr; _rt_scheduler_stack_check &rArr; rt_assert_handler &rArr; rt_kprintf &rArr; rt_vsnprintf &rArr; print_number
</UL>
<BR>[Calls]<UL><LI><a href="#[98]">&gt;&gt;</a>&nbsp;&nbsp;&nbsp;rt_strncmp
<LI><a href="#[96]">&gt;&gt;</a>&nbsp;&nbsp;&nbsp;rt_object_get_information
<LI><a href="#[99]">&gt;&gt;</a>&nbsp;&nbsp;&nbsp;rt_exit_critical
<LI><a href="#[95]">&gt;&gt;</a>&nbsp;&nbsp;&nbsp;rt_enter_critical
<LI><a href="#[97]">&gt;&gt;</a>&nbsp;&nbsp;&nbsp;rt_assert_handler
<LI><a href="#[91]">&gt;&gt;</a>&nbsp;&nbsp;&nbsp;rt_thread_self
</UL>
<BR>[Called By]<UL><LI><a href="#[e3]">&gt;&gt;</a>&nbsp;&nbsp;&nbsp;rt_console_set_device
<LI><a href="#[9a]">&gt;&gt;</a>&nbsp;&nbsp;&nbsp;rt_device_register
</UL>

<P><STRONG><a name="[9a]"></a>rt_device_register</STRONG> (Thumb, 52 bytes, Stack size 16 bytes, device.o(.text))
<BR><BR>[Stack]<UL><LI>Max Depth = 300<LI>Call Chain = rt_device_register &rArr; rt_object_init &rArr; rt_exit_critical &rArr; rt_schedule &rArr; _rt_scheduler_stack_check &rArr; rt_assert_handler &rArr; rt_kprintf &rArr; rt_vsnprintf &rArr; print_number
</UL>
<BR>[Calls]<UL><LI><a href="#[9b]">&gt;&gt;</a>&nbsp;&nbsp;&nbsp;rt_object_init
<LI><a href="#[94]">&gt;&gt;</a>&nbsp;&nbsp;&nbsp;rt_device_find
</UL>
<BR>[Called By]<UL><LI><a href="#[157]">&gt;&gt;</a>&nbsp;&nbsp;&nbsp;rt_hw_serial_register
<LI><a href="#[14a]">&gt;&gt;</a>&nbsp;&nbsp;&nbsp;rt_device_pin_register
</UL>

<P><STRONG><a name="[9c]"></a>rt_device_unregister</STRONG> (Thumb, 64 bytes, Stack size 8 bytes, device.o(.text), UNUSED)
<BR><BR>[Calls]<UL><LI><a href="#[9e]">&gt;&gt;</a>&nbsp;&nbsp;&nbsp;rt_object_is_systemobject
<LI><a href="#[9d]">&gt;&gt;</a>&nbsp;&nbsp;&nbsp;rt_object_get_type
<LI><a href="#[9f]">&gt;&gt;</a>&nbsp;&nbsp;&nbsp;rt_object_detach
<LI><a href="#[97]">&gt;&gt;</a>&nbsp;&nbsp;&nbsp;rt_assert_handler
</UL>

<P><STRONG><a name="[1fb]"></a>rt_device_init_all</STRONG> (Thumb, 4 bytes, Stack size 0 bytes, device.o(.text), UNUSED)

<P><STRONG><a name="[a0]"></a>rt_device_create</STRONG> (Thumb, 46 bytes, Stack size 24 bytes, device.o(.text), UNUSED)
<BR><BR>[Calls]<UL><LI><a href="#[a2]">&gt;&gt;</a>&nbsp;&nbsp;&nbsp;rt_memset
<LI><a href="#[a1]">&gt;&gt;</a>&nbsp;&nbsp;&nbsp;rt_malloc
</UL>

<P><STRONG><a name="[a3]"></a>rt_device_destroy</STRONG> (Thumb, 68 bytes, Stack size 8 bytes, device.o(.text), UNUSED)
<BR><BR>[Calls]<UL><LI><a href="#[9e]">&gt;&gt;</a>&nbsp;&nbsp;&nbsp;rt_object_is_systemobject
<LI><a href="#[9d]">&gt;&gt;</a>&nbsp;&nbsp;&nbsp;rt_object_get_type
<LI><a href="#[9f]">&gt;&gt;</a>&nbsp;&nbsp;&nbsp;rt_object_detach
<LI><a href="#[a4]">&gt;&gt;</a>&nbsp;&nbsp;&nbsp;rt_free
<LI><a href="#[97]">&gt;&gt;</a>&nbsp;&nbsp;&nbsp;rt_assert_handler
</UL>

<P><STRONG><a name="[a5]"></a>rt_device_init</STRONG> (Thumb, 64 bytes, Stack size 16 bytes, device.o(.text), UNUSED)
<BR><BR>[Calls]<UL><LI><a href="#[a6]">&gt;&gt;</a>&nbsp;&nbsp;&nbsp;rt_kprintf
<LI><a href="#[97]">&gt;&gt;</a>&nbsp;&nbsp;&nbsp;rt_assert_handler
</UL>

<P><STRONG><a name="[a7]"></a>rt_device_open</STRONG> (Thumb, 170 bytes, Stack size 16 bytes, device.o(.text))
<BR><BR>[Stack]<UL><LI>Max Depth = 220<LI>Call Chain = rt_device_open &rArr; rt_assert_handler &rArr; rt_kprintf &rArr; rt_vsnprintf &rArr; print_number
</UL>
<BR>[Calls]<UL><LI><a href="#[9d]">&gt;&gt;</a>&nbsp;&nbsp;&nbsp;rt_object_get_type
<LI><a href="#[a6]">&gt;&gt;</a>&nbsp;&nbsp;&nbsp;rt_kprintf
<LI><a href="#[97]">&gt;&gt;</a>&nbsp;&nbsp;&nbsp;rt_assert_handler
</UL>
<BR>[Called By]<UL><LI><a href="#[e3]">&gt;&gt;</a>&nbsp;&nbsp;&nbsp;rt_console_set_device
</UL>

<P><STRONG><a name="[a8]"></a>rt_device_close</STRONG> (Thumb, 92 bytes, Stack size 16 bytes, device.o(.text))
<BR><BR>[Stack]<UL><LI>Max Depth = 220<LI>Call Chain = rt_device_close &rArr; rt_assert_handler &rArr; rt_kprintf &rArr; rt_vsnprintf &rArr; print_number
</UL>
<BR>[Calls]<UL><LI><a href="#[9d]">&gt;&gt;</a>&nbsp;&nbsp;&nbsp;rt_object_get_type
<LI><a href="#[97]">&gt;&gt;</a>&nbsp;&nbsp;&nbsp;rt_assert_handler
</UL>
<BR>[Called By]<UL><LI><a href="#[e3]">&gt;&gt;</a>&nbsp;&nbsp;&nbsp;rt_console_set_device
</UL>

<P><STRONG><a name="[a9]"></a>rt_device_read</STRONG> (Thumb, 98 bytes, Stack size 24 bytes, device.o(.text), UNUSED)
<BR><BR>[Calls]<UL><LI><a href="#[aa]">&gt;&gt;</a>&nbsp;&nbsp;&nbsp;rt_set_errno
<LI><a href="#[9d]">&gt;&gt;</a>&nbsp;&nbsp;&nbsp;rt_object_get_type
<LI><a href="#[97]">&gt;&gt;</a>&nbsp;&nbsp;&nbsp;rt_assert_handler
</UL>

<P><STRONG><a name="[ab]"></a>rt_device_write</STRONG> (Thumb, 98 bytes, Stack size 24 bytes, device.o(.text))
<BR><BR>[Stack]<UL><LI>Max Depth = 56 + In Cycle
<LI>Call Chain = rt_device_write &rArr;  rt_assert_handler (Cycle)
</UL>
<BR>[Calls]<UL><LI><a href="#[aa]">&gt;&gt;</a>&nbsp;&nbsp;&nbsp;rt_set_errno
<LI><a href="#[9d]">&gt;&gt;</a>&nbsp;&nbsp;&nbsp;rt_object_get_type
<LI><a href="#[97]">&gt;&gt;</a>&nbsp;&nbsp;&nbsp;rt_assert_handler
</UL>
<BR>[Called By]<UL><LI><a href="#[e4]">&gt;&gt;</a>&nbsp;&nbsp;&nbsp;rt_kputs
<LI><a href="#[a6]">&gt;&gt;</a>&nbsp;&nbsp;&nbsp;rt_kprintf
</UL>

<P><STRONG><a name="[ac]"></a>rt_device_control</STRONG> (Thumb, 66 bytes, Stack size 16 bytes, device.o(.text), UNUSED)
<BR><BR>[Calls]<UL><LI><a href="#[9d]">&gt;&gt;</a>&nbsp;&nbsp;&nbsp;rt_object_get_type
<LI><a href="#[97]">&gt;&gt;</a>&nbsp;&nbsp;&nbsp;rt_assert_handler
</UL>

<P><STRONG><a name="[ad]"></a>rt_device_set_rx_indicate</STRONG> (Thumb, 48 bytes, Stack size 16 bytes, device.o(.text), UNUSED)
<BR><BR>[Calls]<UL><LI><a href="#[9d]">&gt;&gt;</a>&nbsp;&nbsp;&nbsp;rt_object_get_type
<LI><a href="#[97]">&gt;&gt;</a>&nbsp;&nbsp;&nbsp;rt_assert_handler
</UL>

<P><STRONG><a name="[ae]"></a>rt_device_set_tx_complete</STRONG> (Thumb, 360 bytes, Stack size 16 bytes, device.o(.text), UNUSED)
<BR><BR>[Calls]<UL><LI><a href="#[9d]">&gt;&gt;</a>&nbsp;&nbsp;&nbsp;rt_object_get_type
<LI><a href="#[97]">&gt;&gt;</a>&nbsp;&nbsp;&nbsp;rt_assert_handler
</UL>

<P><STRONG><a name="[af]"></a>rt_thread_idle_excute</STRONG> (Thumb, 174 bytes, Stack size 16 bytes, idle.o(.text))
<BR><BR>[Stack]<UL><LI>Max Depth = 340<LI>Call Chain = rt_thread_idle_excute &rArr; rt_object_delete &rArr; rt_free &rArr; rt_sem_take &rArr; rt_ipc_list_suspend &rArr; rt_thread_suspend &rArr; rt_schedule_remove_thread &rArr; rt_assert_handler &rArr; rt_kprintf &rArr; rt_vsnprintf &rArr; print_number
</UL>
<BR>[Calls]<UL><LI><a href="#[b2]">&gt;&gt;</a>&nbsp;&nbsp;&nbsp;rt_object_delete
<LI><a href="#[b0]">&gt;&gt;</a>&nbsp;&nbsp;&nbsp;rt_interrupt_get_nest
<LI><a href="#[b1]">&gt;&gt;</a>&nbsp;&nbsp;&nbsp;_has_defunct_thread
<LI><a href="#[9e]">&gt;&gt;</a>&nbsp;&nbsp;&nbsp;rt_object_is_systemobject
<LI><a href="#[9f]">&gt;&gt;</a>&nbsp;&nbsp;&nbsp;rt_object_detach
<LI><a href="#[a6]">&gt;&gt;</a>&nbsp;&nbsp;&nbsp;rt_kprintf
<LI><a href="#[a4]">&gt;&gt;</a>&nbsp;&nbsp;&nbsp;rt_free
<LI><a href="#[99]">&gt;&gt;</a>&nbsp;&nbsp;&nbsp;rt_exit_critical
<LI><a href="#[95]">&gt;&gt;</a>&nbsp;&nbsp;&nbsp;rt_enter_critical
<LI><a href="#[97]">&gt;&gt;</a>&nbsp;&nbsp;&nbsp;rt_assert_handler
<LI><a href="#[8f]">&gt;&gt;</a>&nbsp;&nbsp;&nbsp;rt_hw_interrupt_enable
<LI><a href="#[8e]">&gt;&gt;</a>&nbsp;&nbsp;&nbsp;rt_hw_interrupt_disable
</UL>
<BR>[Called By]<UL><LI><a href="#[50]">&gt;&gt;</a>&nbsp;&nbsp;&nbsp;rt_thread_idle_entry
</UL>

<P><STRONG><a name="[b3]"></a>rt_thread_idle_init</STRONG> (Thumb, 38 bytes, Stack size 24 bytes, idle.o(.text))
<BR><BR>[Stack]<UL><LI>Max Depth = 444<LI>Call Chain = rt_thread_idle_init &rArr; rt_thread_init &rArr; _rt_thread_init &rArr; rt_timer_init &rArr; rt_object_init &rArr; rt_exit_critical &rArr; rt_schedule &rArr; _rt_scheduler_stack_check &rArr; rt_assert_handler &rArr; rt_kprintf &rArr; rt_vsnprintf &rArr; print_number
</UL>
<BR>[Calls]<UL><LI><a href="#[b5]">&gt;&gt;</a>&nbsp;&nbsp;&nbsp;rt_thread_startup
<LI><a href="#[b4]">&gt;&gt;</a>&nbsp;&nbsp;&nbsp;rt_thread_init
</UL>
<BR>[Called By]<UL><LI><a href="#[11b]">&gt;&gt;</a>&nbsp;&nbsp;&nbsp;rtthread_startup
</UL>

<P><STRONG><a name="[1fc]"></a>rt_thread_idle_gethandler</STRONG> (Thumb, 4 bytes, Stack size 0 bytes, idle.o(.text), UNUSED)

<P><STRONG><a name="[bc]"></a>rt_sem_init</STRONG> (Thumb, 66 bytes, Stack size 24 bytes, ipc.o(.text))
<BR><BR>[Stack]<UL><LI>Max Depth = 308<LI>Call Chain = rt_sem_init &rArr; rt_object_init &rArr; rt_exit_critical &rArr; rt_schedule &rArr; _rt_scheduler_stack_check &rArr; rt_assert_handler &rArr; rt_kprintf &rArr; rt_vsnprintf &rArr; print_number
</UL>
<BR>[Calls]<UL><LI><a href="#[bd]">&gt;&gt;</a>&nbsp;&nbsp;&nbsp;rt_ipc_object_init
<LI><a href="#[9b]">&gt;&gt;</a>&nbsp;&nbsp;&nbsp;rt_object_init
<LI><a href="#[97]">&gt;&gt;</a>&nbsp;&nbsp;&nbsp;rt_assert_handler
</UL>
<BR>[Called By]<UL><LI><a href="#[e8]">&gt;&gt;</a>&nbsp;&nbsp;&nbsp;rt_system_heap_init
</UL>

<P><STRONG><a name="[be]"></a>rt_sem_detach</STRONG> (Thumb, 72 bytes, Stack size 8 bytes, ipc.o(.text), UNUSED)
<BR><BR>[Calls]<UL><LI><a href="#[b9]">&gt;&gt;</a>&nbsp;&nbsp;&nbsp;rt_ipc_list_resume_all
<LI><a href="#[9e]">&gt;&gt;</a>&nbsp;&nbsp;&nbsp;rt_object_is_systemobject
<LI><a href="#[9d]">&gt;&gt;</a>&nbsp;&nbsp;&nbsp;rt_object_get_type
<LI><a href="#[9f]">&gt;&gt;</a>&nbsp;&nbsp;&nbsp;rt_object_detach
<LI><a href="#[97]">&gt;&gt;</a>&nbsp;&nbsp;&nbsp;rt_assert_handler
</UL>

<P><STRONG><a name="[bf]"></a>rt_sem_create</STRONG> (Thumb, 102 bytes, Stack size 24 bytes, ipc.o(.text), UNUSED)
<BR><BR>[Calls]<UL><LI><a href="#[c0]">&gt;&gt;</a>&nbsp;&nbsp;&nbsp;rt_object_allocate
<LI><a href="#[bd]">&gt;&gt;</a>&nbsp;&nbsp;&nbsp;rt_ipc_object_init
<LI><a href="#[b0]">&gt;&gt;</a>&nbsp;&nbsp;&nbsp;rt_interrupt_get_nest
<LI><a href="#[a6]">&gt;&gt;</a>&nbsp;&nbsp;&nbsp;rt_kprintf
<LI><a href="#[97]">&gt;&gt;</a>&nbsp;&nbsp;&nbsp;rt_assert_handler
<LI><a href="#[8f]">&gt;&gt;</a>&nbsp;&nbsp;&nbsp;rt_hw_interrupt_enable
<LI><a href="#[8e]">&gt;&gt;</a>&nbsp;&nbsp;&nbsp;rt_hw_interrupt_disable
</UL>

<P><STRONG><a name="[c1]"></a>rt_sem_delete</STRONG> (Thumb, 120 bytes, Stack size 16 bytes, ipc.o(.text), UNUSED)
<BR><BR>[Calls]<UL><LI><a href="#[b9]">&gt;&gt;</a>&nbsp;&nbsp;&nbsp;rt_ipc_list_resume_all
<LI><a href="#[b2]">&gt;&gt;</a>&nbsp;&nbsp;&nbsp;rt_object_delete
<LI><a href="#[b0]">&gt;&gt;</a>&nbsp;&nbsp;&nbsp;rt_interrupt_get_nest
<LI><a href="#[9e]">&gt;&gt;</a>&nbsp;&nbsp;&nbsp;rt_object_is_systemobject
<LI><a href="#[9d]">&gt;&gt;</a>&nbsp;&nbsp;&nbsp;rt_object_get_type
<LI><a href="#[a6]">&gt;&gt;</a>&nbsp;&nbsp;&nbsp;rt_kprintf
<LI><a href="#[97]">&gt;&gt;</a>&nbsp;&nbsp;&nbsp;rt_assert_handler
<LI><a href="#[8f]">&gt;&gt;</a>&nbsp;&nbsp;&nbsp;rt_hw_interrupt_enable
<LI><a href="#[8e]">&gt;&gt;</a>&nbsp;&nbsp;&nbsp;rt_hw_interrupt_disable
</UL>

<P><STRONG><a name="[c2]"></a>rt_sem_take</STRONG> (Thumb, 252 bytes, Stack size 32 bytes, ipc.o(.text))
<BR><BR>[Stack]<UL><LI>Max Depth = 292<LI>Call Chain = rt_sem_take &rArr; rt_ipc_list_suspend &rArr; rt_thread_suspend &rArr; rt_schedule_remove_thread &rArr; rt_assert_handler &rArr; rt_kprintf &rArr; rt_vsnprintf &rArr; print_number
</UL>
<BR>[Calls]<UL><LI><a href="#[c4]">&gt;&gt;</a>&nbsp;&nbsp;&nbsp;rt_timer_start
<LI><a href="#[c3]">&gt;&gt;</a>&nbsp;&nbsp;&nbsp;rt_timer_control
<LI><a href="#[c5]">&gt;&gt;</a>&nbsp;&nbsp;&nbsp;rt_schedule
<LI><a href="#[b6]">&gt;&gt;</a>&nbsp;&nbsp;&nbsp;rt_ipc_list_suspend
<LI><a href="#[b0]">&gt;&gt;</a>&nbsp;&nbsp;&nbsp;rt_interrupt_get_nest
<LI><a href="#[9d]">&gt;&gt;</a>&nbsp;&nbsp;&nbsp;rt_object_get_type
<LI><a href="#[a6]">&gt;&gt;</a>&nbsp;&nbsp;&nbsp;rt_kprintf
<LI><a href="#[97]">&gt;&gt;</a>&nbsp;&nbsp;&nbsp;rt_assert_handler
<LI><a href="#[91]">&gt;&gt;</a>&nbsp;&nbsp;&nbsp;rt_thread_self
<LI><a href="#[8f]">&gt;&gt;</a>&nbsp;&nbsp;&nbsp;rt_hw_interrupt_enable
<LI><a href="#[8e]">&gt;&gt;</a>&nbsp;&nbsp;&nbsp;rt_hw_interrupt_disable
</UL>
<BR>[Called By]<UL><LI><a href="#[e9]">&gt;&gt;</a>&nbsp;&nbsp;&nbsp;rt_realloc
<LI><a href="#[c6]">&gt;&gt;</a>&nbsp;&nbsp;&nbsp;rt_sem_trytake
<LI><a href="#[a1]">&gt;&gt;</a>&nbsp;&nbsp;&nbsp;rt_malloc
<LI><a href="#[a4]">&gt;&gt;</a>&nbsp;&nbsp;&nbsp;rt_free
</UL>

<P><STRONG><a name="[c6]"></a>rt_sem_trytake</STRONG> (Thumb, 14 bytes, Stack size 8 bytes, ipc.o(.text), UNUSED)
<BR><BR>[Calls]<UL><LI><a href="#[c2]">&gt;&gt;</a>&nbsp;&nbsp;&nbsp;rt_sem_take
</UL>

<P><STRONG><a name="[c7]"></a>rt_sem_release</STRONG> (Thumb, 98 bytes, Stack size 16 bytes, ipc.o(.text))
<BR><BR>[Stack]<UL><LI>Max Depth = 268<LI>Call Chain = rt_sem_release &rArr; rt_ipc_list_resume &rArr; rt_thread_resume &rArr; rt_schedule_insert_thread &rArr; rt_assert_handler &rArr; rt_kprintf &rArr; rt_vsnprintf &rArr; print_number
</UL>
<BR>[Calls]<UL><LI><a href="#[c5]">&gt;&gt;</a>&nbsp;&nbsp;&nbsp;rt_schedule
<LI><a href="#[c8]">&gt;&gt;</a>&nbsp;&nbsp;&nbsp;rt_ipc_list_resume
<LI><a href="#[bb]">&gt;&gt;</a>&nbsp;&nbsp;&nbsp;rt_list_isempty
<LI><a href="#[9d]">&gt;&gt;</a>&nbsp;&nbsp;&nbsp;rt_object_get_type
<LI><a href="#[97]">&gt;&gt;</a>&nbsp;&nbsp;&nbsp;rt_assert_handler
<LI><a href="#[8f]">&gt;&gt;</a>&nbsp;&nbsp;&nbsp;rt_hw_interrupt_enable
<LI><a href="#[8e]">&gt;&gt;</a>&nbsp;&nbsp;&nbsp;rt_hw_interrupt_disable
</UL>
<BR>[Called By]<UL><LI><a href="#[e9]">&gt;&gt;</a>&nbsp;&nbsp;&nbsp;rt_realloc
<LI><a href="#[a1]">&gt;&gt;</a>&nbsp;&nbsp;&nbsp;rt_malloc
<LI><a href="#[a4]">&gt;&gt;</a>&nbsp;&nbsp;&nbsp;rt_free
</UL>

<P><STRONG><a name="[c9]"></a>rt_sem_control</STRONG> (Thumb, 90 bytes, Stack size 24 bytes, ipc.o(.text), UNUSED)
<BR><BR>[Calls]<UL><LI><a href="#[c5]">&gt;&gt;</a>&nbsp;&nbsp;&nbsp;rt_schedule
<LI><a href="#[b9]">&gt;&gt;</a>&nbsp;&nbsp;&nbsp;rt_ipc_list_resume_all
<LI><a href="#[9d]">&gt;&gt;</a>&nbsp;&nbsp;&nbsp;rt_object_get_type
<LI><a href="#[97]">&gt;&gt;</a>&nbsp;&nbsp;&nbsp;rt_assert_handler
<LI><a href="#[8f]">&gt;&gt;</a>&nbsp;&nbsp;&nbsp;rt_hw_interrupt_enable
<LI><a href="#[8e]">&gt;&gt;</a>&nbsp;&nbsp;&nbsp;rt_hw_interrupt_disable
</UL>

<P><STRONG><a name="[ca]"></a>rt_mutex_init</STRONG> (Thumb, 58 bytes, Stack size 16 bytes, ipc.o(.text), UNUSED)
<BR><BR>[Calls]<UL><LI><a href="#[bd]">&gt;&gt;</a>&nbsp;&nbsp;&nbsp;rt_ipc_object_init
<LI><a href="#[9b]">&gt;&gt;</a>&nbsp;&nbsp;&nbsp;rt_object_init
<LI><a href="#[97]">&gt;&gt;</a>&nbsp;&nbsp;&nbsp;rt_assert_handler
</UL>

<P><STRONG><a name="[cb]"></a>rt_mutex_detach</STRONG> (Thumb, 78 bytes, Stack size 8 bytes, ipc.o(.text), UNUSED)
<BR><BR>[Calls]<UL><LI><a href="#[b9]">&gt;&gt;</a>&nbsp;&nbsp;&nbsp;rt_ipc_list_resume_all
<LI><a href="#[9e]">&gt;&gt;</a>&nbsp;&nbsp;&nbsp;rt_object_is_systemobject
<LI><a href="#[9d]">&gt;&gt;</a>&nbsp;&nbsp;&nbsp;rt_object_get_type
<LI><a href="#[9f]">&gt;&gt;</a>&nbsp;&nbsp;&nbsp;rt_object_detach
<LI><a href="#[97]">&gt;&gt;</a>&nbsp;&nbsp;&nbsp;rt_assert_handler
</UL>

<P><STRONG><a name="[cc]"></a>rt_mutex_create</STRONG> (Thumb, 464 bytes, Stack size 24 bytes, ipc.o(.text), UNUSED)
<BR><BR>[Calls]<UL><LI><a href="#[c0]">&gt;&gt;</a>&nbsp;&nbsp;&nbsp;rt_object_allocate
<LI><a href="#[bd]">&gt;&gt;</a>&nbsp;&nbsp;&nbsp;rt_ipc_object_init
<LI><a href="#[b0]">&gt;&gt;</a>&nbsp;&nbsp;&nbsp;rt_interrupt_get_nest
<LI><a href="#[a6]">&gt;&gt;</a>&nbsp;&nbsp;&nbsp;rt_kprintf
<LI><a href="#[97]">&gt;&gt;</a>&nbsp;&nbsp;&nbsp;rt_assert_handler
<LI><a href="#[8f]">&gt;&gt;</a>&nbsp;&nbsp;&nbsp;rt_hw_interrupt_enable
<LI><a href="#[8e]">&gt;&gt;</a>&nbsp;&nbsp;&nbsp;rt_hw_interrupt_disable
</UL>

<P><STRONG><a name="[cd]"></a>rt_mutex_delete</STRONG> (Thumb, 126 bytes, Stack size 16 bytes, ipc.o(.text), UNUSED)
<BR><BR>[Calls]<UL><LI><a href="#[b9]">&gt;&gt;</a>&nbsp;&nbsp;&nbsp;rt_ipc_list_resume_all
<LI><a href="#[b2]">&gt;&gt;</a>&nbsp;&nbsp;&nbsp;rt_object_delete
<LI><a href="#[b0]">&gt;&gt;</a>&nbsp;&nbsp;&nbsp;rt_interrupt_get_nest
<LI><a href="#[9e]">&gt;&gt;</a>&nbsp;&nbsp;&nbsp;rt_object_is_systemobject
<LI><a href="#[9d]">&gt;&gt;</a>&nbsp;&nbsp;&nbsp;rt_object_get_type
<LI><a href="#[a6]">&gt;&gt;</a>&nbsp;&nbsp;&nbsp;rt_kprintf
<LI><a href="#[97]">&gt;&gt;</a>&nbsp;&nbsp;&nbsp;rt_assert_handler
<LI><a href="#[8f]">&gt;&gt;</a>&nbsp;&nbsp;&nbsp;rt_hw_interrupt_enable
<LI><a href="#[8e]">&gt;&gt;</a>&nbsp;&nbsp;&nbsp;rt_hw_interrupt_disable
</UL>

<P><STRONG><a name="[ce]"></a>rt_mutex_take</STRONG> (Thumb, 338 bytes, Stack size 32 bytes, ipc.o(.text), UNUSED)
<BR><BR>[Calls]<UL><LI><a href="#[c4]">&gt;&gt;</a>&nbsp;&nbsp;&nbsp;rt_timer_start
<LI><a href="#[c3]">&gt;&gt;</a>&nbsp;&nbsp;&nbsp;rt_timer_control
<LI><a href="#[cf]">&gt;&gt;</a>&nbsp;&nbsp;&nbsp;rt_thread_control
<LI><a href="#[c5]">&gt;&gt;</a>&nbsp;&nbsp;&nbsp;rt_schedule
<LI><a href="#[b6]">&gt;&gt;</a>&nbsp;&nbsp;&nbsp;rt_ipc_list_suspend
<LI><a href="#[b0]">&gt;&gt;</a>&nbsp;&nbsp;&nbsp;rt_interrupt_get_nest
<LI><a href="#[9d]">&gt;&gt;</a>&nbsp;&nbsp;&nbsp;rt_object_get_type
<LI><a href="#[a6]">&gt;&gt;</a>&nbsp;&nbsp;&nbsp;rt_kprintf
<LI><a href="#[97]">&gt;&gt;</a>&nbsp;&nbsp;&nbsp;rt_assert_handler
<LI><a href="#[91]">&gt;&gt;</a>&nbsp;&nbsp;&nbsp;rt_thread_self
<LI><a href="#[8f]">&gt;&gt;</a>&nbsp;&nbsp;&nbsp;rt_hw_interrupt_enable
<LI><a href="#[8e]">&gt;&gt;</a>&nbsp;&nbsp;&nbsp;rt_hw_interrupt_disable
</UL>

<P><STRONG><a name="[d0]"></a>rt_mutex_release</STRONG> (Thumb, 292 bytes, Stack size 32 bytes, ipc.o(.text), UNUSED)
<BR><BR>[Calls]<UL><LI><a href="#[cf]">&gt;&gt;</a>&nbsp;&nbsp;&nbsp;rt_thread_control
<LI><a href="#[c5]">&gt;&gt;</a>&nbsp;&nbsp;&nbsp;rt_schedule
<LI><a href="#[c8]">&gt;&gt;</a>&nbsp;&nbsp;&nbsp;rt_ipc_list_resume
<LI><a href="#[bb]">&gt;&gt;</a>&nbsp;&nbsp;&nbsp;rt_list_isempty
<LI><a href="#[b0]">&gt;&gt;</a>&nbsp;&nbsp;&nbsp;rt_interrupt_get_nest
<LI><a href="#[9d]">&gt;&gt;</a>&nbsp;&nbsp;&nbsp;rt_object_get_type
<LI><a href="#[a6]">&gt;&gt;</a>&nbsp;&nbsp;&nbsp;rt_kprintf
<LI><a href="#[97]">&gt;&gt;</a>&nbsp;&nbsp;&nbsp;rt_assert_handler
<LI><a href="#[91]">&gt;&gt;</a>&nbsp;&nbsp;&nbsp;rt_thread_self
<LI><a href="#[8f]">&gt;&gt;</a>&nbsp;&nbsp;&nbsp;rt_hw_interrupt_enable
<LI><a href="#[8e]">&gt;&gt;</a>&nbsp;&nbsp;&nbsp;rt_hw_interrupt_disable
</UL>

<P><STRONG><a name="[d1]"></a>rt_mutex_control</STRONG> (Thumb, 52 bytes, Stack size 16 bytes, ipc.o(.text), UNUSED)
<BR><BR>[Calls]<UL><LI><a href="#[9d]">&gt;&gt;</a>&nbsp;&nbsp;&nbsp;rt_object_get_type
<LI><a href="#[97]">&gt;&gt;</a>&nbsp;&nbsp;&nbsp;rt_assert_handler
</UL>

<P><STRONG><a name="[d2]"></a>rt_interrupt_enter</STRONG> (Thumb, 30 bytes, Stack size 8 bytes, irq.o(.text))
<BR><BR>[Stack]<UL><LI>Max Depth = 8<LI>Call Chain = rt_interrupt_enter
</UL>
<BR>[Calls]<UL><LI><a href="#[8f]">&gt;&gt;</a>&nbsp;&nbsp;&nbsp;rt_hw_interrupt_enable
<LI><a href="#[8e]">&gt;&gt;</a>&nbsp;&nbsp;&nbsp;rt_hw_interrupt_disable
</UL>
<BR>[Called By]<UL><LI><a href="#[31]">&gt;&gt;</a>&nbsp;&nbsp;&nbsp;USART1_IRQHandler
<LI><a href="#[34]">&gt;&gt;</a>&nbsp;&nbsp;&nbsp;EXTI15_10_IRQHandler
<LI><a href="#[23]">&gt;&gt;</a>&nbsp;&nbsp;&nbsp;EXTI9_5_IRQHandler
<LI><a href="#[16]">&gt;&gt;</a>&nbsp;&nbsp;&nbsp;EXTI4_IRQHandler
<LI><a href="#[15]">&gt;&gt;</a>&nbsp;&nbsp;&nbsp;EXTI3_IRQHandler
<LI><a href="#[14]">&gt;&gt;</a>&nbsp;&nbsp;&nbsp;EXTI2_IRQHandler
<LI><a href="#[13]">&gt;&gt;</a>&nbsp;&nbsp;&nbsp;EXTI1_IRQHandler
<LI><a href="#[12]">&gt;&gt;</a>&nbsp;&nbsp;&nbsp;EXTI0_IRQHandler
<LI><a href="#[b]">&gt;&gt;</a>&nbsp;&nbsp;&nbsp;SysTick_Handler
</UL>

<P><STRONG><a name="[d3]"></a>rt_interrupt_leave</STRONG> (Thumb, 30 bytes, Stack size 8 bytes, irq.o(.text))
<BR><BR>[Stack]<UL><LI>Max Depth = 8<LI>Call Chain = rt_interrupt_leave
</UL>
<BR>[Calls]<UL><LI><a href="#[8f]">&gt;&gt;</a>&nbsp;&nbsp;&nbsp;rt_hw_interrupt_enable
<LI><a href="#[8e]">&gt;&gt;</a>&nbsp;&nbsp;&nbsp;rt_hw_interrupt_disable
</UL>
<BR>[Called By]<UL><LI><a href="#[31]">&gt;&gt;</a>&nbsp;&nbsp;&nbsp;USART1_IRQHandler
<LI><a href="#[34]">&gt;&gt;</a>&nbsp;&nbsp;&nbsp;EXTI15_10_IRQHandler
<LI><a href="#[23]">&gt;&gt;</a>&nbsp;&nbsp;&nbsp;EXTI9_5_IRQHandler
<LI><a href="#[16]">&gt;&gt;</a>&nbsp;&nbsp;&nbsp;EXTI4_IRQHandler
<LI><a href="#[15]">&gt;&gt;</a>&nbsp;&nbsp;&nbsp;EXTI3_IRQHandler
<LI><a href="#[14]">&gt;&gt;</a>&nbsp;&nbsp;&nbsp;EXTI2_IRQHandler
<LI><a href="#[13]">&gt;&gt;</a>&nbsp;&nbsp;&nbsp;EXTI1_IRQHandler
<LI><a href="#[12]">&gt;&gt;</a>&nbsp;&nbsp;&nbsp;EXTI0_IRQHandler
<LI><a href="#[b]">&gt;&gt;</a>&nbsp;&nbsp;&nbsp;SysTick_Handler
</UL>

<P><STRONG><a name="[b0]"></a>rt_interrupt_get_nest</STRONG> (Thumb, 22 bytes, Stack size 16 bytes, irq.o(.text))
<BR><BR>[Stack]<UL><LI>Max Depth = 16<LI>Call Chain = rt_interrupt_get_nest
</UL>
<BR>[Calls]<UL><LI><a href="#[8f]">&gt;&gt;</a>&nbsp;&nbsp;&nbsp;rt_hw_interrupt_enable
<LI><a href="#[8e]">&gt;&gt;</a>&nbsp;&nbsp;&nbsp;rt_hw_interrupt_disable
</UL>
<BR>[Called By]<UL><LI><a href="#[ee]">&gt;&gt;</a>&nbsp;&nbsp;&nbsp;rt_object_find
<LI><a href="#[e9]">&gt;&gt;</a>&nbsp;&nbsp;&nbsp;rt_realloc
<LI><a href="#[e8]">&gt;&gt;</a>&nbsp;&nbsp;&nbsp;rt_system_heap_init
<LI><a href="#[d5]">&gt;&gt;</a>&nbsp;&nbsp;&nbsp;_rt_errno
<LI><a href="#[d4]">&gt;&gt;</a>&nbsp;&nbsp;&nbsp;rt_get_errno
<LI><a href="#[c0]">&gt;&gt;</a>&nbsp;&nbsp;&nbsp;rt_object_allocate
<LI><a href="#[d0]">&gt;&gt;</a>&nbsp;&nbsp;&nbsp;rt_mutex_release
<LI><a href="#[ce]">&gt;&gt;</a>&nbsp;&nbsp;&nbsp;rt_mutex_take
<LI><a href="#[cd]">&gt;&gt;</a>&nbsp;&nbsp;&nbsp;rt_mutex_delete
<LI><a href="#[cc]">&gt;&gt;</a>&nbsp;&nbsp;&nbsp;rt_mutex_create
<LI><a href="#[c2]">&gt;&gt;</a>&nbsp;&nbsp;&nbsp;rt_sem_take
<LI><a href="#[c1]">&gt;&gt;</a>&nbsp;&nbsp;&nbsp;rt_sem_delete
<LI><a href="#[bf]">&gt;&gt;</a>&nbsp;&nbsp;&nbsp;rt_sem_create
<LI><a href="#[af]">&gt;&gt;</a>&nbsp;&nbsp;&nbsp;rt_thread_idle_excute
<LI><a href="#[aa]">&gt;&gt;</a>&nbsp;&nbsp;&nbsp;rt_set_errno
<LI><a href="#[a1]">&gt;&gt;</a>&nbsp;&nbsp;&nbsp;rt_malloc
<LI><a href="#[a4]">&gt;&gt;</a>&nbsp;&nbsp;&nbsp;rt_free
<LI><a href="#[15a]">&gt;&gt;</a>&nbsp;&nbsp;&nbsp;rt_completion_wait
</UL>

<P><STRONG><a name="[d4]"></a>rt_get_errno</STRONG> (Thumb, 32 bytes, Stack size 8 bytes, kservice.o(.text), UNUSED)
<BR><BR>[Calls]<UL><LI><a href="#[b0]">&gt;&gt;</a>&nbsp;&nbsp;&nbsp;rt_interrupt_get_nest
<LI><a href="#[91]">&gt;&gt;</a>&nbsp;&nbsp;&nbsp;rt_thread_self
</UL>

<P><STRONG><a name="[aa]"></a>rt_set_errno</STRONG> (Thumb, 36 bytes, Stack size 16 bytes, kservice.o(.text))
<BR><BR>[Stack]<UL><LI>Max Depth = 32<LI>Call Chain = rt_set_errno &rArr; rt_interrupt_get_nest
</UL>
<BR>[Calls]<UL><LI><a href="#[b0]">&gt;&gt;</a>&nbsp;&nbsp;&nbsp;rt_interrupt_get_nest
<LI><a href="#[91]">&gt;&gt;</a>&nbsp;&nbsp;&nbsp;rt_thread_self
</UL>
<BR>[Called By]<UL><LI><a href="#[ab]">&gt;&gt;</a>&nbsp;&nbsp;&nbsp;rt_device_write
<LI><a href="#[a9]">&gt;&gt;</a>&nbsp;&nbsp;&nbsp;rt_device_read
</UL>

<P><STRONG><a name="[d5]"></a>_rt_errno</STRONG> (Thumb, 30 bytes, Stack size 8 bytes, kservice.o(.text), UNUSED)
<BR><BR>[Calls]<UL><LI><a href="#[b0]">&gt;&gt;</a>&nbsp;&nbsp;&nbsp;rt_interrupt_get_nest
<LI><a href="#[91]">&gt;&gt;</a>&nbsp;&nbsp;&nbsp;rt_thread_self
</UL>

<P><STRONG><a name="[a2]"></a>rt_memset</STRONG> (Thumb, 20 bytes, Stack size 12 bytes, kservice.o(.text))
<BR><BR>[Stack]<UL><LI>Max Depth = 12<LI>Call Chain = rt_memset
</UL>
<BR>[Called By]<UL><LI><a href="#[ea]">&gt;&gt;</a>&nbsp;&nbsp;&nbsp;rt_calloc
<LI><a href="#[c0]">&gt;&gt;</a>&nbsp;&nbsp;&nbsp;rt_object_allocate
<LI><a href="#[a0]">&gt;&gt;</a>&nbsp;&nbsp;&nbsp;rt_device_create
<LI><a href="#[56]">&gt;&gt;</a>&nbsp;&nbsp;&nbsp;rt_serial_open
<LI><a href="#[fe]">&gt;&gt;</a>&nbsp;&nbsp;&nbsp;_rt_thread_init
</UL>

<P><STRONG><a name="[da]"></a>rt_memcpy</STRONG> (Thumb, 58 bytes, Stack size 20 bytes, kservice.o(.text), UNUSED)
<BR><BR>[Called By]<UL><LI><a href="#[e9]">&gt;&gt;</a>&nbsp;&nbsp;&nbsp;rt_realloc
<LI><a href="#[d9]">&gt;&gt;</a>&nbsp;&nbsp;&nbsp;rt_strdup
</UL>

<P><STRONG><a name="[1fd]"></a>rt_memmove</STRONG> (Thumb, 66 bytes, Stack size 16 bytes, kservice.o(.text), UNUSED)

<P><STRONG><a name="[d8]"></a>rt_memcmp</STRONG> (Thumb, 38 bytes, Stack size 20 bytes, kservice.o(.text), UNUSED)
<BR><BR>[Called By]<UL><LI><a href="#[d6]">&gt;&gt;</a>&nbsp;&nbsp;&nbsp;rt_strstr
</UL>

<P><STRONG><a name="[d7]"></a>rt_strlen</STRONG> (Thumb, 18 bytes, Stack size 0 bytes, kservice.o(.text))
<BR><BR>[Called By]<UL><LI><a href="#[e4]">&gt;&gt;</a>&nbsp;&nbsp;&nbsp;rt_kputs
<LI><a href="#[db]">&gt;&gt;</a>&nbsp;&nbsp;&nbsp;rt_vsnprintf
<LI><a href="#[d9]">&gt;&gt;</a>&nbsp;&nbsp;&nbsp;rt_strdup
<LI><a href="#[d6]">&gt;&gt;</a>&nbsp;&nbsp;&nbsp;rt_strstr
</UL>

<P><STRONG><a name="[d6]"></a>rt_strstr</STRONG> (Thumb, 58 bytes, Stack size 20 bytes, kservice.o(.text), UNUSED)
<BR><BR>[Calls]<UL><LI><a href="#[d7]">&gt;&gt;</a>&nbsp;&nbsp;&nbsp;rt_strlen
<LI><a href="#[d8]">&gt;&gt;</a>&nbsp;&nbsp;&nbsp;rt_memcmp
</UL>

<P><STRONG><a name="[1fe]"></a>rt_strcasecmp</STRONG> (Thumb, 48 bytes, Stack size 12 bytes, kservice.o(.text), UNUSED)

<P><STRONG><a name="[eb]"></a>rt_strncpy</STRONG> (Thumb, 52 bytes, Stack size 16 bytes, kservice.o(.text))
<BR><BR>[Stack]<UL><LI>Max Depth = 16<LI>Call Chain = rt_strncpy
</UL>
<BR>[Called By]<UL><LI><a href="#[c0]">&gt;&gt;</a>&nbsp;&nbsp;&nbsp;rt_object_allocate
<LI><a href="#[9b]">&gt;&gt;</a>&nbsp;&nbsp;&nbsp;rt_object_init
</UL>

<P><STRONG><a name="[98]"></a>rt_strncmp</STRONG> (Thumb, 40 bytes, Stack size 12 bytes, kservice.o(.text))
<BR><BR>[Stack]<UL><LI>Max Depth = 12<LI>Call Chain = rt_strncmp
</UL>
<BR>[Called By]<UL><LI><a href="#[ee]">&gt;&gt;</a>&nbsp;&nbsp;&nbsp;rt_object_find
<LI><a href="#[94]">&gt;&gt;</a>&nbsp;&nbsp;&nbsp;rt_device_find
<LI><a href="#[10b]">&gt;&gt;</a>&nbsp;&nbsp;&nbsp;rt_thread_find
</UL>

<P><STRONG><a name="[1ff]"></a>rt_strcmp</STRONG> (Thumb, 28 bytes, Stack size 0 bytes, kservice.o(.text), UNUSED)

<P><STRONG><a name="[200]"></a>rt_strnlen</STRONG> (Thumb, 24 bytes, Stack size 0 bytes, kservice.o(.text), UNUSED)

<P><STRONG><a name="[d9]"></a>rt_strdup</STRONG> (Thumb, 40 bytes, Stack size 16 bytes, kservice.o(.text), UNUSED)
<BR><BR>[Calls]<UL><LI><a href="#[d7]">&gt;&gt;</a>&nbsp;&nbsp;&nbsp;rt_strlen
<LI><a href="#[da]">&gt;&gt;</a>&nbsp;&nbsp;&nbsp;rt_memcpy
<LI><a href="#[a1]">&gt;&gt;</a>&nbsp;&nbsp;&nbsp;rt_malloc
</UL>

<P><STRONG><a name="[201]"></a>strdup</STRONG> (Thumb, 0 bytes, Stack size 16 bytes, kservice.o(.text), UNUSED)

<P><STRONG><a name="[de]"></a>rt_hw_console_output</STRONG> (Thumb, 2 bytes, Stack size 0 bytes, kservice.o(.text))
<BR><BR>[Called By]<UL><LI><a href="#[e4]">&gt;&gt;</a>&nbsp;&nbsp;&nbsp;rt_kputs
<LI><a href="#[a6]">&gt;&gt;</a>&nbsp;&nbsp;&nbsp;rt_kprintf
</UL>

<P><STRONG><a name="[db]"></a>rt_vsnprintf</STRONG> (Thumb, 808 bytes, Stack size 88 bytes, kservice.o(.text))
<BR><BR>[Stack]<UL><LI>Max Depth = 148<LI>Call Chain = rt_vsnprintf &rArr; print_number
</UL>
<BR>[Calls]<UL><LI><a href="#[d7]">&gt;&gt;</a>&nbsp;&nbsp;&nbsp;rt_strlen
<LI><a href="#[dc]">&gt;&gt;</a>&nbsp;&nbsp;&nbsp;skip_atoi
<LI><a href="#[dd]">&gt;&gt;</a>&nbsp;&nbsp;&nbsp;print_number
</UL>
<BR>[Called By]<UL><LI><a href="#[e1]">&gt;&gt;</a>&nbsp;&nbsp;&nbsp;rt_vsprintf
<LI><a href="#[e0]">&gt;&gt;</a>&nbsp;&nbsp;&nbsp;rt_snprintf
<LI><a href="#[a6]">&gt;&gt;</a>&nbsp;&nbsp;&nbsp;rt_kprintf
</UL>

<P><STRONG><a name="[a6]"></a>rt_kprintf</STRONG> (Thumb, 96 bytes, Stack size 32 bytes, kservice.o(.text))
<BR><BR>[Stack]<UL><LI>Max Depth = 180<LI>Call Chain = rt_kprintf &rArr; rt_vsnprintf &rArr; print_number
</UL>
<BR>[Calls]<UL><LI><a href="#[de]">&gt;&gt;</a>&nbsp;&nbsp;&nbsp;rt_hw_console_output
<LI><a href="#[db]">&gt;&gt;</a>&nbsp;&nbsp;&nbsp;rt_vsnprintf
<LI><a href="#[ab]">&gt;&gt;</a>&nbsp;&nbsp;&nbsp;rt_device_write
</UL>
<BR>[Called By]<UL><LI><a href="#[ef]">&gt;&gt;</a>&nbsp;&nbsp;&nbsp;_rt_scheduler_stack_check
<LI><a href="#[ee]">&gt;&gt;</a>&nbsp;&nbsp;&nbsp;rt_object_find
<LI><a href="#[e9]">&gt;&gt;</a>&nbsp;&nbsp;&nbsp;rt_realloc
<LI><a href="#[e8]">&gt;&gt;</a>&nbsp;&nbsp;&nbsp;rt_system_heap_init
<LI><a href="#[df]">&gt;&gt;</a>&nbsp;&nbsp;&nbsp;rt_show_version
[...]
<BR><BR>[Stack]<UL><LI>Max Depth = 24<LI>Call Chain = N32G43X_pin_dettach_irq
</UL>
<BR>[Calls]<UL><LI><a href="#[8f]">&gt;&gt;</a>&nbsp;&nbsp;&nbsp;rt_hw_interrupt_enable
<LI><a href="#[8e]">&gt;&gt;</a>&nbsp;&nbsp;&nbsp;rt_hw_interrupt_disable
<LI><a href="#[15f]">&gt;&gt;</a>&nbsp;&nbsp;&nbsp;bit2bitno
<LI><a href="#[15c]">&gt;&gt;</a>&nbsp;&nbsp;&nbsp;get_pin
</UL>
<BR>[Address Reference Count : 1]<UL><LI> drv_gpio.o(.constdata)
</UL>
<P><STRONG><a name="[70]"></a>N32G43X_pin_irq_enable</STRONG> (Thumb, 538 bytes, Stack size 48 bytes, drv_gpio.o(.text))
<BR><BR>[Stack]<UL><LI>Max Depth = 60<LI>Call Chain = N32G43X_pin_irq_enable &rArr; GPIO_ConfigEXTILine
</UL>
<BR>[Calls]<UL><LI><a href="#[8f]">&gt;&gt;</a>&nbsp;&nbsp;&nbsp;rt_hw_interrupt_enable
<LI><a href="#[8e]">&gt;&gt;</a>&nbsp;&nbsp;&nbsp;rt_hw_interrupt_disable
<LI><a href="#[127]">&gt;&gt;</a>&nbsp;&nbsp;&nbsp;EXTI_ClrITPendBit
<LI><a href="#[128]">&gt;&gt;</a>&nbsp;&nbsp;&nbsp;EXTI_InitStruct
<LI><a href="#[129]">&gt;&gt;</a>&nbsp;&nbsp;&nbsp;EXTI_InitPeripheral
<LI><a href="#[142]">&gt;&gt;</a>&nbsp;&nbsp;&nbsp;RCC_EnableAPB2PeriphClk
<LI><a href="#[160]">&gt;&gt;</a>&nbsp;&nbsp;&nbsp;GPIO_ConfigEXTILine
<LI><a href="#[15f]">&gt;&gt;</a>&nbsp;&nbsp;&nbsp;bit2bitno
<LI><a href="#[15c]">&gt;&gt;</a>&nbsp;&nbsp;&nbsp;get_pin
<LI><a href="#[161]">&gt;&gt;</a>&nbsp;&nbsp;&nbsp;__NVIC_DisableIRQ
</UL>
<BR>[Address Reference Count : 1]<UL><LI> drv_gpio.o(.constdata)
</UL>
<P><STRONG><a name="[165]"></a>uart_isr</STRONG> (Thumb, 82 bytes, Stack size 16 bytes, drv_usart.o(.text))
<BR><BR>[Stack]<UL><LI>Max Depth = 308<LI>Call Chain = uart_isr &rArr; rt_hw_serial_isr &rArr; rt_completion_done &rArr; rt_schedule &rArr; _rt_scheduler_stack_check &rArr; rt_assert_handler &rArr; rt_kprintf &rArr; rt_vsnprintf &rArr; print_number
</UL>
<BR>[Calls]<UL><LI><a href="#[97]">&gt;&gt;</a>&nbsp;&nbsp;&nbsp;rt_assert_handler
<LI><a href="#[166]">&gt;&gt;</a>&nbsp;&nbsp;&nbsp;USART_GetIntStatus
<LI><a href="#[167]">&gt;&gt;</a>&nbsp;&nbsp;&nbsp;USART_GetFlagStatus
<LI><a href="#[158]">&gt;&gt;</a>&nbsp;&nbsp;&nbsp;rt_hw_serial_isr
</UL>
<BR>[Called By]<UL><LI><a href="#[31]">&gt;&gt;</a>&nbsp;&nbsp;&nbsp;USART1_IRQHandler
</UL>

<P><STRONG><a name="[71]"></a>n32g43x_configure</STRONG> (Thumb, 330 bytes, Stack size 32 bytes, drv_usart.o(.text))
<BR><BR>[Stack]<UL><LI>Max Depth = 236<LI>Call Chain = n32g43x_configure &rArr; rt_assert_handler &rArr; rt_kprintf &rArr; rt_vsnprintf &rArr; print_number
</UL>
<BR>[Calls]<UL><LI><a href="#[97]">&gt;&gt;</a>&nbsp;&nbsp;&nbsp;rt_assert_handler
<LI><a href="#[16a]">&gt;&gt;</a>&nbsp;&nbsp;&nbsp;USART_Enable
<LI><a href="#[169]">&gt;&gt;</a>&nbsp;&nbsp;&nbsp;USART_StructInit
<LI><a href="#[8b]">&gt;&gt;</a>&nbsp;&nbsp;&nbsp;USART_Init
<LI><a href="#[168]">&gt;&gt;</a>&nbsp;&nbsp;&nbsp;n32g43x_uart_gpio_init
</UL>
<BR>[Address Reference Count : 1]<UL><LI> drv_usart.o(.constdata)
</UL>
<P><STRONG><a name="[72]"></a>n32g43x_control</STRONG> (Thumb, 120 bytes, Stack size 24 bytes, drv_usart.o(.text))
<BR><BR>[Stack]<UL><LI>Max Depth = 228<LI>Call Chain = n32g43x_control &rArr; rt_assert_handler &rArr; rt_kprintf &rArr; rt_vsnprintf &rArr; print_number
</UL>
<BR>[Calls]<UL><LI><a href="#[97]">&gt;&gt;</a>&nbsp;&nbsp;&nbsp;rt_assert_handler
<LI><a href="#[16b]">&gt;&gt;</a>&nbsp;&nbsp;&nbsp;USART_ConfigInt
<LI><a href="#[126]">&gt;&gt;</a>&nbsp;&nbsp;&nbsp;NVIC_Init
<LI><a href="#[125]">&gt;&gt;</a>&nbsp;&nbsp;&nbsp;NVIC_PriorityGroupConfig
</UL>
<BR>[Address Reference Count : 1]<UL><LI> drv_usart.o(.constdata)
</UL>
<P><STRONG><a name="[73]"></a>n32g43x_putc</STRONG> (Thumb, 48 bytes, Stack size 16 bytes, drv_usart.o(.text))
<BR><BR>[Stack]<UL><LI>Max Depth = 220<LI>Call Chain = n32g43x_putc &rArr; rt_assert_handler &rArr; rt_kprintf &rArr; rt_vsnprintf &rArr; print_number
</UL>
<BR>[Calls]<UL><LI><a href="#[97]">&gt;&gt;</a>&nbsp;&nbsp;&nbsp;rt_assert_handler
<LI><a href="#[167]">&gt;&gt;</a>&nbsp;&nbsp;&nbsp;USART_GetFlagStatus
<LI><a href="#[16c]">&gt;&gt;</a>&nbsp;&nbsp;&nbsp;USART_SendData
</UL>
<BR>[Address Reference Count : 1]<UL><LI> drv_usart.o(.constdata)
</UL>
<P><STRONG><a name="[74]"></a>n32g43x_getc</STRONG> (Thumb, 46 bytes, Stack size 16 bytes, drv_usart.o(.text))
<BR><BR>[Stack]<UL><LI>Max Depth = 220<LI>Call Chain = n32g43x_getc &rArr; rt_assert_handler &rArr; rt_kprintf &rArr; rt_vsnprintf &rArr; print_number
</UL>
<BR>[Calls]<UL><LI><a href="#[97]">&gt;&gt;</a>&nbsp;&nbsp;&nbsp;rt_assert_handler
<LI><a href="#[167]">&gt;&gt;</a>&nbsp;&nbsp;&nbsp;USART_GetFlagStatus
<LI><a href="#[16d]">&gt;&gt;</a>&nbsp;&nbsp;&nbsp;USART_ReceiveData
</UL>
<BR>[Address Reference Count : 1]<UL><LI> drv_usart.o(.constdata)
</UL>
<P><STRONG><a name="[18f]"></a>usb_slist_add_tail</STRONG> (Thumb, 16 bytes, Stack size 0 bytes, usbd_core.o(.text))
<BR><BR>[Called By]<UL><LI><a href="#[190]">&gt;&gt;</a>&nbsp;&nbsp;&nbsp;usbd_class_add_interface
<LI><a href="#[18e]">&gt;&gt;</a>&nbsp;&nbsp;&nbsp;usbd_class_register
<LI><a href="#[132]">&gt;&gt;</a>&nbsp;&nbsp;&nbsp;usbd_interface_add_endpoint
</UL>

<P><STRONG><a name="[16e]"></a>usbd_print_setup</STRONG> (Thumb, 42 bytes, Stack size 16 bytes, usbd_core.o(.text))
<BR><BR>[Stack]<UL><LI>Max Depth = 196<LI>Call Chain = usbd_print_setup &rArr; rt_kprintf &rArr; rt_vsnprintf &rArr; print_number
</UL>
<BR>[Calls]<UL><LI><a href="#[a6]">&gt;&gt;</a>&nbsp;&nbsp;&nbsp;rt_kprintf
</UL>
<BR>[Called By]<UL><LI><a href="#[184]">&gt;&gt;</a>&nbsp;&nbsp;&nbsp;usbd_setup_request_handler
</UL>

<P><STRONG><a name="[179]"></a>is_device_configured</STRONG> (Thumb, 16 bytes, Stack size 0 bytes, usbd_core.o(.text))
<BR><BR>[Called By]<UL><LI><a href="#[17e]">&gt;&gt;</a>&nbsp;&nbsp;&nbsp;usbd_std_interface_req_handler
<LI><a href="#[177]">&gt;&gt;</a>&nbsp;&nbsp;&nbsp;usbd_std_endpoint_req_handler
</UL>

<P><STRONG><a name="[17f]"></a>is_interface_valid</STRONG> (Thumb, 40 bytes, Stack size 0 bytes, usbd_core.o(.text))
<BR><BR>[Called By]<UL><LI><a href="#[17e]">&gt;&gt;</a>&nbsp;&nbsp;&nbsp;usbd_std_interface_req_handler
</UL>

<P><STRONG><a name="[178]"></a>is_ep_valid</STRONG> (Thumb, 16 bytes, Stack size 0 bytes, usbd_core.o(.text))
<BR><BR>[Called By]<UL><LI><a href="#[177]">&gt;&gt;</a>&nbsp;&nbsp;&nbsp;usbd_std_endpoint_req_handler
</UL>

<P><STRONG><a name="[18a]"></a>usbd_ep_callback_register</STRONG> (Thumb, 86 bytes, Stack size 20 bytes, usbd_core.o(.text))
<BR><BR>[Stack]<UL><LI>Max Depth = 20<LI>Call Chain = usbd_ep_callback_register
</UL>
<BR>[Called By]<UL><LI><a href="#[17c]">&gt;&gt;</a>&nbsp;&nbsp;&nbsp;usbd_event_notify_handler
</UL>

<P><STRONG><a name="[16f]"></a>usbd_set_endpoint</STRONG> (Thumb, 80 bytes, Stack size 16 bytes, usbd_core.o(.text))
<BR><BR>[Stack]<UL><LI>Max Depth = 196<LI>Call Chain = usbd_set_endpoint &rArr; rt_kprintf &rArr; rt_vsnprintf &rArr; print_number
</UL>
<BR>[Calls]<UL><LI><a href="#[a6]">&gt;&gt;</a>&nbsp;&nbsp;&nbsp;rt_kprintf
<LI><a href="#[170]">&gt;&gt;</a>&nbsp;&nbsp;&nbsp;usbd_ep_open
</UL>
<BR>[Called By]<UL><LI><a href="#[180]">&gt;&gt;</a>&nbsp;&nbsp;&nbsp;usbd_set_interface
<LI><a href="#[174]">&gt;&gt;</a>&nbsp;&nbsp;&nbsp;usbd_set_configuration
</UL>

<P><STRONG><a name="[171]"></a>usbd_reset_endpoint</STRONG> (Thumb, 72 bytes, Stack size 16 bytes, usbd_core.o(.text))
<BR><BR>[Stack]<UL><LI>Max Depth = 196<LI>Call Chain = usbd_reset_endpoint &rArr; rt_kprintf &rArr; rt_vsnprintf &rArr; print_number
</UL>
<BR>[Calls]<UL><LI><a href="#[a6]">&gt;&gt;</a>&nbsp;&nbsp;&nbsp;rt_kprintf
<LI><a href="#[172]">&gt;&gt;</a>&nbsp;&nbsp;&nbsp;usbd_ep_close
</UL>
<BR>[Called By]<UL><LI><a href="#[180]">&gt;&gt;</a>&nbsp;&nbsp;&nbsp;usbd_set_interface
</UL>

<P><STRONG><a name="[173]"></a>usbd_get_descriptor</STRONG> (Thumb, 264 bytes, Stack size 40 bytes, usbd_core.o(.text))
<BR><BR>[Stack]<UL><LI>Max Depth = 220<LI>Call Chain = usbd_get_descriptor &rArr; rt_kprintf &rArr; rt_vsnprintf &rArr; print_number
</UL>
<BR>[Calls]<UL><LI><a href="#[a6]">&gt;&gt;</a>&nbsp;&nbsp;&nbsp;rt_kprintf
</UL>
<BR>[Called By]<UL><LI><a href="#[181]">&gt;&gt;</a>&nbsp;&nbsp;&nbsp;usbd_std_device_req_handler
</UL>

<P><STRONG><a name="[174]"></a>usbd_set_configuration</STRONG> (Thumb, 126 bytes, Stack size 32 bytes, usbd_core.o(.text))
<BR><BR>[Stack]<UL><LI>Max Depth = 228<LI>Call Chain = usbd_set_configuration &rArr; usbd_set_endpoint &rArr; rt_kprintf &rArr; rt_vsnprintf &rArr; print_number
</UL>
<BR>[Calls]<UL><LI><a href="#[a6]">&gt;&gt;</a>&nbsp;&nbsp;&nbsp;rt_kprintf
<LI><a href="#[16f]">&gt;&gt;</a>&nbsp;&nbsp;&nbsp;usbd_set_endpoint
</UL>
<BR>[Called By]<UL><LI><a href="#[181]">&gt;&gt;</a>&nbsp;&nbsp;&nbsp;usbd_std_device_req_handler
</UL>

<P><STRONG><a name="[18d]"></a>usbd_ep_out_handler</STRONG> (Thumb, 36 bytes, Stack size 8 bytes, usbd_core.o(.text))
<BR><BR>[Stack]<UL><LI>Max Depth = 8<LI>Call Chain = usbd_ep_out_handler
</UL>
<BR>[Called By]<UL><LI><a href="#[17c]">&gt;&gt;</a>&nbsp;&nbsp;&nbsp;usbd_event_notify_handler
</UL>

<P><STRONG><a name="[18c]"></a>usbd_ep_in_handler</STRONG> (Thumb, 32 bytes, Stack size 8 bytes, usbd_core.o(.text))
<BR><BR>[Stack]<UL><LI>Max Depth = 8<LI>Call Chain = usbd_ep_in_handler
</UL>
<BR>[Called By]<UL><LI><a href="#[17c]">&gt;&gt;</a>&nbsp;&nbsp;&nbsp;usbd_event_notify_handler
</UL>

<P><STRONG><a name="[175]"></a>usbd_send_to_host</STRONG> (Thumb, 168 bytes, Stack size 16 bytes, usbd_core.o(.text))
<BR><BR>[Stack]<UL><LI>Max Depth = 196<LI>Call Chain = usbd_send_to_host &rArr; rt_kprintf &rArr; rt_vsnprintf &rArr; print_number
</UL>
<BR>[Calls]<UL><LI><a href="#[a6]">&gt;&gt;</a>&nbsp;&nbsp;&nbsp;rt_kprintf
<LI><a href="#[123]">&gt;&gt;</a>&nbsp;&nbsp;&nbsp;usbd_ep_write
</UL>
<BR>[Called By]<UL><LI><a href="#[189]">&gt;&gt;</a>&nbsp;&nbsp;&nbsp;usbd_ep0_setup_handler
<LI><a href="#[188]">&gt;&gt;</a>&nbsp;&nbsp;&nbsp;usbd_ep0_in_handler
<LI><a href="#[187]">&gt;&gt;</a>&nbsp;&nbsp;&nbsp;usbd_ep0_out_handler
</UL>

<P><STRONG><a name="[176]"></a>usbd_vendor_request_handler</STRONG> (Thumb, 682 bytes, Stack size 32 bytes, usbd_core.o(.text))
<BR><BR>[Stack]<UL><LI>Max Depth = 212<LI>Call Chain = usbd_vendor_request_handler &rArr; rt_kprintf &rArr; rt_vsnprintf &rArr; print_number
</UL>
<BR>[Calls]<UL><LI><a href="#[a6]">&gt;&gt;</a>&nbsp;&nbsp;&nbsp;rt_kprintf
</UL>
<BR>[Called By]<UL><LI><a href="#[184]">&gt;&gt;</a>&nbsp;&nbsp;&nbsp;usbd_setup_request_handler
</UL>

<P><STRONG><a name="[186]"></a>usbd_class_request_handler</STRONG> (Thumb, 84 bytes, Stack size 32 bytes, usbd_core.o(.text))
<BR><BR>[Stack]<UL><LI>Max Depth = 32<LI>Call Chain = usbd_class_request_handler
</UL>
<BR>[Called By]<UL><LI><a href="#[184]">&gt;&gt;</a>&nbsp;&nbsp;&nbsp;usbd_setup_request_handler
</UL>

<P><STRONG><a name="[177]"></a>usbd_std_endpoint_req_handler</STRONG> (Thumb, 252 bytes, Stack size 24 bytes, usbd_core.o(.text))
<BR><BR>[Stack]<UL><LI>Max Depth = 204 + In Cycle
<LI>Call Chain = usbd_std_endpoint_req_handler &rArr;  usbd_event_notify_handler (Cycle)
</UL>
<BR>[Calls]<UL><LI><a href="#[a6]">&gt;&gt;</a>&nbsp;&nbsp;&nbsp;rt_kprintf
<LI><a href="#[17d]">&gt;&gt;</a>&nbsp;&nbsp;&nbsp;usbd_ep_set_stall
<LI><a href="#[17a]">&gt;&gt;</a>&nbsp;&nbsp;&nbsp;usbd_ep_is_stalled
<LI><a href="#[17b]">&gt;&gt;</a>&nbsp;&nbsp;&nbsp;usbd_ep_clear_stall
<LI><a href="#[17c]">&gt;&gt;</a>&nbsp;&nbsp;&nbsp;usbd_event_notify_handler
<LI><a href="#[178]">&gt;&gt;</a>&nbsp;&nbsp;&nbsp;is_ep_valid
<LI><a href="#[179]">&gt;&gt;</a>&nbsp;&nbsp;&nbsp;is_device_configured
</UL>
<BR>[Called By]<UL><LI><a href="#[183]">&gt;&gt;</a>&nbsp;&nbsp;&nbsp;usbd_standard_request_handler
</UL>

<P><STRONG><a name="[17e]"></a>usbd_std_interface_req_handler</STRONG> (Thumb, 128 bytes, Stack size 16 bytes, usbd_core.o(.text))
<BR><BR>[Stack]<UL><LI>Max Depth = 252<LI>Call Chain = usbd_std_interface_req_handler &rArr; usbd_set_interface &rArr;  usbd_event_notify_handler (Cycle)
</UL>
<BR>[Calls]<UL><LI><a href="#[a6]">&gt;&gt;</a>&nbsp;&nbsp;&nbsp;rt_kprintf
<LI><a href="#[180]">&gt;&gt;</a>&nbsp;&nbsp;&nbsp;usbd_set_interface
<LI><a href="#[17f]">&gt;&gt;</a>&nbsp;&nbsp;&nbsp;is_interface_valid
<LI><a href="#[179]">&gt;&gt;</a>&nbsp;&nbsp;&nbsp;is_device_configured
</UL>
<BR>[Called By]<UL><LI><a href="#[183]">&gt;&gt;</a>&nbsp;&nbsp;&nbsp;usbd_standard_request_handler
</UL>

<P><STRONG><a name="[181]"></a>usbd_std_device_req_handler</STRONG> (Thumb, 224 bytes, Stack size 24 bytes, usbd_core.o(.text))
<BR><BR>[Stack]<UL><LI>Max Depth = 252 + In Cycle
<LI>Call Chain = usbd_std_device_req_handler &rArr;  usbd_event_notify_handler (Cycle)
</UL>
<BR>[Calls]<UL><LI><a href="#[a6]">&gt;&gt;</a>&nbsp;&nbsp;&nbsp;rt_kprintf
<LI><a href="#[182]">&gt;&gt;</a>&nbsp;&nbsp;&nbsp;usbd_set_address
<LI><a href="#[17c]">&gt;&gt;</a>&nbsp;&nbsp;&nbsp;usbd_event_notify_handler
<LI><a href="#[174]">&gt;&gt;</a>&nbsp;&nbsp;&nbsp;usbd_set_configuration
<LI><a href="#[173]">&gt;&gt;</a>&nbsp;&nbsp;&nbsp;usbd_get_descriptor
</UL>
<BR>[Called By]<UL><LI><a href="#[183]">&gt;&gt;</a>&nbsp;&nbsp;&nbsp;usbd_standard_request_handler
</UL>

<P><STRONG><a name="[183]"></a>usbd_standard_request_handler</STRONG> (Thumb, 344 bytes, Stack size 24 bytes, usbd_core.o(.text))
<BR><BR>[Stack]<UL><LI>Max Depth = 276<LI>Call Chain = usbd_standard_request_handler &rArr; usbd_std_device_req_handler &rArr;  usbd_event_notify_handler (Cycle)
</UL>
<BR>[Calls]<UL><LI><a href="#[181]">&gt;&gt;</a>&nbsp;&nbsp;&nbsp;usbd_std_device_req_handler
<LI><a href="#[17e]">&gt;&gt;</a>&nbsp;&nbsp;&nbsp;usbd_std_interface_req_handler
<LI><a href="#[177]">&gt;&gt;</a>&nbsp;&nbsp;&nbsp;usbd_std_endpoint_req_handler
</UL>
<BR>[Called By]<UL><LI><a href="#[184]">&gt;&gt;</a>&nbsp;&nbsp;&nbsp;usbd_setup_request_handler
</UL>

<P><STRONG><a name="[185]"></a>usbd_custom_request_handler</STRONG> (Thumb, 84 bytes, Stack size 32 bytes, usbd_core.o(.text))
<BR><BR>[Stack]<UL><LI>Max Depth = 32<LI>Call Chain = usbd_custom_request_handler
</UL>
<BR>[Called By]<UL><LI><a href="#[184]">&gt;&gt;</a>&nbsp;&nbsp;&nbsp;usbd_setup_request_handler
</UL>

<P><STRONG><a name="[184]"></a>usbd_setup_request_handler</STRONG> (Thumb, 208 bytes, Stack size 24 bytes, usbd_core.o(.text))
<BR><BR>[Stack]<UL><LI>Max Depth = 300<LI>Call Chain = usbd_setup_request_handler &rArr; usbd_standard_request_handler &rArr; usbd_std_device_req_handler &rArr;  usbd_event_notify_handler (Cycle)
</UL>
<BR>[Calls]<UL><LI><a href="#[a6]">&gt;&gt;</a>&nbsp;&nbsp;&nbsp;rt_kprintf
<LI><a href="#[185]">&gt;&gt;</a>&nbsp;&nbsp;&nbsp;usbd_custom_request_handler
<LI><a href="#[183]">&gt;&gt;</a>&nbsp;&nbsp;&nbsp;usbd_standard_request_handler
<LI><a href="#[186]">&gt;&gt;</a>&nbsp;&nbsp;&nbsp;usbd_class_request_handler
<LI><a href="#[176]">&gt;&gt;</a>&nbsp;&nbsp;&nbsp;usbd_vendor_request_handler
<LI><a href="#[16e]">&gt;&gt;</a>&nbsp;&nbsp;&nbsp;usbd_print_setup
</UL>
<BR>[Called By]<UL><LI><a href="#[189]">&gt;&gt;</a>&nbsp;&nbsp;&nbsp;usbd_ep0_setup_handler
<LI><a href="#[187]">&gt;&gt;</a>&nbsp;&nbsp;&nbsp;usbd_ep0_out_handler
</UL>

<P><STRONG><a name="[187]"></a>usbd_ep0_out_handler</STRONG> (Thumb, 248 bytes, Stack size 16 bytes, usbd_core.o(.text))
<BR><BR>[Stack]<UL><LI>Max Depth = 316<LI>Call Chain = usbd_ep0_out_handler &rArr; usbd_setup_request_handler &rArr; usbd_standard_request_handler &rArr; usbd_std_device_req_handler &rArr;  usbd_event_notify_handler (Cycle)
</UL>
<BR>[Calls]<UL><LI><a href="#[a6]">&gt;&gt;</a>&nbsp;&nbsp;&nbsp;rt_kprintf
<LI><a href="#[17d]">&gt;&gt;</a>&nbsp;&nbsp;&nbsp;usbd_ep_set_stall
<LI><a href="#[184]">&gt;&gt;</a>&nbsp;&nbsp;&nbsp;usbd_setup_request_handler
<LI><a href="#[175]">&gt;&gt;</a>&nbsp;&nbsp;&nbsp;usbd_send_to_host
<LI><a href="#[120]">&gt;&gt;</a>&nbsp;&nbsp;&nbsp;usbd_ep_read
</UL>
<BR>[Called By]<UL><LI><a href="#[17c]">&gt;&gt;</a>&nbsp;&nbsp;&nbsp;usbd_event_notify_handler
</UL>

<P><STRONG><a name="[188]"></a>usbd_ep0_in_handler</STRONG> (Thumb, 26 bytes, Stack size 8 bytes, usbd_core.o(.text))
<BR><BR>[Stack]<UL><LI>Max Depth = 204<LI>Call Chain = usbd_ep0_in_handler &rArr; usbd_send_to_host &rArr; rt_kprintf &rArr; rt_vsnprintf &rArr; print_number
</UL>
<BR>[Calls]<UL><LI><a href="#[175]">&gt;&gt;</a>&nbsp;&nbsp;&nbsp;usbd_send_to_host
</UL>
<BR>[Called By]<UL><LI><a href="#[17c]">&gt;&gt;</a>&nbsp;&nbsp;&nbsp;usbd_event_notify_handler
</UL>

<P><STRONG><a name="[189]"></a>usbd_ep0_setup_handler</STRONG> (Thumb, 214 bytes, Stack size 8 bytes, usbd_core.o(.text))
<BR><BR>[Stack]<UL><LI>Max Depth = 308<LI>Call Chain = usbd_ep0_setup_handler &rArr; usbd_setup_request_handler &rArr; usbd_standard_request_handler &rArr; usbd_std_device_req_handler &rArr;  usbd_event_notify_handler (Cycle)
</UL>
<BR>[Calls]<UL><LI><a href="#[a6]">&gt;&gt;</a>&nbsp;&nbsp;&nbsp;rt_kprintf
<LI><a href="#[17d]">&gt;&gt;</a>&nbsp;&nbsp;&nbsp;usbd_ep_set_stall
<LI><a href="#[184]">&gt;&gt;</a>&nbsp;&nbsp;&nbsp;usbd_setup_request_handler
<LI><a href="#[175]">&gt;&gt;</a>&nbsp;&nbsp;&nbsp;usbd_send_to_host
<LI><a href="#[120]">&gt;&gt;</a>&nbsp;&nbsp;&nbsp;usbd_ep_read
</UL>
<BR>[Called By]<UL><LI><a href="#[17c]">&gt;&gt;</a>&nbsp;&nbsp;&nbsp;usbd_event_notify_handler
</UL>

<P><STRONG><a name="[18b]"></a>usbd_class_event_notify_handler</STRONG> (Thumb, 52 bytes, Stack size 32 bytes, usbd_core.o(.text))
<BR><BR>[Stack]<UL><LI>Max Depth = 32<LI>Call Chain = usbd_class_event_notify_handler
</UL>
<BR>[Called By]<UL><LI><a href="#[17c]">&gt;&gt;</a>&nbsp;&nbsp;&nbsp;usbd_event_notify_handler
</UL>

<P><STRONG><a name="[180]"></a>usbd_set_interface</STRONG> (Thumb, 118 bytes, Stack size 40 bytes, usbd_core.o(.text))
<BR><BR>[Stack]<UL><LI>Max Depth = 236 + In Cycle
<LI>Call Chain = usbd_set_interface &rArr;  usbd_event_notify_handler (Cycle)
</UL>
<BR>[Calls]<UL><LI><a href="#[17c]">&gt;&gt;</a>&nbsp;&nbsp;&nbsp;usbd_event_notify_handler
<LI><a href="#[171]">&gt;&gt;</a>&nbsp;&nbsp;&nbsp;usbd_reset_endpoint
<LI><a href="#[16f]">&gt;&gt;</a>&nbsp;&nbsp;&nbsp;usbd_set_endpoint
</UL>
<BR>[Called By]<UL><LI><a href="#[17e]">&gt;&gt;</a>&nbsp;&nbsp;&nbsp;usbd_std_interface_req_handler
</UL>

<P><STRONG><a name="[192]"></a>usbd_hid_reset</STRONG> (Thumb, 28 bytes, Stack size 0 bytes, usbd_hid.o(.text))
<BR><BR>[Called By]<UL><LI><a href="#[5d]">&gt;&gt;</a>&nbsp;&nbsp;&nbsp;hid_notify_handler
</UL>

<P><STRONG><a name="[5c]"></a>hid_custom_request_handler</STRONG> (Thumb, 210 bytes, Stack size 32 bytes, usbd_hid.o(.text))
<BR><BR>[Stack]<UL><LI>Max Depth = 212<LI>Call Chain = hid_custom_request_handler &rArr; rt_kprintf &rArr; rt_vsnprintf &rArr; print_number
</UL>
<BR>[Calls]<UL><LI><a href="#[a6]">&gt;&gt;</a>&nbsp;&nbsp;&nbsp;rt_kprintf
</UL>
<BR>[Address Reference Count : 1]<UL><LI> usbd_hid.o(.text)
</UL>
<P><STRONG><a name="[5b]"></a>hid_class_request_handler</STRONG> (Thumb, 260 bytes, Stack size 32 bytes, usbd_hid.o(.text))
<BR><BR>[Stack]<UL><LI>Max Depth = 212<LI>Call Chain = hid_class_request_handler &rArr; rt_kprintf &rArr; rt_vsnprintf &rArr; print_number
</UL>
<BR>[Calls]<UL><LI><a href="#[a6]">&gt;&gt;</a>&nbsp;&nbsp;&nbsp;rt_kprintf
</UL>
<BR>[Address Reference Count : 1]<UL><LI> usbd_hid.o(.text)
</UL>
<P><STRONG><a name="[5d]"></a>hid_notify_handler</STRONG> (Thumb, 22 bytes, Stack size 16 bytes, usbd_hid.o(.text))
<BR><BR>[Stack]<UL><LI>Max Depth = 16<LI>Call Chain = hid_notify_handler
</UL>
<BR>[Calls]<UL><LI><a href="#[192]">&gt;&gt;</a>&nbsp;&nbsp;&nbsp;usbd_hid_reset
</UL>
<BR>[Address Reference Count : 1]<UL><LI> usbd_hid.o(.text)
</UL>
<P><STRONG><a name="[195]"></a>USB_WritePMA</STRONG> (Thumb, 66 bytes, Stack size 32 bytes, usb_dc_fsdev.o(.text))
<BR><BR>[Stack]<UL><LI>Max Depth = 32<LI>Call Chain = USB_WritePMA
</UL>
<BR>[Called By]<UL><LI><a href="#[123]">&gt;&gt;</a>&nbsp;&nbsp;&nbsp;usbd_ep_write
</UL>

<P><STRONG><a name="[196]"></a>USB_ReadPMA</STRONG> (Thumb, 74 bytes, Stack size 28 bytes, usb_dc_fsdev.o(.text))
<BR><BR>[Stack]<UL><LI>Max Depth = 28<LI>Call Chain = USB_ReadPMA
</UL>
<BR>[Called By]<UL><LI><a href="#[120]">&gt;&gt;</a>&nbsp;&nbsp;&nbsp;usbd_ep_read
</UL>
<P>
<H3>
Undefined Global Symbols
</H3><HR></body></html>
