<html>
<body>
<pre>
<h1>µVision Build Log</h1>
<h2>Tool Versions:</h2>
IDE-Version: ¦ÌVision V5.26.2.0
Copyright (C) 2018 ARM Ltd and ARM Germany GmbH. All rights reserved.
License Information: sd 2787883, HP Inc., LIC=CZLZX-HZ9B0-JJY6S-L860V-TE5B5-4THTA
 
Tool Versions:
Toolchain:       MDK-ARM Plus  Version: 5.26.2.0
Toolchain Path:  D:\Keil_v5\ARM\ARMCC\Bin
C Compiler:      Armcc.exe V5.06 update 6 (build 750)
Assembler:       Armasm.exe V5.06 update 6 (build 750)
Linker/Locator:  ArmLink.exe V5.06 update 6 (build 750)
Library Manager: ArmAr.exe V5.06 update 6 (build 750)
Hex Converter:   FromElf.exe V5.06 update 6 (build 750)
CPU DLL:         SARMCM3.DLL V5.26.2.0
Dialog DLL:      DCM.DLL V1.17.2.0
Target DLL:      CMSIS_AGDI.dll V1.30.6.0
Dialog DLL:      TCM.DLL V1.36.1.0
 
<h2>Project:</h2>
Y:\workspace\mcu\N32G435\usb\Mcu_Simulate_JTAG\project\RT_Thread18_Virtual_COM_Port\MDK-ARM\Virtual_COM_Port.uvprojx
Project File Date:  06/26/2026

<h2>Output:</h2>
*** Using Compiler 'V5.06 update 6 (build 750)', folder: 'D:\Keil_v5\ARM\ARMCC\Bin'
Rebuild target 'N32G43x'
assembling startup_n32g43x.s...
compiling irq.c...
compiling clock.c...
compiling device.c...
compiling idle.c...
compiling mempool.c...
compiling memheap.c...
compiling mem.c...
compiling kservice.c...
compiling ipc.c...
assembling context_rvds.S...
compiling object.c...
compiling scheduler.c...
compiling slab.c...
compiling cpu.c...
compiling timer.c...
compiling thread.c...
compiling signal.c...
compiling components.c...
compiling cpuport.c...
compiling pin.c...
compiling completion.c...
compiling serial.c...
compiling cdc_acm.c...
compiling misc.c...
compiling n32g43x_exti.c...
compiling system_n32g43x.c...
compiling n32g43x_gpio.c...
compiling n32g43x_usart.c...
compiling n32g43x_rcc.c...
compiling usbd_cdc.c...
compiling usbd_core.c...
compiling usb_dc_fsdev.c...
compiling main.c...
compiling n32g43x_it.c...
compiling board.c...
compiling drv_usart.c...
compiling drv_gpio.c...
linking...
Program Size: Code=34980 RO-data=4176 RW-data=464 ZI-data=6896  
After Build - User command #1: fromelf --bin --output=.\bin\Virtual_COM_Port.bin .\Objects\Virtual_COM_Port.axf
".\Objects\Virtual_COM_Port.axf" - 0 Error(s), 0 Warning(s).

<h2>Software Packages used:</h2>

Package Vendor: Nationstech
                http://www.keil.com/pack/Nationstech.N32G43x_DFP.1.1.0.pack
                Nationstech.N32G43x_DFP.1.1.0
                Nationstech N32G43x Series Device Support, Drivers and Examples

<h2>Collection of Component include folders:</h2>
  .\RTE\_N32G43x
  D:\Keil_v5\ARM\PACK\Nationstech\N32G43x_DFP\1.1.0\firmware\CMSIS\device

<h2>Collection of Component Files used:</h2>
Build Time Elapsed:  00:00:14
</pre>
</body>
</html>
