Component: ARM Compiler 5.06 update 6 (build 750) Tool: armlink [4d35ed]

==============================================================================

Section Cross References

    startup_n32g43x.o(RESET) refers to startup_n32g43x.o(STACK) for __initial_sp
    startup_n32g43x.o(RESET) refers to startup_n32g43x.o(.text) for Reset_Handler
    startup_n32g43x.o(RESET) refers to n32g43x_it.o(.text) for NMI_Handler
    startup_n32g43x.o(RESET) refers to context_rvds.o(.text) for HardFault_Handler
    startup_n32g43x.o(RESET) refers to board.o(.text) for SysTick_Handler
    startup_n32g43x.o(RESET) refers to drv_gpio.o(.text) for EXTI0_IRQHandler
    startup_n32g43x.o(RESET) refers to usb_dc_fsdev.o(.text) for USB_LP_IRQHandler
    startup_n32g43x.o(RESET) refers to drv_usart.o(.text) for USART1_IRQHandler
    startup_n32g43x.o(.text) refers to system_n32g43x.o(.text) for SystemInit
    startup_n32g43x.o(.text) refers to entry.o(.ARM.Collect$$$$00000000) for __main
    system_n32g43x.o(.text) refers to system_n32g43x.o(.data) for SystemCoreClock
    system_n32g43x.o(.text) refers to system_n32g43x.o(.constdata) for MSIClockTable
    n32g43x_gpio.o(.text) refers to n32g43x_rcc.o(.text) for RCC_EnableAPB2PeriphReset
    n32g43x_rcc.o(.text) refers to n32g43x_rcc.o(.constdata) for s_msiClockTable
    n32g43x_usart.o(.text) refers to n32g43x_rcc.o(.text) for RCC_EnableAPB2PeriphReset
    clock.o(.text) refers to context_rvds.o(.text) for rt_hw_interrupt_disable
    clock.o(.text) refers to thread.o(.text) for rt_thread_self
    clock.o(.text) refers to timer.o(.text) for rt_timer_check
    clock.o(.text) refers to clock.o(.data) for rt_tick
    device.o(.text) refers to thread.o(.text) for rt_thread_self
    device.o(.text) refers to scheduler.o(.text) for rt_enter_critical
    device.o(.text) refers to object.o(.text) for rt_object_get_information
    device.o(.text) refers to kservice.o(.text) for rt_assert_handler
    device.o(.text) refers to mem.o(.text) for rt_malloc
    device.o(.text) refers to device.o(.constdata) for __FUNCTION__
    idle.o(.text) refers to context_rvds.o(.text) for rt_hw_interrupt_disable
    idle.o(.text) refers to irq.o(.text) for rt_interrupt_get_nest
    idle.o(.text) refers to kservice.o(.text) for rt_kprintf
    idle.o(.text) refers to scheduler.o(.text) for rt_enter_critical
    idle.o(.text) refers to object.o(.text) for rt_object_is_systemobject
    idle.o(.text) refers to mem.o(.text) for rt_free
    idle.o(.text) refers to thread.o(.text) for rt_thread_init
    idle.o(.text) refers to idle.o(.constdata) for __FUNCTION__
    idle.o(.text) refers to scheduler.o(.data) for rt_thread_defunct
    idle.o(.text) refers to idle.o(.bss) for rt_thread_stack
    ipc.o(.text) refers to thread.o(.text) for rt_thread_suspend
    ipc.o(.text) refers to context_rvds.o(.text) for rt_hw_interrupt_disable
    ipc.o(.text) refers to kservice.o(.text) for rt_assert_handler
    ipc.o(.text) refers to object.o(.text) for rt_object_init
    ipc.o(.text) refers to irq.o(.text) for rt_interrupt_get_nest
    ipc.o(.text) refers to timer.o(.text) for rt_timer_control
    ipc.o(.text) refers to scheduler.o(.text) for rt_schedule
    ipc.o(.text) refers to ipc.o(.constdata) for __FUNCTION__
    ipc.o(.text) refers to ipc.o(.conststring) for .conststring
    irq.o(.text) refers to context_rvds.o(.text) for rt_hw_interrupt_disable
    irq.o(.text) refers to irq.o(.data) for rt_interrupt_nest
    kservice.o(.text) refers to irq.o(.text) for rt_interrupt_get_nest
    kservice.o(.text) refers to thread.o(.text) for rt_thread_self
    kservice.o(.text) refers to mem.o(.text) for rt_malloc
    kservice.o(.text) refers to kservice.o(.data) for __rt_errno
    kservice.o(.text) refers to kservice.o(.constdata) for large_digits
    kservice.o(.text) refers to device.o(.text) for rt_device_write
    kservice.o(.text) refers to kservice.o(.bss) for rt_log_buf
    mem.o(.text) refers to kservice.o(.text) for rt_assert_handler
    mem.o(.text) refers to context_rvds.o(.text) for rt_hw_interrupt_disable
    mem.o(.text) refers to irq.o(.text) for rt_interrupt_get_nest
    mem.o(.text) refers to ipc.o(.text) for rt_sem_init
    mem.o(.text) refers to mem.o(.data) for heap_ptr
    mem.o(.text) refers to mem.o(.constdata) for __FUNCTION__
    mem.o(.text) refers to mem.o(.bss) for heap_sem
    mem.o(.text) refers to mem.o(.conststring) for .conststring
    object.o(.text) refers to kservice.o(.text) for rt_assert_handler
    object.o(.text) refers to scheduler.o(.text) for rt_enter_critical
    object.o(.text) refers to context_rvds.o(.text) for rt_hw_interrupt_disable
    object.o(.text) refers to irq.o(.text) for rt_interrupt_get_nest
    object.o(.text) refers to mem.o(.text) for rt_malloc
    object.o(.text) refers to object.o(.data) for rt_object_container
    object.o(.text) refers to object.o(.constdata) for __FUNCTION__
    scheduler.o(.text) refers to kservice.o(.text) for rt_assert_handler
[...]
    rt_list_isempty                          0x08004dbb   Thumb Code    16  timer.o(.text)
    .text                                    0x08004ec4   Section        0  components.o(.text)
    rti_start                                0x08004ec5   Thumb Code     4  components.o(.text)
    rti_board_start                          0x08004ec9   Thumb Code     4  components.o(.text)
    rti_board_end                            0x08004ecd   Thumb Code     4  components.o(.text)
    rti_end                                  0x08004ed1   Thumb Code     4  components.o(.text)
    .text                                    0x08004ffc   Section      308  context_rvds.o(.text)
    $v0                                      0x08004ffc   Number         0  context_rvds.o(.text)
    .text                                    0x08005130   Section        0  cpuport.o(.text)
    .text                                    0x080053e8   Section        0  main.o(.text)
    log_thread_entry                         0x08005555   Thumb Code    52  main.o(.text)
    .text                                    0x08005680   Section        0  board.o(.text)
    .text                                    0x08005720   Section        0  n32g43x_it.o(.text)
    .text                                    0x08005740   Section        0  dap_main.o(.text)
    dap_write_response                       0x08005741   Thumb Code    60  dap_main.o(.text)
    dap_handle_info                          0x0800577d   Thumb Code   236  dap_main.o(.text)
    dap_handle_hoststatus                    0x08005869   Thumb Code    28  dap_main.o(.text)
    dap_handle_connect                       0x08005885   Thumb Code    88  dap_main.o(.text)
    dap_handle_disconnect                    0x080058dd   Thumb Code    36  dap_main.o(.text)
    dap_handle_swj_clk                       0x08005901   Thumb Code    76  dap_main.o(.text)
    dap_handle_swj_sequence                  0x0800594d   Thumb Code   264  dap_main.o(.text)
    dap_handle_jtag_sequence_14              0x08005a55   Thumb Code   606  dap_main.o(.text)
    dap_handle_write_abort                   0x08005cb3   Thumb Code    28  dap_main.o(.text)
    dap_handle_delay                         0x08005ccf   Thumb Code    82  dap_main.o(.text)
    dap_handle_reset_target                  0x08005d21   Thumb Code    58  dap_main.o(.text)
    dap_handle_transfer_configure            0x08005d5b   Thumb Code    82  dap_main.o(.text)
    dap_handle_transfer                      0x08005dad   Thumb Code   446  dap_main.o(.text)
    dap_handle_transfer_block                0x08005f6b   Thumb Code   428  dap_main.o(.text)
    .text                                    0x080061f4   Section        0  jtag_driver.o(.text)
    jtag_delay                               0x08006475   Thumb Code    18  jtag_driver.o(.text)
    .text                                    0x08006494   Section        0  usb_descriptor.o(.text)
    .text                                    0x080064b8   Section        0  pin.o(.text)
    _pin_read                                0x080064b9   Thumb Code    62  pin.o(.text)
    _pin_write                               0x080064f7   Thumb Code    62  pin.o(.text)
    _pin_control                             0x08006535   Thumb Code    52  pin.o(.text)
    .text                                    0x08006708   Section        0  serial.o(.text)
    _serial_int_rx                           0x08006709   Thumb Code   140  serial.o(.text)
    _serial_check_buffer_size                0x08006795   Thumb Code    38  serial.o(.text)
    rt_serial_init                           0x080067bb   Thumb Code    52  serial.o(.text)
    rt_serial_open                           0x080067ef   Thumb Code   344  serial.o(.text)
    rt_serial_close                          0x08006947   Thumb Code   150  serial.o(.text)
    rt_serial_read                           0x080069dd   Thumb Code    68  serial.o(.text)
    rt_serial_write                          0x08006a21   Thumb Code    68  serial.o(.text)
    rt_serial_control                        0x08006a65   Thumb Code   276  serial.o(.text)
    _serial_poll_rx                          0x08006cab   Thumb Code    68  serial.o(.text)
    _serial_poll_tx                          0x08006cef   Thumb Code    74  serial.o(.text)
    _serial_int_tx                           0x08006d39   Thumb Code    88  serial.o(.text)
    .text                                    0x08006de0   Section        0  completion.o(.text)
    rt_list_isempty                          0x08006f1d   Thumb Code    16  completion.o(.text)
    .text                                    0x08006fac   Section        0  drv_gpio.o(.text)
    __NVIC_DisableIRQ                        0x08006fad   Thumb Code    54  drv_gpio.o(.text)
    get_pin                                  0x08006fe3   Thumb Code    30  drv_gpio.o(.text)
    N32G43X_pin_write                        0x08007001   Thumb Code    40  drv_gpio.o(.text)
    N32G43X_pin_read                         0x08007029   Thumb Code    42  drv_gpio.o(.text)
    N32G43X_pin_mode                         0x08007053   Thumb Code   112  drv_gpio.o(.text)
    bit2bitno                                0x080070c3   Thumb Code    30  drv_gpio.o(.text)
    N32G43X_pin_attach_irq                   0x080070e1   Thumb Code   216  drv_gpio.o(.text)
    N32G43X_pin_dettach_irq                  0x080071b9   Thumb Code   134  drv_gpio.o(.text)
    N32G43X_pin_irq_enable                   0x0800723f   Thumb Code   538  drv_gpio.o(.text)
    .text                                    0x08007610   Section        0  drv_usart.o(.text)
    uart_isr                                 0x08007611   Thumb Code    82  drv_usart.o(.text)
    n32g43x_configure                        0x08007745   Thumb Code   330  drv_usart.o(.text)
    n32g43x_control                          0x0800788f   Thumb Code   120  drv_usart.o(.text)
    n32g43x_putc                             0x08007907   Thumb Code    48  drv_usart.o(.text)
    n32g43x_getc                             0x08007937   Thumb Code    46  drv_usart.o(.text)
    .text                                    0x08007a48   Section        0  usbd_core.o(.text)
    usb_slist_add_tail                       0x08007a49   Thumb Code    16  usbd_core.o(.text)
    usbd_print_setup                         0x08007a59   Thumb Code    42  usbd_core.o(.text)
    is_device_configured                     0x08007a83   Thumb Code    16  usbd_core.o(.text)
    is_interface_valid                       0x08007a93   Thumb Code    40  usbd_core.o(.text)
    is_ep_valid                              0x08007abb   Thumb Code    16  usbd_core.o(.text)
    usbd_ep_callback_register                0x08007acb   Thumb Code    86  usbd_core.o(.text)
    usbd_set_endpoint                        0x08007b21   Thumb Code    80  usbd_core.o(.text)
    usbd_reset_endpoint                      0x08007b71   Thumb Code    72  usbd_core.o(.text)
    usbd_get_descriptor                      0x08007bb9   Thumb Code   264  usbd_core.o(.text)
    usbd_set_configuration                   0x08007cc1   Thumb Code   126  usbd_core.o(.text)
    usbd_ep_out_handler                      0x08007d3f   Thumb Code    36  usbd_core.o(.text)
    usbd_ep_in_handler                       0x08007d63   Thumb Code    32  usbd_core.o(.text)
    usbd_send_to_host                        0x08007d83   Thumb Code   168  usbd_core.o(.text)
    usbd_vendor_request_handler              0x08007e2b   Thumb Code   682  usbd_core.o(.text)
    usbd_class_request_handler               0x080080d5   Thumb Code    84  usbd_core.o(.text)
    usbd_std_endpoint_req_handler            0x08008129   Thumb Code   252  usbd_core.o(.text)
    usbd_std_interface_req_handler           0x08008225   Thumb Code   128  usbd_core.o(.text)
    usbd_std_device_req_handler              0x080082a5   Thumb Code   224  usbd_core.o(.text)
    usbd_standard_request_handler            0x08008385   Thumb Code   344  usbd_core.o(.text)
    usbd_custom_request_handler              0x080084dd   Thumb Code    84  usbd_core.o(.text)
    usbd_setup_request_handler               0x08008531   Thumb Code   208  usbd_core.o(.text)
    usbd_ep0_out_handler                     0x08008601   Thumb Code   248  usbd_core.o(.text)
    usbd_ep0_in_handler                      0x080086f9   Thumb Code    26  usbd_core.o(.text)
    usbd_ep0_setup_handler                   0x08008713   Thumb Code   214  usbd_core.o(.text)
    usbd_class_event_notify_handler          0x080087e9   Thumb Code    52  usbd_core.o(.text)
    usbd_set_interface                       0x080089d5   Thumb Code   118  usbd_core.o(.text)
    .text                                    0x08008ae0   Section        0  usbd_hid.o(.text)
    usbd_hid_reset                           0x08008ae1   Thumb Code    28  usbd_hid.o(.text)
    hid_custom_request_handler               0x08008afd   Thumb Code   210  usbd_hid.o(.text)
    hid_class_request_handler                0x08008bcf   Thumb Code   260  usbd_hid.o(.text)
    hid_notify_handler                       0x08008cd3   Thumb Code    22  usbd_hid.o(.text)
    .text                                    0x08008e80   Section        0  usb_dc_fsdev.o(.text)
    USB_WritePMA                             0x0800946b   Thumb Code    66  usb_dc_fsdev.o(.text)
    USB_ReadPMA                              0x0800959b   Thumb Code    74  usb_dc_fsdev.o(.text)
    .text                                    0x08009994   Section        0  memcpya.o(.text)
    .text                                    0x080099b8   Section        0  memseta.o(.text)
    .text                                    0x080099dc   Section       36  init.o(.text)
    .text                                    0x08009a00   Section        0  __dczerorl2.o(.text)
    i.__scatterload_copy                     0x08009a56   Section       14  handlers.o(i.__scatterload_copy)
    i.__scatterload_null                     0x08009a64   Section        2  handlers.o(i.__scatterload_null)
    i.__scatterload_zeroinit                 0x08009a66   Section       14  handlers.o(i.__scatterload_zeroinit)
    .constdata                               0x08009a74   Section       44  system_n32g43x.o(.constdata)
    .constdata                               0x08009aa0   Section       92  n32g43x_rcc.o(.constdata)
    s_ApbAhbPresTable                        0x08009aa0   Data          16  n32g43x_rcc.o(.constdata)
    s_AdcHclkPresTable                       0x08009ab0   Data          16  n32g43x_rcc.o(.constdata)
    s_AdcPllClkPresTable                     0x08009ac0   Data          32  n32g43x_rcc.o(.constdata)
    s_msiClockTable                          0x08009ae0   Data          28  n32g43x_rcc.o(.constdata)
    .constdata                               0x08009afc   Section      201  device.o(.constdata)
    __FUNCTION__                             0x08009afc   Data          21  device.o(.constdata)
    __FUNCTION__                             0x08009b11   Data          15  device.o(.constdata)
    __FUNCTION__                             0x08009b20   Data          18  device.o(.constdata)
    __FUNCTION__                             0x08009b32   Data          15  device.o(.constdata)
    __FUNCTION__                             0x08009b41   Data          15  device.o(.constdata)
    __FUNCTION__                             0x08009b50   Data          16  device.o(.constdata)
    __FUNCTION__                             0x08009b60   Data          15  device.o(.constdata)
    __FUNCTION__                             0x08009b6f   Data          16  device.o(.constdata)
    __FUNCTION__                             0x08009b7f   Data          18  device.o(.constdata)
    __FUNCTION__                             0x08009b91   Data          26  device.o(.constdata)
    __FUNCTION__                             0x08009bab   Data          26  device.o(.constdata)
    .constdata                               0x08009bc5   Section       22  idle.o(.constdata)
    __FUNCTION__                             0x08009bc5   Data          22  idle.o(.constdata)
    .constdata                               0x08009bdb   Section      206  ipc.o(.constdata)
    __FUNCTION__                             0x08009bdb   Data          12  ipc.o(.constdata)
    __FUNCTION__                             0x08009be7   Data          14  ipc.o(.constdata)
    __FUNCTION__                             0x08009bf5   Data          14  ipc.o(.constdata)
    __FUNCTION__                             0x08009c03   Data          14  ipc.o(.constdata)
    __FUNCTION__                             0x08009c11   Data          12  ipc.o(.constdata)
    __FUNCTION__                             0x08009c1d   Data          15  ipc.o(.constdata)
    __FUNCTION__                             0x08009c2c   Data          15  ipc.o(.constdata)
    __FUNCTION__                             0x08009c3b   Data          14  ipc.o(.constdata)
    __FUNCTION__                             0x08009c49   Data          16  ipc.o(.constdata)
    __FUNCTION__                             0x08009c59   Data          16  ipc.o(.constdata)
    __FUNCTION__                             0x08009c69   Data          16  ipc.o(.constdata)
    __FUNCTION__                             0x08009c79   Data          14  ipc.o(.constdata)
    __FUNCTION__                             0x08009c87   Data          17  ipc.o(.constdata)
    __FUNCTION__                             0x08009c98   Data          17  ipc.o(.constdata)
    .constdata                               0x08009ca9   Section      290  kservice.o(.constdata)
    small_digits                             0x08009da9   Data          17  kservice.o(.constdata)
    large_digits                             0x08009dba   Data          17  kservice.o(.constdata)
    .constdata                               0x08009dcb   Section       60  mem.o(.constdata)
    __FUNCTION__                             0x08009dcb   Data          11  mem.o(.constdata)
    __FUNCTION__                             0x08009dd6   Data          20  mem.o(.constdata)
    __FUNCTION__                             0x08009dea   Data          10  mem.o(.constdata)
    __FUNCTION__                             0x08009df4   Data          11  mem.o(.constdata)
    __FUNCTION__                             0x08009dff   Data           8  mem.o(.constdata)
    .constdata                               0x08009e07   Section      128  object.o(.constdata)
    __FUNCTION__                             0x08009e07   Data          15  object.o(.constdata)
    __FUNCTION__                             0x08009e16   Data          17  object.o(.constdata)
    __FUNCTION__                             0x08009e27   Data          19  object.o(.constdata)
    __FUNCTION__                             0x08009e3a   Data          17  object.o(.constdata)
    __FUNCTION__                             0x08009e4b   Data          26  object.o(.constdata)
    __FUNCTION__                             0x08009e65   Data          19  object.o(.constdata)
    __FUNCTION__                             0x08009e78   Data          15  object.o(.constdata)
    .constdata                               0x08009e87   Section       78  scheduler.o(.constdata)
    __FUNCTION__                             0x08009e87   Data          26  scheduler.o(.constdata)
    __FUNCTION__                             0x08009ea1   Data          26  scheduler.o(.constdata)
    __FUNCTION__                             0x08009ebb   Data          26  scheduler.o(.constdata)
    .constdata                               0x08009ed5   Section      207  thread.o(.constdata)
    __FUNCTION__                             0x08009ed5   Data          16  thread.o(.constdata)
    __FUNCTION__                             0x08009ee5   Data          15  thread.o(.constdata)
    __FUNCTION__                             0x08009ef4   Data          18  thread.o(.constdata)
    __FUNCTION__                             0x08009f06   Data          17  thread.o(.constdata)
    __FUNCTION__                             0x08009f17   Data          17  thread.o(.constdata)
    __FUNCTION__                             0x08009f28   Data          16  thread.o(.constdata)
    __FUNCTION__                             0x08009f38   Data          22  thread.o(.constdata)
    __FUNCTION__                             0x08009f4e   Data          18  thread.o(.constdata)
    __FUNCTION__                             0x08009f60   Data          18  thread.o(.constdata)
    __FUNCTION__                             0x08009f72   Data          17  thread.o(.constdata)
    __FUNCTION__                             0x08009f83   Data          18  thread.o(.constdata)
    __FUNCTION__                             0x08009f95   Data          15  thread.o(.constdata)
    .constdata                               0x08009fa4   Section       92  timer.o(.constdata)
    __FUNCTION__                             0x08009fa4   Data          14  timer.o(.constdata)
    __FUNCTION__                             0x08009fb2   Data          16  timer.o(.constdata)
    __FUNCTION__                             0x08009fc2   Data          16  timer.o(.constdata)
    __FUNCTION__                             0x08009fd2   Data          15  timer.o(.constdata)
    __FUNCTION__                             0x08009fe1   Data          14  timer.o(.constdata)
    __FUNCTION__                             0x08009fef   Data          17  timer.o(.constdata)
    .constdata                               0x0800a000   Section       68  components.o(.constdata)
    __FUNCTION__                             0x0800a030   Data          20  components.o(.constdata)
    .constdata                               0x0800a044   Section       19  cpuport.o(.constdata)
    __FUNCTION__                             0x0800a044   Data          19  cpuport.o(.constdata)
    .constdata                               0x0800a058   Section      104  dap_main.o(.constdata)
    dap_cmd_table                            0x0800a058   Data         104  dap_main.o(.constdata)
    .constdata                               0x0800a0c0   Section      180  usb_descriptor.o(.constdata)
    hid_report_descriptor                    0x0800a0c0   Data          34  usb_descriptor.o(.constdata)
    hid_descriptor                           0x0800a0e2   Data         146  usb_descriptor.o(.constdata)
    .constdata                               0x0800a174   Section      125  pin.o(.constdata)
    __FUNCTION__                             0x0800a174   Data          10  pin.o(.constdata)
    __FUNCTION__                             0x0800a17e   Data          11  pin.o(.constdata)
    __FUNCTION__                             0x0800a189   Data          13  pin.o(.constdata)
    __FUNCTION__                             0x0800a196   Data          18  pin.o(.constdata)
    __FUNCTION__                             0x0800a1a8   Data          18  pin.o(.constdata)
    __FUNCTION__                             0x0800a1ba   Data          18  pin.o(.constdata)
    __FUNCTION__                             0x0800a1cc   Data          12  pin.o(.constdata)
    __FUNCTION__                             0x0800a1d8   Data          13  pin.o(.constdata)
    __FUNCTION__                             0x0800a1e5   Data          12  pin.o(.constdata)
    .constdata                               0x0800a1f1   Section      196  serial.o(.constdata)
    __FUNCTION__                             0x0800a1f1   Data          16  serial.o(.constdata)
    __FUNCTION__                             0x0800a201   Data          16  serial.o(.constdata)
    __FUNCTION__                             0x0800a211   Data          15  serial.o(.constdata)
    __FUNCTION__                             0x0800a220   Data          15  serial.o(.constdata)
    __FUNCTION__                             0x0800a22f   Data          15  serial.o(.constdata)
    __FUNCTION__                             0x0800a23e   Data          15  serial.o(.constdata)
    __FUNCTION__                             0x0800a24d   Data          16  serial.o(.constdata)
    __FUNCTION__                             0x0800a25d   Data          15  serial.o(.constdata)
    __FUNCTION__                             0x0800a26c   Data          16  serial.o(.constdata)
    __FUNCTION__                             0x0800a27c   Data          18  serial.o(.constdata)
    __FUNCTION__                             0x0800a28e   Data          22  serial.o(.constdata)
    __FUNCTION__                             0x0800a2a4   Data          17  serial.o(.constdata)
    .constdata                               0x0800a2b5   Section       57  completion.o(.constdata)
    __FUNCTION__                             0x0800a2b5   Data          19  completion.o(.constdata)
    __FUNCTION__                             0x0800a2c8   Data          19  completion.o(.constdata)
    __FUNCTION__                             0x0800a2db   Data          19  completion.o(.constdata)
    .constdata                               0x0800a2f0   Section      871  drv_gpio.o(.constdata)
    pins                                     0x0800a2f0   Data         768  drv_gpio.o(.constdata)
    pin_irq_map                              0x0800a5f0   Data          64  drv_gpio.o(.constdata)
    _N32G43X_pin_ops                         0x0800a630   Data          24  drv_gpio.o(.constdata)
    .constdata                               0x0800a658   Section      172  drv_usart.o(.constdata)
    uarts                                    0x0800a658   Data          52  drv_usart.o(.constdata)
    n32g43x_uart_ops                         0x0800a68c   Data          20  drv_usart.o(.constdata)
    __FUNCTION__                             0x0800a6b1   Data          18  drv_usart.o(.constdata)
    __FUNCTION__                             0x0800a6c3   Data          16  drv_usart.o(.constdata)
    __FUNCTION__                             0x0800a6d3   Data          13  drv_usart.o(.constdata)
    __FUNCTION__                             0x0800a6e0   Data          13  drv_usart.o(.constdata)
    __FUNCTION__                             0x0800a6ed   Data           9  drv_usart.o(.constdata)
    .conststring                             0x0800a704   Section      139  ipc.o(.conststring)
    .conststring                             0x0800a790   Section      235  mem.o(.conststring)
    .conststring                             0x0800a87c   Section       66  thread.o(.conststring)
    .conststring                             0x0800a8c0   Section       99  serial.o(.conststring)
    .conststring                             0x0800a924   Section        7  drv_usart.o(.conststring)
    .conststring                             0x0800a92c   Section       93  usbd_core.o(.conststring)
    .rti_fn.0                                0x0800a98c   Section        8  components.o(.rti_fn.0)
    __tagsym$$used                           0x0800a98c   Number         0  components.o(.rti_fn.0)
    .rti_fn.0.end                            0x0800a994   Section        8  components.o(.rti_fn.0.end)
    __tagsym$$used                           0x0800a994   Number         0  components.o(.rti_fn.0.end)
    .rti_fn.1                                0x0800a99c   Section        8  drv_gpio.o(.rti_fn.1)
    __tagsym$$used                           0x0800a99c   Number         0  drv_gpio.o(.rti_fn.1)
    .rti_fn.1                                0x0800a9a4   Section        8  drv_usart.o(.rti_fn.1)
    __tagsym$$used                           0x0800a9a4   Number         0  drv_usart.o(.rti_fn.1)
    .rti_fn.1.end                            0x0800a9ac   Section        8  components.o(.rti_fn.1.end)
    __tagsym$$used                           0x0800a9ac   Number         0  components.o(.rti_fn.1.end)
    .rti_fn.6.end                            0x0800a9b4   Section        8  components.o(.rti_fn.6.end)
    __tagsym$$used                           0x0800a9b4   Number         0  components.o(.rti_fn.6.end)
    .data                                    0x20000000   Section        4  system_n32g43x.o(.data)
    .data                                    0x20000004   Section        4  clock.o(.data)
    rt_tick                                  0x20000004   Data           4  clock.o(.data)
    .data                                    0x20000008   Section        1  irq.o(.data)
    .data                                    0x2000000c   Section       12  kservice.o(.data)
    __rt_errno                               0x2000000c   Data           4  kservice.o(.data)
    _console_device                          0x20000010   Data           4  kservice.o(.data)
    .data                                    0x20000018   Section       24  mem.o(.data)
    heap_ptr                                 0x20000018   Data           4  mem.o(.data)
    heap_end                                 0x2000001c   Data           4  mem.o(.data)
    lfree                                    0x20000020   Data           4  mem.o(.data)
    mem_size_aligned                         0x20000024   Data           4  mem.o(.data)
    used_mem                                 0x20000028   Data           4  mem.o(.data)
    max_mem                                  0x2000002c   Data           4  mem.o(.data)
    .data                                    0x20000030   Section       80  object.o(.data)
    rt_object_container                      0x20000030   Data          80  object.o(.data)
    .data                                    0x20000080   Section       24  scheduler.o(.data)
    rt_scheduler_lock_nest                   0x20000080   Data           2  scheduler.o(.data)
    .data                                    0x20000098   Section       12  timer.o(.data)
    rt_timer_list                            0x20000098   Data           8  timer.o(.data)
    random_nr                                0x200000a0   Data           4  timer.o(.data)
    .data                                    0x200000a4   Section       16  cpuport.o(.data)
    rt_exception_hook                        0x200000b0   Data           4  cpuport.o(.data)
    .data                                    0x200000b4   Section       24  main.o(.data)
    .data                                    0x200000cc   Section        5  jtag_driver.o(.data)
    jtag_clk_div                             0x200000cc   Data           4  jtag_driver.o(.data)
    current_tap_state                        0x200000d0   Data           1  jtag_driver.o(.data)
    .data                                    0x200000d4   Section        4  serial.o(.data)
    already_output                           0x200000d4   Data           4  serial.o(.data)
    .data                                    0x200000d8   Section      196  drv_gpio.o(.data)
    pin_irq_hdr_tab                          0x200000d8   Data         192  drv_gpio.o(.data)
    pin_irq_enable_mask                      0x20000198   Data           4  drv_gpio.o(.data)
    .data                                    0x2000019c   Section       17  usbd_core.o(.data)
    usbd_class_head                          0x2000019c   Data           4  usbd_core.o(.data)
    msosv1_desc                              0x200001a0   Data           4  usbd_core.o(.data)
    msosv2_desc                              0x200001a4   Data           4  usbd_core.o(.data)
    bos_desc                                 0x200001a8   Data           4  usbd_core.o(.data)
    intf_offset                              0x200001ac   Data           1  usbd_core.o(.data)
    .data                                    0x200001b0   Section        9  usbd_hid.o(.data)
    usbd_hid_class_head                      0x200001b0   Data           4  usbd_hid.o(.data)
    last_class                               0x200001b4   Data           4  usbd_hid.o(.data)
    hid_num                                  0x200001b8   Data           1  usbd_hid.o(.data)
    .bss                                     0x200001bc   Section      376  idle.o(.bss)
    idle                                     0x200001bc   Data         120  idle.o(.bss)
    rt_thread_stack                          0x20000234   Data         256  idle.o(.bss)
    .bss                                     0x20000334   Section      128  kservice.o(.bss)
    rt_log_buf                               0x20000334   Data         128  kservice.o(.bss)
    .bss                                     0x200003b4   Section       32  mem.o(.bss)
    heap_sem                                 0x200003b4   Data          32  mem.o(.bss)
    .bss                                     0x200003d4   Section      256  scheduler.o(.bss)
    .bss                                     0x200004d4   Section     1184  main.o(.bss)
    log_thread_stack                         0x200004fc   Data        1024  main.o(.bss)
    log_thread                               0x200008fc   Data         120  main.o(.bss)
    .bss                                     0x20000974   Section      544  dap_main.o(.bss)
    dap_state                                0x20000974   Data          32  dap_main.o(.bss)
    resp_buffer                              0x20000994   Data         512  dap_main.o(.bss)
    .bss                                     0x20000b94   Section       68  pin.o(.bss)
    _hw_pin                                  0x20000b94   Data          68  pin.o(.bss)
    .bss                                     0x20000bd8   Section       88  drv_usart.o(.bss)
    .bss                                     0x20000c30   Section      356  usbd_core.o(.bss)
    .bss                                     0x20000d94   Section      192  usbd_hid.o(.bss)
    .bss                                     0x20000e54   Section      136  usb_dc_fsdev.o(.bss)
    STACK                                    0x20000ee0   Section     5376  startup_n32g43x.o(STACK)

    Global Symbols

    Symbol Name                              Value     Ov Type        Size  Object(Section)

    BuildAttributes$$THM_ISAv4$E$P$D$K$B$S$7EM$VFPi3$EXTD16$VFPS$VFMA$PE$A:L22UL41UL21$X:L11$S22US41US21$IEEE1$IW$USESV6$~STKCKD$USESV7$~SHL$OSPACE$EBA8$MICROLIB$REQ8$PRES8$EABIv2 0x00000000   Number         0  anon$$obj.o ABSOLUTE
    __ARM_use_no_argv                        0x00000000   Number         0  main.o ABSOLUTE
    __cpp_initialize__aeabi_                  - Undefined Weak Reference
    __cxa_finalize                            - Undefined Weak Reference
    _clock_init                               - Undefined Weak Reference
    _microlib_exit                            - Undefined Weak Reference
    __Vectors_Size                           0x00000148   Number         0  startup_n32g43x.o ABSOLUTE
    __Vectors                                0x08000000   Data           4  startup_n32g43x.o(RESET)
    __Vectors_End                            0x08000148   Data           0  startup_n32g43x.o(RESET)
    __main                                   0x08000149   Thumb Code     0  entry.o(.ARM.Collect$$$$00000000)
    _main_stk                                0x08000149   Thumb Code     0  entry2.o(.ARM.Collect$$$$00000001)
    _main_scatterload                        0x0800014d   Thumb Code     0  entry5.o(.ARM.Collect$$$$00000004)
    __main_after_scatterload                 0x08000151   Thumb Code     0  entry5.o(.ARM.Collect$$$$00000004)
    _main_clock                              0x08000151   Thumb Code     0  entry7b.o(.ARM.Collect$$$$00000008)
    _main_cpp_init                           0x08000151   Thumb Code     0  entry8b.o(.ARM.Collect$$$$0000000A)
    _main_init                               0x08000151   Thumb Code     0  entry9a.o(.ARM.Collect$$$$0000000B)
    __rt_final_cpp                           0x08000159   Thumb Code     0  entry10a.o(.ARM.Collect$$$$0000000D)
    __rt_final_exit                          0x08000159   Thumb Code     0  entry11a.o(.ARM.Collect$$$$0000000F)
    Reset_Handler                            0x0800015d   Thumb Code     8  startup_n32g43x.o(.text)
    ADC_IRQHandler                           0x08000177   Thumb Code     0  startup_n32g43x.o(.text)
    CAN_RX0_IRQHandler                       0x08000177   Thumb Code     0  startup_n32g43x.o(.text)
    CAN_RX1_IRQHandler                       0x08000177   Thumb Code     0  startup_n32g43x.o(.text)
    CAN_SCE_IRQHandler                       0x08000177   Thumb Code     0  startup_n32g43x.o(.text)
    CAN_TX_IRQHandler                        0x08000177   Thumb Code     0  startup_n32g43x.o(.text)
    COMP_1_2_IRQHandler                      0x08000177   Thumb Code     0  startup_n32g43x.o(.text)
    DMA_Channel1_IRQHandler                  0x08000177   Thumb Code     0  startup_n32g43x.o(.text)
    DMA_Channel2_IRQHandler                  0x08000177   Thumb Code     0  startup_n32g43x.o(.text)
    DMA_Channel3_IRQHandler                  0x08000177   Thumb Code     0  startup_n32g43x.o(.text)
    DMA_Channel4_IRQHandler                  0x08000177   Thumb Code     0  startup_n32g43x.o(.text)
    DMA_Channel5_IRQHandler                  0x08000177   Thumb Code     0  startup_n32g43x.o(.text)
    DMA_Channel6_IRQHandler                  0x08000177   Thumb Code     0  startup_n32g43x.o(.text)
    DMA_Channel7_IRQHandler                  0x08000177   Thumb Code     0  startup_n32g43x.o(.text)
    DMA_Channel8_IRQHandler                  0x08000177   Thumb Code     0  startup_n32g43x.o(.text)
    FLASH_IRQHandler                         0x08000177   Thumb Code     0  startup_n32g43x.o(.text)
    I2C1_ER_IRQHandler                       0x08000177   Thumb Code     0  startup_n32g43x.o(.text)
    I2C1_EV_IRQHandler                       0x08000177   Thumb Code     0  startup_n32g43x.o(.text)
    I2C2_ER_IRQHandler                       0x08000177   Thumb Code     0  startup_n32g43x.o(.text)
    I2C2_EV_IRQHandler                       0x08000177   Thumb Code     0  startup_n32g43x.o(.text)
    LPTIM_WKUP_IRQHandler                    0x08000177   Thumb Code     0  startup_n32g43x.o(.text)
    LPUART_IRQHandler                        0x08000177   Thumb Code     0  startup_n32g43x.o(.text)
    LPUART_WKUP_IRQHandler                   0x08000177   Thumb Code     0  startup_n32g43x.o(.text)
    MMU_IRQHandler                           0x08000177   Thumb Code     0  startup_n32g43x.o(.text)
    PVD_IRQHandler                           0x08000177   Thumb Code     0  startup_n32g43x.o(.text)
    RAMC_PERR_IRQHandler                     0x08000177   Thumb Code     0  startup_n32g43x.o(.text)
    RCC_IRQHandler                           0x08000177   Thumb Code     0  startup_n32g43x.o(.text)
    RTCAlarm_IRQHandler                      0x08000177   Thumb Code     0  startup_n32g43x.o(.text)
    RTC_WKUP_IRQHandler                      0x08000177   Thumb Code     0  startup_n32g43x.o(.text)
    SAC_IRQHandler                           0x08000177   Thumb Code     0  startup_n32g43x.o(.text)
    SPI1_IRQHandler                          0x08000177   Thumb Code     0  startup_n32g43x.o(.text)
    SPI2_IRQHandler                          0x08000177   Thumb Code     0  startup_n32g43x.o(.text)
    TAMPER_IRQHandler                        0x08000177   Thumb Code     0  startup_n32g43x.o(.text)
    TIM1_BRK_IRQHandler                      0x08000177   Thumb Code     0  startup_n32g43x.o(.text)
    TIM1_CC_IRQHandler                       0x08000177   Thumb Code     0  startup_n32g43x.o(.text)
    TIM1_TRG_COM_IRQHandler                  0x08000177   Thumb Code     0  startup_n32g43x.o(.text)
    TIM1_UP_IRQHandler                       0x08000177   Thumb Code     0  startup_n32g43x.o(.text)
    TIM2_IRQHandler                          0x08000177   Thumb Code     0  startup_n32g43x.o(.text)
    TIM3_IRQHandler                          0x08000177   Thumb Code     0  startup_n32g43x.o(.text)
    TIM4_IRQHandler                          0x08000177   Thumb Code     0  startup_n32g43x.o(.text)
    TIM5_IRQHandler                          0x08000177   Thumb Code     0  startup_n32g43x.o(.text)
    TIM6_IRQHandler                          0x08000177   Thumb Code     0  startup_n32g43x.o(.text)
    TIM7_IRQHandler                          0x08000177   Thumb Code     0  startup_n32g43x.o(.text)
    TIM8_BRK_IRQHandler                      0x08000177   Thumb Code     0  startup_n32g43x.o(.text)
    TIM8_CC_IRQHandler                       0x08000177   Thumb Code     0  startup_n32g43x.o(.text)
    TIM8_TRG_COM_IRQHandler                  0x08000177   Thumb Code     0  startup_n32g43x.o(.text)
    TIM8_UP_IRQHandler                       0x08000177   Thumb Code     0  startup_n32g43x.o(.text)
    TIM9_IRQHandler                          0x08000177   Thumb Code     0  startup_n32g43x.o(.text)
    TSC_IRQHandler                           0x08000177   Thumb Code     0  startup_n32g43x.o(.text)
    UART4_IRQHandler                         0x08000177   Thumb Code     0  startup_n32g43x.o(.text)
    UART5_IRQHandler                         0x08000177   Thumb Code     0  startup_n32g43x.o(.text)
    UCDR_IRQHandler                          0x08000177   Thumb Code     0  startup_n32g43x.o(.text)
    USART2_IRQHandler                        0x08000177   Thumb Code     0  startup_n32g43x.o(.text)
    USART3_IRQHandler                        0x08000177   Thumb Code     0  startup_n32g43x.o(.text)
    USB_HP_IRQHandler                        0x08000177   Thumb Code     0  startup_n32g43x.o(.text)
    WWDG_IRQHandler                          0x08000177   Thumb Code     0  startup_n32g43x.o(.text)
    SystemInit                               0x0800027f   Thumb Code   170  system_n32g43x.o(.text)
    SystemCoreClockUpdate                    0x08000329   Thumb Code   236  system_n32g43x.o(.text)
    NVIC_PriorityGroupConfig                 0x08000455   Thumb Code    10  misc.o(.text)
    NVIC_Init                                0x0800045f   Thumb Code   100  misc.o(.text)
    NVIC_SetVectorTable                      0x080004c3   Thumb Code    14  misc.o(.text)
    NVIC_SystemLPConfig                      0x080004d1   Thumb Code    34  misc.o(.text)
    SysTick_CLKSourceConfig                  0x080004f3   Thumb Code    40  misc.o(.text)
    GPIO_DeInit                              0x08000531   Thumb Code   342  n32g43x_gpio.o(.text)
    GPIO_AFIOInitDefault                     0x08000687   Thumb Code    20  n32g43x_gpio.o(.text)
    GPIO_InitPeripheral                      0x0800069b   Thumb Code   484  n32g43x_gpio.o(.text)
    GPIO_InitStruct                          0x0800087f   Thumb Code    24  n32g43x_gpio.o(.text)
    GPIO_ReadInputDataBit                    0x08000897   Thumb Code    18  n32g43x_gpio.o(.text)
    GPIO_ReadInputData                       0x080008a9   Thumb Code     8  n32g43x_gpio.o(.text)
    GPIO_ReadOutputDataBit                   0x080008b1   Thumb Code    18  n32g43x_gpio.o(.text)
    GPIO_ReadOutputData                      0x080008c3   Thumb Code     8  n32g43x_gpio.o(.text)
    GPIO_SetBits                             0x080008cb   Thumb Code     4  n32g43x_gpio.o(.text)
    GPIO_SetBitsHigh16                       0x080008cf   Thumb Code     4  n32g43x_gpio.o(.text)
    GPIO_ResetBits                           0x080008d3   Thumb Code     4  n32g43x_gpio.o(.text)
    GPIO_WriteBit                            0x080008d7   Thumb Code    10  n32g43x_gpio.o(.text)
    GPIO_Write                               0x080008e1   Thumb Code     4  n32g43x_gpio.o(.text)
    GPIO_ConfigPinLock                       0x080008e5   Thumb Code    18  n32g43x_gpio.o(.text)
    GPIO_ConfigPinRemap                      0x080008f7   Thumb Code   120  n32g43x_gpio.o(.text)
    GPIO_ConfigEventOutput                   0x0800096f   Thumb Code    84  n32g43x_gpio.o(.text)
    GPIO_CtrlEventOutput                     0x080009c3   Thumb Code     6  n32g43x_gpio.o(.text)
    GPIO_ConfigEXTILine                      0x080009c9   Thumb Code    58  n32g43x_gpio.o(.text)
    AFIO_ConfigSPINSSMode                    0x08000a03   Thumb Code    30  n32g43x_gpio.o(.text)
    AFIO_ConfigADCExternalTrigRemap          0x08000a21   Thumb Code    82  n32g43x_gpio.o(.text)
    RCC_DeInit                               0x08000a8d   Thumb Code    80  n32g43x_rcc.o(.text)
    RCC_ConfigHse                            0x08000add   Thumb Code    70  n32g43x_rcc.o(.text)
    RCC_GetFlagStatus                        0x08000b23   Thumb Code    56  n32g43x_rcc.o(.text)
    RCC_WaitHseStable                        0x08000b5b   Thumb Code    56  n32g43x_rcc.o(.text)
    RCC_ConfigHsi                            0x08000b93   Thumb Code    34  n32g43x_rcc.o(.text)
    RCC_WaitHsiStable                        0x08000bb5   Thumb Code    56  n32g43x_rcc.o(.text)
    RCC_SetHsiCalibValue                     0x08000bed   Thumb Code    20  n32g43x_rcc.o(.text)
    RCC_EnableHsi                            0x08000c01   Thumb Code     6  n32g43x_rcc.o(.text)
    RCC_ConfigMsi                            0x08000c07   Thumb Code    58  n32g43x_rcc.o(.text)
    RCC_WaitMsiStable                        0x08000c41   Thumb Code    56  n32g43x_rcc.o(.text)
    RCC_SetMsiCalibValue                     0x08000c79   Thumb Code    20  n32g43x_rcc.o(.text)
    RCC_EnableMsi                            0x08000c8d   Thumb Code     6  n32g43x_rcc.o(.text)
    RCC_ConfigPll                            0x08000c93   Thumb Code    56  n32g43x_rcc.o(.text)
    RCC_EnablePll                            0x08000ccb   Thumb Code     6  n32g43x_rcc.o(.text)
    RCC_ConfigSysclk                         0x08000cd1   Thumb Code    18  n32g43x_rcc.o(.text)
    RCC_GetSysclkSrc                         0x08000ce3   Thumb Code    10  n32g43x_rcc.o(.text)
    RCC_ConfigHclk                           0x08000ced   Thumb Code    18  n32g43x_rcc.o(.text)
    RCC_ConfigPclk1                          0x08000cff   Thumb Code    18  n32g43x_rcc.o(.text)
    RCC_ConfigPclk2                          0x08000d11   Thumb Code    20  n32g43x_rcc.o(.text)
    RCC_ConfigInt                            0x08000d25   Thumb Code    30  n32g43x_rcc.o(.text)
    RCC_ConfigUsbClk                         0x08000d43   Thumb Code    16  n32g43x_rcc.o(.text)
    RCC_ConfigTim18Clk                       0x08000d53   Thumb Code    18  n32g43x_rcc.o(.text)
    RCC_ConfigRngcClk                        0x08000d65   Thumb Code    18  n32g43x_rcc.o(.text)
    RCC_ConfigAdc1mClk                       0x08000d77   Thumb Code    24  n32g43x_rcc.o(.text)
    RCC_ConfigAdcPllClk                      0x08000d8f   Thumb Code    30  n32g43x_rcc.o(.text)
    RCC_ConfigAdcHclk                        0x08000dad   Thumb Code    18  n32g43x_rcc.o(.text)
    RCC_ConfigTrng1mClk                      0x08000dbf   Thumb Code    24  n32g43x_rcc.o(.text)
    RCC_EnableTrng1mClk                      0x08000dd7   Thumb Code    30  n32g43x_rcc.o(.text)
    RCC_ConfigUCDRClk                        0x08000df5   Thumb Code    46  n32g43x_rcc.o(.text)
    RCC_ConfigUSBXTALESSMode                 0x08000e23   Thumb Code    22  n32g43x_rcc.o(.text)
    RCC_EnableRETPeriphClk                   0x08000e39   Thumb Code    26  n32g43x_rcc.o(.text)
    RCC_EnableRETPeriphReset                 0x08000e53   Thumb Code    62  n32g43x_rcc.o(.text)
    RCC_EnableAPB1PeriphClk                  0x08000e91   Thumb Code    26  n32g43x_rcc.o(.text)
    RCC_ConfigLPTIMClk                       0x08000eab   Thumb Code    46  n32g43x_rcc.o(.text)
    RCC_GetLPTIMClkSrc                       0x08000ed9   Thumb Code    10  n32g43x_rcc.o(.text)
    RCC_ConfigLPUARTClk                      0x08000ee3   Thumb Code    22  n32g43x_rcc.o(.text)
    RCC_GetLPUARTClkSrc                      0x08000ef9   Thumb Code    10  n32g43x_rcc.o(.text)
    RCC_ConfigSRAMParityErrorInt             0x08000f03   Thumb Code    26  n32g43x_rcc.o(.text)
    RCC_ConfigSRAMParityErrorRESET           0x08000f1d   Thumb Code    26  n32g43x_rcc.o(.text)
    RCC_ClrSRAMParityErrorFlag               0x08000f37   Thumb Code    12  n32g43x_rcc.o(.text)
    LSE_XtalConfig                           0x08000f43   Thumb Code    34  n32g43x_rcc.o(.text)
    RCC_ConfigLse                            0x08000f65   Thumb Code   102  n32g43x_rcc.o(.text)
    RCC_EnableLsi                            0x08000fcb   Thumb Code     6  n32g43x_rcc.o(.text)
    RCC_ConfigRtcClk                         0x08000fd1   Thumb Code    22  n32g43x_rcc.o(.text)
    RCC_GetRTCClkSrc                         0x08000fe7   Thumb Code    10  n32g43x_rcc.o(.text)
    RCC_EnableRtcClk                         0x08000ff1   Thumb Code     8  n32g43x_rcc.o(.text)
    RCC_ConfigLSXClk                         0x08000ff9   Thumb Code    22  n32g43x_rcc.o(.text)
    RCC_GetLSXClkSrc                         0x0800100f   Thumb Code    10  n32g43x_rcc.o(.text)
    RCC_GetClocksFreqValue                   0x08001019   Thumb Code   302  n32g43x_rcc.o(.text)
    RCC_EnableAHBPeriphClk                   0x08001147   Thumb Code    26  n32g43x_rcc.o(.text)
    RCC_EnableAPB2PeriphClk                  0x08001161   Thumb Code    26  n32g43x_rcc.o(.text)
    RCC_EnableAHBPeriphReset                 0x0800117b   Thumb Code    26  n32g43x_rcc.o(.text)
    RCC_EnableAPB2PeriphReset                0x08001195   Thumb Code    26  n32g43x_rcc.o(.text)
    RCC_EnableAPB1PeriphReset                0x080011af   Thumb Code    26  n32g43x_rcc.o(.text)
    RCC_EnableLowPowerReset                  0x080011c9   Thumb Code     8  n32g43x_rcc.o(.text)
    RCC_EnableClockSecuritySystem            0x080011d1   Thumb Code     6  n32g43x_rcc.o(.text)
    RCC_EnableLSEClockSecuritySystem         0x080011d7   Thumb Code     8  n32g43x_rcc.o(.text)
    RCC_GetLSEClockSecuritySystemStatus      0x080011df   Thumb Code    20  n32g43x_rcc.o(.text)
    RCC_ConfigMcoClkPre                      0x080011f3   Thumb Code    18  n32g43x_rcc.o(.text)
    RCC_ConfigMco                            0x08001205   Thumb Code    20  n32g43x_rcc.o(.text)
    RCC_ClrFlag                              0x08001219   Thumb Code    24  n32g43x_rcc.o(.text)
    RCC_GetIntStatus                         0x08001231   Thumb Code    20  n32g43x_rcc.o(.text)
    RCC_ClrIntPendingBit                     0x08001245   Thumb Code    12  n32g43x_rcc.o(.text)
    USART_DeInit                             0x08001285   Thumb Code   134  n32g43x_usart.o(.text)
    USART_Init                               0x0800130b   Thumb Code   188  n32g43x_usart.o(.text)
    USART_StructInit                         0x080013c7   Thumb Code    24  n32g43x_usart.o(.text)
    USART_ClockInit                          0x080013df   Thumb Code    34  n32g43x_usart.o(.text)
    USART_ClockStructInit                    0x08001401   Thumb Code    12  n32g43x_usart.o(.text)
    USART_Enable                             0x0800140d   Thumb Code    24  n32g43x_usart.o(.text)
    USART_ConfigInt                          0x08001425   Thumb Code    74  n32g43x_usart.o(.text)
    USART_EnableDMA                          0x0800146f   Thumb Code    18  n32g43x_usart.o(.text)
    USART_SetAddr                            0x08001481   Thumb Code    18  n32g43x_usart.o(.text)
    USART_ConfigWakeUpMode                   0x08001493   Thumb Code    18  n32g43x_usart.o(.text)
    USART_EnableRcvWakeUp                    0x080014a5   Thumb Code    24  n32g43x_usart.o(.text)
    USART_ConfigLINBreakDetectLength         0x080014bd   Thumb Code    18  n32g43x_usart.o(.text)
    USART_EnableLIN                          0x080014cf   Thumb Code    24  n32g43x_usart.o(.text)
    USART_SendData                           0x080014e7   Thumb Code     8  n32g43x_usart.o(.text)
    USART_ReceiveData                        0x080014ef   Thumb Code    10  n32g43x_usart.o(.text)
    USART_SendBreak                          0x080014f9   Thumb Code    10  n32g43x_usart.o(.text)
    USART_SetGuardTime                       0x08001503   Thumb Code    16  n32g43x_usart.o(.text)
    USART_SetPrescaler                       0x08001513   Thumb Code    16  n32g43x_usart.o(.text)
    USART_EnableSmartCard                    0x08001523   Thumb Code    24  n32g43x_usart.o(.text)
    USART_SetSmartCardNACK                   0x0800153b   Thumb Code    24  n32g43x_usart.o(.text)
    USART_EnableHalfDuplex                   0x08001553   Thumb Code    24  n32g43x_usart.o(.text)
    USART_ConfigIrDAMode                     0x0800156b   Thumb Code    18  n32g43x_usart.o(.text)
    USART_EnableIrDA                         0x0800157d   Thumb Code    24  n32g43x_usart.o(.text)
    USART_GetFlagStatus                      0x08001595   Thumb Code    26  n32g43x_usart.o(.text)
    USART_ClrFlag                            0x080015af   Thumb Code    18  n32g43x_usart.o(.text)
    USART_GetIntStatus                       0x080015c1   Thumb Code    84  n32g43x_usart.o(.text)
    USART_ClrIntPendingBit                   0x08001615   Thumb Code    30  n32g43x_usart.o(.text)
    EXTI_DeInit                              0x08001649   Thumb Code    30  n32g43x_exti.o(.text)
    EXTI_InitPeripheral                      0x08001667   Thumb Code   142  n32g43x_exti.o(.text)
    EXTI_InitStruct                          0x080016f5   Thumb Code    16  n32g43x_exti.o(.text)
    EXTI_TriggerSWInt                        0x08001705   Thumb Code    16  n32g43x_exti.o(.text)
    EXTI_GetStatusFlag                       0x08001715   Thumb Code    22  n32g43x_exti.o(.text)
    EXTI_ClrStatusFlag                       0x0800172b   Thumb Code     8  n32g43x_exti.o(.text)
    EXTI_GetITStatus                         0x08001733   Thumb Code    34  n32g43x_exti.o(.text)
    EXTI_ClrITPendBit                        0x08001755   Thumb Code     8  n32g43x_exti.o(.text)
    EXTI_RTCTimeStampSel                     0x0800175d   Thumb Code    24  n32g43x_exti.o(.text)
    rt_system_tick_init                      0x08001779   Thumb Code     2  clock.o(.text)
    rt_tick_get                              0x0800177b   Thumb Code     6  clock.o(.text)
    rt_tick_set                              0x08001781   Thumb Code    22  clock.o(.text)
    rt_tick_increase                         0x08001797   Thumb Code    42  clock.o(.text)
    rt_tick_from_millisecond                 0x080017c1   Thumb Code    58  clock.o(.text)
    rt_device_find                           0x08001801   Thumb Code    94  device.o(.text)
    rt_device_register                       0x0800185f   Thumb Code    52  device.o(.text)
    rt_device_unregister                     0x08001893   Thumb Code    64  device.o(.text)
    rt_device_init_all                       0x080018d3   Thumb Code     4  device.o(.text)
    rt_device_create                         0x080018d7   Thumb Code    46  device.o(.text)
    rt_device_destroy                        0x08001905   Thumb Code    68  device.o(.text)
    rt_device_init                           0x08001949   Thumb Code    64  device.o(.text)
    rt_device_open                           0x08001989   Thumb Code   170  device.o(.text)
    rt_device_close                          0x08001a33   Thumb Code    92  device.o(.text)
    rt_device_read                           0x08001a8f   Thumb Code    98  device.o(.text)
    rt_device_write                          0x08001af1   Thumb Code    98  device.o(.text)
    rt_device_control                        0x08001b53   Thumb Code    66  device.o(.text)
    rt_device_set_rx_indicate                0x08001b95   Thumb Code    48  device.o(.text)
    rt_device_set_tx_complete                0x08001bc5   Thumb Code   360  device.o(.text)
    rt_thread_idle_excute                    0x08001d2d   Thumb Code   174  idle.o(.text)
    rt_thread_idle_init                      0x08001de3   Thumb Code    38  idle.o(.text)
    rt_thread_idle_gethandler                0x08001e09   Thumb Code     4  idle.o(.text)
    rt_sem_init                              0x08001f11   Thumb Code    66  ipc.o(.text)
    rt_sem_detach                            0x08001f53   Thumb Code    72  ipc.o(.text)
    rt_sem_create                            0x08001f9b   Thumb Code   102  ipc.o(.text)
    rt_sem_delete                            0x08002001   Thumb Code   120  ipc.o(.text)
    rt_sem_take                              0x08002079   Thumb Code   252  ipc.o(.text)
    rt_sem_trytake                           0x08002175   Thumb Code    14  ipc.o(.text)
    rt_sem_release                           0x08002183   Thumb Code    98  ipc.o(.text)
    rt_sem_control                           0x080021e5   Thumb Code    90  ipc.o(.text)
    rt_mutex_init                            0x0800223f   Thumb Code    58  ipc.o(.text)
    rt_mutex_detach                          0x08002279   Thumb Code    78  ipc.o(.text)
    rt_mutex_create                          0x080022c7   Thumb Code   464  ipc.o(.text)
    rt_mutex_delete                          0x08002497   Thumb Code   126  ipc.o(.text)
    rt_mutex_take                            0x08002515   Thumb Code   338  ipc.o(.text)
    rt_mutex_release                         0x08002667   Thumb Code   292  ipc.o(.text)
    rt_mutex_control                         0x0800278b   Thumb Code    52  ipc.o(.text)
    rt_interrupt_enter                       0x0800284d   Thumb Code    30  irq.o(.text)
    rt_interrupt_leave                       0x0800286b   Thumb Code    30  irq.o(.text)
    rt_interrupt_get_nest                    0x08002889   Thumb Code    22  irq.o(.text)
    rt_get_errno                             0x080028a5   Thumb Code    32  kservice.o(.text)
    rt_set_errno                             0x080028c5   Thumb Code    36  kservice.o(.text)
    _rt_errno                                0x080028e9   Thumb Code    30  kservice.o(.text)
    rt_memset                                0x08002907   Thumb Code    20  kservice.o(.text)
    rt_memcpy                                0x0800291b   Thumb Code    58  kservice.o(.text)
    rt_memmove                               0x08002955   Thumb Code    66  kservice.o(.text)
    rt_memcmp                                0x08002997   Thumb Code    38  kservice.o(.text)
    rt_strlen                                0x080029bd   Thumb Code    18  kservice.o(.text)
    rt_strstr                                0x080029cf   Thumb Code    58  kservice.o(.text)
    rt_strcasecmp                            0x08002a09   Thumb Code    48  kservice.o(.text)
    rt_strncpy                               0x08002a39   Thumb Code    52  kservice.o(.text)
    rt_strncmp                               0x08002a6d   Thumb Code    40  kservice.o(.text)
    rt_strcmp                                0x08002a95   Thumb Code    28  kservice.o(.text)
    rt_strnlen                               0x08002ab1   Thumb Code    24  kservice.o(.text)
    rt_strdup                                0x08002ac9   Thumb Code    40  kservice.o(.text)
    strdup                                   0x08002ac9   Thumb Code     0  kservice.o(.text)
    rt_hw_console_output                     0x08002af1   Thumb Code     2  kservice.o(.text)
    rt_vsnprintf                             0x08002cb5   Thumb Code   808  kservice.o(.text)
    rt_kprintf                               0x08002fdd   Thumb Code    96  kservice.o(.text)
    rt_show_version                          0x0800303d   Thumb Code    38  kservice.o(.text)
    rt_snprintf                              0x08003063   Thumb Code    38  kservice.o(.text)
    rt_vsprintf                              0x08003089   Thumb Code    22  kservice.o(.text)
    rt_sprintf                               0x0800309f   Thumb Code    34  kservice.o(.text)
    rt_console_get_device                    0x080030c1   Thumb Code     6  kservice.o(.text)
    rt_console_set_device                    0x080030c7   Thumb Code    48  kservice.o(.text)
    rt_kputs                                 0x080030f7   Thumb Code    78  kservice.o(.text)
    rt_malloc_align                          0x08003145   Thumb Code    70  kservice.o(.text)
    rt_free_align                            0x0800318b   Thumb Code    16  kservice.o(.text)
    __rt_ffs                                 0x0800319b   Thumb Code    70  kservice.o(.text)
    rt_assert_set_hook                       0x080031e1   Thumb Code     6  kservice.o(.text)
    rt_assert_handler                        0x080031e7   Thumb Code    56  kservice.o(.text)
    rt_system_heap_init                      0x08003399   Thumb Code   204  mem.o(.text)
    rt_malloc                                0x08003465   Thumb Code   500  mem.o(.text)
    rt_free                                  0x08003659   Thumb Code   610  mem.o(.text)
    rt_realloc                               0x080038bb   Thumb Code   324  mem.o(.text)
    rt_calloc                                0x080039ff   Thumb Code    34  mem.o(.text)
    rt_memory_info                           0x08003a21   Thumb Code    26  mem.o(.text)
    rt_system_object_init                    0x08003b29   Thumb Code     2  object.o(.text)
    rt_object_get_information                0x08003b2b   Thumb Code    36  object.o(.text)
    rt_object_init                           0x08003b4f   Thumb Code   120  object.o(.text)
    rt_object_detach                         0x08003bc7   Thumb Code    44  object.o(.text)
    rt_object_allocate                       0x08003bf3   Thumb Code   140  object.o(.text)
    rt_object_delete                         0x08003c7f   Thumb Code    70  object.o(.text)
    rt_object_is_systemobject                0x08003cc5   Thumb Code    34  object.o(.text)
    rt_object_get_type                       0x08003ce7   Thumb Code    26  object.o(.text)
    rt_object_find                           0x08003d01   Thumb Code   142  object.o(.text)
    rt_system_scheduler_init                 0x08003e9b   Thumb Code    56  scheduler.o(.text)
    rt_system_scheduler_start                0x08003ed3   Thumb Code    36  scheduler.o(.text)
    rt_schedule                              0x08003ef7   Thumb Code   120  scheduler.o(.text)
    rt_schedule_insert_thread                0x08003f6f   Thumb Code    90  scheduler.o(.text)
    rt_schedule_remove_thread                0x08003fc9   Thumb Code    94  scheduler.o(.text)
    rt_enter_critical                        0x08004027   Thumb Code    28  scheduler.o(.text)
    rt_exit_critical                         0x08004043   Thumb Code    60  scheduler.o(.text)
    rt_critical_level                        0x0800407f   Thumb Code     8  scheduler.o(.text)
    rt_thread_exit                           0x0800413d   Thumb Code    76  thread.o(.text)
    rt_thread_timeout                        0x08004189   Thumb Code    92  thread.o(.text)
    rt_thread_init                           0x08004273   Thumb Code    74  thread.o(.text)
    rt_thread_self                           0x080042bd   Thumb Code     6  thread.o(.text)
    rt_thread_resume                         0x080042c3   Thumb Code   104  thread.o(.text)
    rt_thread_startup                        0x0800432b   Thumb Code   110  thread.o(.text)
    rt_thread_detach                         0x08004399   Thumb Code   138  thread.o(.text)
    rt_thread_create                         0x08004423   Thumb Code    80  thread.o(.text)
    rt_thread_delete                         0x08004473   Thumb Code   116  thread.o(.text)
    rt_thread_yield                          0x080044e7   Thumb Code   444  thread.o(.text)
    rt_thread_suspend                        0x080046a3   Thumb Code   114  thread.o(.text)
    rt_thread_sleep                          0x08004715   Thumb Code   100  thread.o(.text)
    rt_thread_delay                          0x08004779   Thumb Code    12  thread.o(.text)
    rt_thread_delay_until                    0x08004785   Thumb Code   162  thread.o(.text)
    rt_thread_mdelay                         0x08004827   Thumb Code    20  thread.o(.text)
    rt_thread_control                        0x0800483b   Thumb Code   156  thread.o(.text)
    rt_thread_find                           0x080048d7   Thumb Code    96  thread.o(.text)
    rt_timer_init                            0x08004a17   Thumb Code    58  timer.o(.text)
    rt_timer_detach                          0x08004a51   Thumb Code    82  timer.o(.text)
    rt_timer_create                          0x08004aa3   Thumb Code    54  timer.o(.text)
    rt_timer_delete                          0x08004ad9   Thumb Code    88  timer.o(.text)
    rt_timer_start                           0x08004b31   Thumb Code   296  timer.o(.text)
    rt_timer_stop                            0x08004c59   Thumb Code    84  timer.o(.text)
    rt_timer_control                         0x08004cad   Thumb Code    98  timer.o(.text)
    rt_timer_check                           0x08004d0f   Thumb Code   130  timer.o(.text)
    rt_timer_next_timeout_tick               0x08004d91   Thumb Code    10  timer.o(.text)
    rt_system_timer_init                     0x08004d9b   Thumb Code    24  timer.o(.text)
    rt_system_timer_thread_init              0x08004db3   Thumb Code     2  timer.o(.text)
    rt_components_board_init                 0x08004ed5   Thumb Code    38  components.o(.text)
    rt_components_init                       0x08004efb   Thumb Code    44  components.o(.text)
    main_thread_entry                        0x08004f27   Thumb Code    14  components.o(.text)
    rt_application_init                      0x08004f35   Thumb Code    48  components.o(.text)
    rtthread_startup                         0x08004f65   Thumb Code    42  components.o(.text)
    main                                     0x08004f8f   Thumb Code    10  components.o(.text)
    rt_hw_interrupt_disable                  0x08004ffd   Thumb Code     8  context_rvds.o(.text)
    rt_hw_interrupt_enable                   0x08005005   Thumb Code     6  context_rvds.o(.text)
    rt_hw_context_switch                     0x0800500b   Thumb Code    32  context_rvds.o(.text)
    rt_hw_context_switch_interrupt           0x0800500b   Thumb Code     0  context_rvds.o(.text)
    PendSV_Handler                           0x0800502b   Thumb Code   108  context_rvds.o(.text)
    rt_hw_context_switch_to                  0x08005097   Thumb Code    70  context_rvds.o(.text)
    rt_hw_interrupt_thread_switch            0x080050dd   Thumb Code     2  context_rvds.o(.text)
    HardFault_Handler                        0x080050df   Thumb Code    56  context_rvds.o(.text)
    rt_hw_stack_init                         0x08005131   Thumb Code    74  cpuport.o(.text)
    rt_hw_exception_install                  0x0800517b   Thumb Code     6  cpuport.o(.text)
    rt_hw_hard_fault_exception               0x08005181   Thumb Code   212  cpuport.o(.text)
    rt_hw_cpu_shutdown                       0x08005255   Thumb Code    22  cpuport.o(.text)
    rt_hw_cpu_reset                          0x0800526b   Thumb Code     8  cpuport.o(.text)
    usbd_hid_out_handler                     0x080053e9   Thumb Code    76  main.o(.text)
    usbd_hid_in_handler                      0x08005435   Thumb Code     2  main.o(.text)
    USB_Interrupts_Config                    0x08005437   Thumb Code   110  main.o(.text)
    Set_USBClock                             0x080054a5   Thumb Code    58  main.o(.text)
    USB_Config                               0x080054df   Thumb Code    36  main.o(.text)
    usb_dc_low_level_init                    0x08005503   Thumb Code    26  main.o(.text)
    usb_dc_low_level_deinit                  0x0800551d   Thumb Code    14  main.o(.text)
    cmsis_dap_usb_init                       0x0800552b   Thumb Code    42  main.o(.text)
    $Super$$main                             0x08005589   Thumb Code    52  main.o(.text)
    NVIC_Configuration                       0x08005681   Thumb Code    14  board.o(.text)
    SysTick_Handler                          0x0800568f   Thumb Code    16  board.o(.text)
    rt_hw_board_init                         0x0800569f   Thumb Code   102  board.o(.text)
    NMI_Handler                              0x08005721   Thumb Code     2  n32g43x_it.o(.text)
    MemManage_Handler                        0x08005723   Thumb Code     4  n32g43x_it.o(.text)
    BusFault_Handler                         0x08005727   Thumb Code     4  n32g43x_it.o(.text)
    UsageFault_Handler                       0x0800572b   Thumb Code     4  n32g43x_it.o(.text)
    SVC_Handler                              0x0800572f   Thumb Code     2  n32g43x_it.o(.text)
    DebugMon_Handler                         0x08005731   Thumb Code     2  n32g43x_it.o(.text)
    USBWakeUp_IRQHandler                     0x08005733   Thumb Code    12  n32g43x_it.o(.text)
    dap_init                                 0x08006117   Thumb Code    26  dap_main.o(.text)
    dap_process_command                      0x08006131   Thumb Code   142  dap_main.o(.text)
    dap_get_info_string                      0x080061bf   Thumb Code     4  dap_main.o(.text)
    jtag_get_clk_divider                     0x080061f5   Thumb Code     6  jtag_driver.o(.text)
    jtag_gpio_init                           0x080061fb   Thumb Code   100  jtag_driver.o(.text)
    jtag_gpio_deinit                         0x0800625f   Thumb Code    32  jtag_driver.o(.text)
    jtag_set_clock                           0x0800627f   Thumb Code    40  jtag_driver.o(.text)
    jtag_clock_cycles                        0x080062a7   Thumb Code    78  jtag_driver.o(.text)
    jtag_tap_reset                           0x080062f5   Thumb Code    26  jtag_driver.o(.text)
    jtag_goto_state                          0x0800630f   Thumb Code   130  jtag_driver.o(.text)
    jtag_shift_data                          0x08006391   Thumb Code   208  jtag_driver.o(.text)
    jtag_srst_assert                         0x08006461   Thumb Code    10  jtag_driver.o(.text)
    jtag_srst_deassert                       0x0800646b   Thumb Code    10  jtag_driver.o(.text)
    cmsis_dap_usb_desc_init                  0x08006495   Thumb Code    10  usb_descriptor.o(.text)
    cmsis_dap_hid_report_register            0x0800649f   Thumb Code    16  usb_descriptor.o(.text)
    rt_device_pin_register                   0x08006569   Thumb Code    56  pin.o(.text)
    rt_pin_attach_irq                        0x080065a1   Thumb Code    60  pin.o(.text)
    rt_pin_detach_irq                        0x080065dd   Thumb Code    46  pin.o(.text)
    rt_pin_irq_enable                        0x0800660b   Thumb Code    50  pin.o(.text)
    rt_pin_mode                              0x0800663d   Thumb Code    38  pin.o(.text)
    rt_pin_write                             0x08006663   Thumb Code    38  pin.o(.text)
    rt_pin_read                              0x08006689   Thumb Code    34  pin.o(.text)
    rt_hw_serial_register                    0x08006b79   Thumb Code    82  serial.o(.text)
    rt_hw_serial_isr                         0x08006bcb   Thumb Code   224  serial.o(.text)
    rt_completion_init                       0x08006de1   Thumb Code    42  completion.o(.text)
    rt_completion_wait                       0x08006e0b   Thumb Code   198  completion.o(.text)
    rt_completion_done                       0x08006ed1   Thumb Code    76  completion.o(.text)
    rt_hw_pin_init                           0x08007459   Thumb Code    38  drv_gpio.o(.text)
    N32G43X_GPIO_EXTI_IRQHandler             0x0800747f   Thumb Code    70  drv_gpio.o(.text)
    EXTI0_IRQHandler                         0x080074c5   Thumb Code    18  drv_gpio.o(.text)
    EXTI1_IRQHandler                         0x080074d7   Thumb Code    18  drv_gpio.o(.text)
    EXTI2_IRQHandler                         0x080074e9   Thumb Code    18  drv_gpio.o(.text)
    EXTI3_IRQHandler                         0x080074fb   Thumb Code    18  drv_gpio.o(.text)
    EXTI4_IRQHandler                         0x0800750d   Thumb Code    18  drv_gpio.o(.text)
    EXTI9_5_IRQHandler                       0x0800751f   Thumb Code    42  drv_gpio.o(.text)
    EXTI15_10_IRQHandler                     0x08007549   Thumb Code    48  drv_gpio.o(.text)
    GPIOInit                                 0x08007579   Thumb Code   116  drv_gpio.o(.text)
    USART1_IRQHandler                        0x08007663   Thumb Code    18  drv_usart.o(.text)
    n32g43x_uart_gpio_init                   0x08007675   Thumb Code   208  drv_usart.o(.text)
    rt_hw_usart_init                         0x08007965   Thumb Code   118  drv_usart.o(.text)
    usbd_event_notify_handler                0x0800881d   Thumb Code   440  usbd_core.o(.text)
    usbd_desc_register                       0x08008a4b   Thumb Code     6  usbd_core.o(.text)
    usbd_msosv1_desc_register                0x08008a51   Thumb Code     6  usbd_core.o(.text)
    usbd_msosv2_desc_register                0x08008a57   Thumb Code     6  usbd_core.o(.text)
    usbd_bos_desc_register                   0x08008a5d   Thumb Code     6  usbd_core.o(.text)
    usbd_class_register                      0x08008a63   Thumb Code    22  usbd_core.o(.text)
    usbd_class_add_interface                 0x08008a79   Thumb Code    42  usbd_core.o(.text)
    usbd_interface_add_endpoint              0x08008aa3   Thumb Code    18  usbd_core.o(.text)
    usb_device_is_configured                 0x08008ab5   Thumb Code     8  usbd_core.o(.text)
    usbd_initialize                          0x08008abd   Thumb Code    10  usbd_core.o(.text)
    usbd_hid_add_interface                   0x08008ce9   Thumb Code   114  usbd_hid.o(.text)
    usbd_hid_descriptor_register             0x08008d5b   Thumb Code     2  usbd_hid.o(.text)
    usbd_hid_report_descriptor_register      0x08008d5d   Thumb Code    38  usbd_hid.o(.text)
    usbd_hid_set_request_callback            0x08008d83   Thumb Code    66  usbd_hid.o(.text)
    usbd_hid_reset_state                     0x08008dc5   Thumb Code     2  usbd_hid.o(.text)
    usbd_hid_send_report                     0x08008dc7   Thumb Code     2  usbd_hid.o(.text)
    usb_dc_init                              0x08008e85   Thumb Code    52  usb_dc_fsdev.o(.text)
    usb_dc_deinit                            0x08008eb9   Thumb Code    28  usb_dc_fsdev.o(.text)
    usbd_set_address                         0x08008ed5   Thumb Code    20  usb_dc_fsdev.o(.text)
    usbd_ep_open                             0x08008ee9   Thumb Code   820  usb_dc_fsdev.o(.text)
    usbd_ep_close                            0x0800921d   Thumb Code   234  usb_dc_fsdev.o(.text)
    usbd_ep_set_stall                        0x08009307   Thumb Code   106  usb_dc_fsdev.o(.text)
    usbd_ep_clear_stall                      0x08009371   Thumb Code   244  usb_dc_fsdev.o(.text)
    usbd_ep_is_stalled                       0x08009465   Thumb Code     6  usb_dc_fsdev.o(.text)
    usbd_ep_write                            0x080094ad   Thumb Code   238  usb_dc_fsdev.o(.text)
    usbd_ep_read                             0x080095e5   Thumb Code   168  usb_dc_fsdev.o(.text)
    USB_LP_IRQHandler                        0x0800968d   Thumb Code   760  usb_dc_fsdev.o(.text)
    __aeabi_memcpy                           0x08009995   Thumb Code    36  memcpya.o(.text)
    __aeabi_memcpy4                          0x08009995   Thumb Code     0  memcpya.o(.text)
    __aeabi_memcpy8                          0x08009995   Thumb Code     0  memcpya.o(.text)
    __aeabi_memset                           0x080099b9   Thumb Code    14  memseta.o(.text)
    __aeabi_memset4                          0x080099b9   Thumb Code     0  memseta.o(.text)
    __aeabi_memset8                          0x080099b9   Thumb Code     0  memseta.o(.text)
    __aeabi_memclr                           0x080099c7   Thumb Code     4  memseta.o(.text)
    __aeabi_memclr4                          0x080099c7   Thumb Code     0  memseta.o(.text)
    __aeabi_memclr8                          0x080099c7   Thumb Code     0  memseta.o(.text)
    _memset$wrapper                          0x080099cb   Thumb Code    18  memseta.o(.text)
    __scatterload                            0x080099dd   Thumb Code    28  init.o(.text)
    __scatterload_rt2                        0x080099dd   Thumb Code     0  init.o(.text)
    __decompress                             0x08009a01   Thumb Code     0  __dczerorl2.o(.text)
    __decompress1                            0x08009a01   Thumb Code    86  __dczerorl2.o(.text)
    __scatterload_copy                       0x08009a57   Thumb Code    14  handlers.o(i.__scatterload_copy)
    __scatterload_null                       0x08009a65   Thumb Code     2  handlers.o(i.__scatterload_null)
    __scatterload_zeroinit                   0x08009a67   Thumb Code    14  handlers.o(i.__scatterload_zeroinit)
    AHBPrescTable                            0x08009a74   Data          16  system_n32g43x.o(.constdata)
    MSIClockTable                            0x08009a84   Data          28  system_n32g43x.o(.constdata)
    __lowest_bit_bitmap                      0x08009ca9   Data         256  kservice.o(.constdata)
    __rti_rti_start_name                     0x0800a000   Data          10  components.o(.constdata)
    __rti_rti_board_start_name               0x0800a00a   Data          16  components.o(.constdata)
    __rti_rti_board_end_name                 0x0800a01a   Data          14  components.o(.constdata)
    __rti_rti_end_name                       0x0800a028   Data           8  components.o(.constdata)
    __rti_rt_hw_pin_init_name                0x0800a648   Data          15  drv_gpio.o(.constdata)
    __rti_rt_hw_usart_init_name              0x0800a6a0   Data          17  drv_usart.o(.constdata)
    __rt_init_desc_rti_start                 0x0800a98c   Data           8  components.o(.rti_fn.0)
    __rt_init_desc_rti_board_start           0x0800a994   Data           8  components.o(.rti_fn.0.end)
    __rt_init_desc_rt_hw_pin_init            0x0800a99c   Data           8  drv_gpio.o(.rti_fn.1)
    __rt_init_desc_rt_hw_usart_init          0x0800a9a4   Data           8  drv_usart.o(.rti_fn.1)
    __rt_init_desc_rti_board_end             0x0800a9ac   Data           8  components.o(.rti_fn.1.end)
    __rt_init_desc_rti_end                   0x0800a9b4   Data           8  components.o(.rti_fn.6.end)
    Region$$Table$$Base                      0x0800a9bc   Number         0  anon$$obj.o(Region$$Table)
    Region$$Table$$Limit                     0x0800a9dc   Number         0  anon$$obj.o(Region$$Table)
    SystemCoreClock                          0x20000000   Data           4  system_n32g43x.o(.data)
    rt_interrupt_nest                        0x20000008   Data           1  irq.o(.data)
    rt_assert_hook                           0x20000014   Data           4  kservice.o(.data)
    rt_current_thread                        0x20000084   Data           4  scheduler.o(.data)
    rt_current_priority                      0x20000088   Data           1  scheduler.o(.data)
    rt_thread_ready_priority_group           0x2000008c   Data           4  scheduler.o(.data)
    rt_thread_defunct                        0x20000090   Data           8  scheduler.o(.data)
    rt_interrupt_from_thread                 0x200000a4   Data           4  cpuport.o(.data)
    rt_interrupt_to_thread                   0x200000a8   Data           4  cpuport.o(.data)
    rt_thread_switch_interrupt_flag          0x200000ac   Data           4  cpuport.o(.data)
    hid_out_ep                               0x200000b4   Data          12  main.o(.data)
    hid_in_ep                                0x200000c0   Data          12  main.o(.data)
    rt_thread_priority_table                 0x200003d4   Data         256  scheduler.o(.bss)
    cmsis_dap_class                          0x200004d4   Data          12  main.o(.bss)
    cmsis_dap_intf                           0x200004e0   Data          28  main.o(.bss)
    serial1                                  0x20000bd8   Data          88  drv_usart.o(.bss)
    usbd_core_cfg                            0x20000c30   Data         356  usbd_core.o(.bss)
    usbd_hid_cfg                             0x20000d94   Data         192  usbd_hid.o(.bss)
    usb_dc_cfg                               0x20000e54   Data         136  usb_dc_fsdev.o(.bss)
    __initial_sp                             0x200023e0   Data           0  startup_n32g43x.o(STACK)



==============================================================================

Memory Map of the image

  Image Entry point : 0x08000149

  Load Region LR_IROM1 (Base: 0x08000000, Size: 0x0000ab98, Max: 0x00020000, ABSOLUTE, COMPRESSED[0x0000aa28])

    Execution Region ER_IROM1 (Exec base: 0x08000000, Load base: 0x08000000, Size: 0x0000a9dc, Max: 0x00020000, ABSOLUTE)

    Exec Addr    Load Addr    Size         Type   Attr      Idx    E Section Name        Object

    0x08000000   0x08000000   0x00000148   Data   RO            3    RESET               startup_n32g43x.o
    0x08000148   0x08000148   0x00000000   Code   RO         1003  * .ARM.Collect$$$$00000000  mc_w.l(entry.o)
    0x08000148   0x08000148   0x00000004   Code   RO         1012    .ARM.Collect$$$$00000001  mc_w.l(entry2.o)
    0x0800014c   0x0800014c   0x00000004   Code   RO         1015    .ARM.Collect$$$$00000004  mc_w.l(entry5.o)
    0x08000150   0x08000150   0x00000000   Code   RO         1017    .ARM.Collect$$$$00000008  mc_w.l(entry7b.o)
    0x08000150   0x08000150   0x00000000   Code   RO         1019    .ARM.Collect$$$$0000000A  mc_w.l(entry8b.o)
    0x08000150   0x08000150   0x00000008   Code   RO         1020    .ARM.Collect$$$$0000000B  mc_w.l(entry9a.o)
    0x08000158   0x08000158   0x00000000   Code   RO         1022    .ARM.Collect$$$$0000000D  mc_w.l(entry10a.o)
    0x08000158   0x08000158   0x00000000   Code   RO         1024    .ARM.Collect$$$$0000000F  mc_w.l(entry11a.o)
    0x08000158   0x08000158   0x00000004   Code   RO         1013    .ARM.Collect$$$$00002712  mc_w.l(entry2.o)
    0x0800015c   0x0800015c   0x00000024   Code   RO            4    .text               startup_n32g43x.o
    0x08000180   0x08000180   0x000002d4   Code   RO           13    .text               system_n32g43x.o
    0x08000454   0x08000454   0x000000dc   Code   RO          139    .text               misc.o
    0x08000530   0x08000530   0x0000055c   Code   RO          167    .text               n32g43x_gpio.o
    0x08000a8c   0x08000a8c   0x000007f8   Code   RO          191    .text               n32g43x_rcc.o
    0x08001284   0x08001284   0x000003c4   Code   RO          217    .text               n32g43x_usart.o
    0x08001648   0x08001648   0x00000130   Code   RO          241    .text               n32g43x_exti.o
    0x08001778   0x08001778   0x00000088   Code   RO          262    .text               clock.o
    0x08001800   0x08001800   0x0000052c   Code   RO          313    .text               device.o
    0x08001d2c   0x08001d2c   0x00000138   Code   RO          326    .text               idle.o
    0x08001e64   0x08001e64   0x000009e8   Code   RO          345    .text               ipc.o
    0x0800284c   0x0800284c   0x00000058   Code   RO          362    .text               irq.o
    0x080028a4   0x080028a4   0x00000a54   Code   RO          377    .text               kservice.o
    0x080032f8   0x080032f8   0x00000810   Code   RO          397    .text               mem.o
    0x08003b08   0x08003b08   0x0000033c   Code   RO          426    .text               object.o
    0x08003e44   0x08003e44   0x000002d8   Code   RO          444    .text               scheduler.o
    0x0800411c   0x0800411c   0x00000860   Code   RO          471    .text               thread.o
    0x0800497c   0x0800497c   0x00000548   Code   RO          489    .text               timer.o
    0x08004ec4   0x08004ec4   0x00000138   Code   RO          507    .text               components.o
    0x08004ffc   0x08004ffc   0x00000134   Code   RO          547    .text               context_rvds.o
    0x08005130   0x08005130   0x000002b8   Code   RO          551    .text               cpuport.o
    0x080053e8   0x080053e8   0x00000298   Code   RO          570    .text               main.o
    0x08005680   0x08005680   0x000000a0   Code   RO          638    .text               board.o
    0x08005720   0x08005720   0x0000001e   Code   RO          669    .text               n32g43x_it.o
    0x0800573e   0x0800573e   0x00000002   PAD
    0x08005740   0x08005740   0x00000ab4   Code   RO          696    .text               dap_main.o
    0x080061f4   0x080061f4   0x000002a0   Code   RO          726    .text               jtag_driver.o
    0x08006494   0x08006494   0x00000024   Code   RO          749    .text               usb_descriptor.o
    0x080064b8   0x080064b8   0x00000250   Code   RO          773    .text               pin.o
    0x08006708   0x08006708   0x000006d8   Code   RO          821    .text               serial.o
    0x08006de0   0x08006de0   0x000001cc   Code   RO          839    .text               completion.o
    0x08006fac   0x08006fac   0x00000664   Code   RO          858    .text               drv_gpio.o
    0x08007610   0x08007610   0x00000438   Code   RO          897    .text               drv_usart.o
    0x08007a48   0x08007a48   0x00001098   Code   RO          940    .text               usbd_core.o
    0x08008ae0   0x08008ae0   0x000003a0   Code   RO          963    .text               usbd_hid.o
    0x08008e80   0x08008e80   0x00000b14   Code   RO          985    .text               usb_dc_fsdev.o
    0x08009994   0x08009994   0x00000024   Code   RO         1006    .text               mc_w.l(memcpya.o)
    0x080099b8   0x080099b8   0x00000024   Code   RO         1008    .text               mc_w.l(memseta.o)
    0x080099dc   0x080099dc   0x00000024   Code   RO         1026    .text               mc_w.l(init.o)
    0x08009a00   0x08009a00   0x00000056   Code   RO         1036    .text               mc_w.l(__dczerorl2.o)
    0x08009a56   0x08009a56   0x0000000e   Code   RO         1030    i.__scatterload_copy  mc_w.l(handlers.o)
    0x08009a64   0x08009a64   0x00000002   Code   RO         1031    i.__scatterload_null  mc_w.l(handlers.o)
    0x08009a66   0x08009a66   0x0000000e   Code   RO         1032    i.__scatterload_zeroinit  mc_w.l(handlers.o)
    0x08009a74   0x08009a74   0x0000002c   Data   RO           14    .constdata          system_n32g43x.o
    0x08009aa0   0x08009aa0   0x0000005c   Data   RO          192    .constdata          n32g43x_rcc.o
    0x08009afc   0x08009afc   0x000000c9   Data   RO          314    .constdata          device.o
    0x08009bc5   0x08009bc5   0x00000016   Data   RO          328    .constdata          idle.o
    0x08009bdb   0x08009bdb   0x000000ce   Data   RO          346    .constdata          ipc.o
    0x08009ca9   0x08009ca9   0x00000122   Data   RO          379    .constdata          kservice.o
    0x08009dcb   0x08009dcb   0x0000003c   Data   RO          399    .constdata          mem.o
    0x08009e07   0x08009e07   0x00000080   Data   RO          427    .constdata          object.o
    0x08009e87   0x08009e87   0x0000004e   Data   RO          446    .constdata          scheduler.o
    0x08009ed5   0x08009ed5   0x000000cf   Data   RO          472    .constdata          thread.o
    0x08009fa4   0x08009fa4   0x0000005c   Data   RO          490    .constdata          timer.o
    0x0800a000   0x0800a000   0x00000044   Data   RO          508    .constdata          components.o
    0x0800a044   0x0800a044   0x00000013   Data   RO          552    .constdata          cpuport.o
    0x0800a057   0x0800a057   0x00000001   PAD
    0x0800a058   0x0800a058   0x00000068   Data   RO          698    .constdata          dap_main.o
    0x0800a0c0   0x0800a0c0   0x000000b4   Data   RO          750    .constdata          usb_descriptor.o
    0x0800a174   0x0800a174   0x0000007d   Data   RO          775    .constdata          pin.o
    0x0800a1f1   0x0800a1f1   0x000000c4   Data   RO          822    .constdata          serial.o
    0x0800a2b5   0x0800a2b5   0x00000039   Data   RO          840    .constdata          completion.o
    0x0800a2ee   0x0800a2ee   0x00000002   PAD
    0x0800a2f0   0x0800a2f0   0x00000367   Data   RO          859    .constdata          drv_gpio.o
    0x0800a657   0x0800a657   0x00000001   PAD
    0x0800a658   0x0800a658   0x000000ac   Data   RO          899    .constdata          drv_usart.o
    0x0800a704   0x0800a704   0x0000008b   Data   RO          347    .conststring        ipc.o
    0x0800a78f   0x0800a78f   0x00000001   PAD
    0x0800a790   0x0800a790   0x000000eb   Data   RO          400    .conststring        mem.o
    0x0800a87b   0x0800a87b   0x00000001   PAD
    0x0800a87c   0x0800a87c   0x00000042   Data   RO          473    .conststring        thread.o
    0x0800a8be   0x0800a8be   0x00000002   PAD
    0x0800a8c0   0x0800a8c0   0x00000063   Data   RO          823    .conststring        serial.o
    0x0800a923   0x0800a923   0x00000001   PAD
    0x0800a924   0x0800a924   0x00000007   Data   RO          900    .conststring        drv_usart.o
    0x0800a92b   0x0800a92b   0x00000001   PAD
    0x0800a92c   0x0800a92c   0x0000005d   Data   RO          942    .conststring        usbd_core.o
    0x0800a989   0x0800a989   0x00000003   PAD
    0x0800a98c   0x0800a98c   0x00000008   Data   RO          509    .rti_fn.0           components.o
    0x0800a994   0x0800a994   0x00000008   Data   RO          510    .rti_fn.0.end       components.o
    0x0800a99c   0x0800a99c   0x00000008   Data   RO          861    .rti_fn.1           drv_gpio.o
    0x0800a9a4   0x0800a9a4   0x00000008   Data   RO          901    .rti_fn.1           drv_usart.o
    0x0800a9ac   0x0800a9ac   0x00000008   Data   RO          511    .rti_fn.1.end       components.o
    0x0800a9b4   0x0800a9b4   0x00000008   Data   RO          512    .rti_fn.6.end       components.o
    0x0800a9bc   0x0800a9bc   0x00000020   Data   RO         1028    Region$$Table       anon$$obj.o


    Execution Region RW_IRAM1 (Exec base: 0x20000000, Load base: 0x0800a9dc, Size: 0x000023e0, Max: 0x00008000, ABSOLUTE, COMPRESSED[0x0000004c])

    Exec Addr    Load Addr    Size         Type   Attr      Idx    E Section Name        Object

    0x20000000   COMPRESSED   0x00000004   Data   RW           15    .data               system_n32g43x.o
    0x20000004   COMPRESSED   0x00000004   Data   RW          263    .data               clock.o
    0x20000008   COMPRESSED   0x00000001   Data   RW          363    .data               irq.o
    0x20000009   COMPRESSED   0x00000003   PAD
    0x2000000c   COMPRESSED   0x0000000c   Data   RW          380    .data               kservice.o
    0x20000018   COMPRESSED   0x00000018   Data   RW          401    .data               mem.o
    0x20000030   COMPRESSED   0x00000050   Data   RW          428    .data               object.o
    0x20000080   COMPRESSED   0x00000018   Data   RW          447    .data               scheduler.o
    0x20000098   COMPRESSED   0x0000000c   Data   RW          491    .data               timer.o
    0x200000a4   COMPRESSED   0x00000010   Data   RW          553    .data               cpuport.o
    0x200000b4   COMPRESSED   0x00000018   Data   RW          572    .data               main.o
    0x200000cc   COMPRESSED   0x00000005   Data   RW          727    .data               jtag_driver.o
    0x200000d1   COMPRESSED   0x00000003   PAD
    0x200000d4   COMPRESSED   0x00000004   Data   RW          824    .data               serial.o
    0x200000d8   COMPRESSED   0x000000c4   Data   RW          860    .data               drv_gpio.o
    0x2000019c   COMPRESSED   0x00000011   Data   RW          943    .data               usbd_core.o
    0x200001ad   COMPRESSED   0x00000003   PAD
    0x200001b0   COMPRESSED   0x00000009   Data   RW          965    .data               usbd_hid.o
    0x200001b9   COMPRESSED   0x00000003   PAD
    0x200001bc        -       0x00000178   Zero   RW          327    .bss                idle.o
    0x20000334        -       0x00000080   Zero   RW          378    .bss                kservice.o
    0x200003b4        -       0x00000020   Zero   RW          398    .bss                mem.o
    0x200003d4        -       0x00000100   Zero   RW          445    .bss                scheduler.o
    0x200004d4        -       0x000004a0   Zero   RW          571    .bss                main.o
    0x20000974        -       0x00000220   Zero   RW          697    .bss                dap_main.o
    0x20000b94        -       0x00000044   Zero   RW          774    .bss                pin.o
    0x20000bd8        -       0x00000058   Zero   RW          898    .bss                drv_usart.o
    0x20000c30        -       0x00000164   Zero   RW          941    .bss                usbd_core.o
    0x20000d94        -       0x000000c0   Zero   RW          964    .bss                usbd_hid.o
    0x20000e54        -       0x00000088   Zero   RW          986    .bss                usb_dc_fsdev.o
    0x20000edc   COMPRESSED   0x00000004   PAD
    0x20000ee0        -       0x00001500   Zero   RW            1    STACK               startup_n32g43x.o


==============================================================================

Image component sizes


      Code (inc. data)   RO Data    RW Data    ZI Data      Debug   Object Name

       160         28          0          0          0      31189   board.o
       136          6          0          4          0      11536   clock.o
       460        128         57          0          0       5083   completion.o
       312        100        100          0          0       3242   components.o
       308         26          0          0          0        888   context_rvds.o
       696        374         19         16          0       4563   cpuport.o
      2740        154        104          0        544      11179   dap_main.o
      1324        312        201          0          0       5886   device.o
      1636         80        879        196          0      39901   drv_gpio.o
      1080        110        187          0         88      38669   drv_usart.o
       312         72         22          0        376       5102   idle.o
      2536        450        345          0          0      10959   ipc.o
        88          6          0          1          0       1586   irq.o
       672         14          0          5          0       3895   jtag_driver.o
      2644        230        290         12        128      12068   kservice.o
       664        196          0         24       1184      25365   main.o
      2064        552        295         24         32       4836   mem.o
       220         22          0          0          0       2041   misc.o
       304          4          0          0          0       2706   n32g43x_exti.o
      1372         52          0          0          0       7044   n32g43x_gpio.o
        30          0          0          0          0       1198   n32g43x_it.o
      2040         84         92          0          0      17797   n32g43x_rcc.o
       964         22          0          0          0       8395   n32g43x_usart.o
       828        182        128         80          0       7462   object.o
       592         94        125          0         68      10060   pin.o
       728        144         78         24        256       6728   scheduler.o
      1752        210        295          4          0       6977   serial.o
        36          8        328          0       5376        936   startup_n32g43x.o
       724         64         44          4          0     285229   system_n32g43x.o
      2144        418        273          0          0      10476   thread.o
      1352        250         92         12          0       8661   timer.o
      2836         46          0          0        136      55337   usb_dc_fsdev.o
        36         10        180          0          0       1676   usb_descriptor.o
      4248        886         93         17        356      19660   usbd_core.o
       928        196          0          9        192      12425   usbd_hid.o

    ----------------------------------------------------------------------
     38968       5530       4272        444       8740     680755   Object Totals
         0          0         32          0          0          0   (incl. Generated)
         2          0         13         12          4          0   (incl. Padding)

    ----------------------------------------------------------------------

      Code (inc. data)   RO Data    RW Data    ZI Data      Debug   Library Member Name

        86          0          0          0          0          0   __dczerorl2.o
         0          0          0          0          0          0   entry.o
         0          0          0          0          0          0   entry10a.o
         0          0          0          0          0          0   entry11a.o
         8          4          0          0          0          0   entry2.o
         4          0          0          0          0          0   entry5.o
         0          0          0          0          0          0   entry7b.o
         0          0          0          0          0          0   entry8b.o
         8          4          0          0          0          0   entry9a.o
        30          0          0          0          0          0   handlers.o
        36          8          0          0          0         68   init.o
        36          0          0          0          0         68   memcpya.o
        36          0          0          0          0        108   memseta.o

    ----------------------------------------------------------------------
       244         16          0          0          0        244   Library Totals
         0          0          0          0          0          0   (incl. Padding)

    ----------------------------------------------------------------------

      Code (inc. data)   RO Data    RW Data    ZI Data      Debug   Library Name

       244         16          0          0          0        244   mc_w.l

    ----------------------------------------------------------------------
       244         16          0          0          0        244   Library Totals

    ----------------------------------------------------------------------

==============================================================================


      Code (inc. data)   RO Data    RW Data    ZI Data      Debug   

     39212       5546       4272        444       8740     673931   Grand Totals
     39212       5546       4272         76       8740     673931   ELF Image Totals (compressed)
     39212       5546       4272         76          0          0   ROM Totals

==============================================================================

    Total RO  Size (Code + RO Data)                43484 (  42.46kB)
    Total RW  Size (RW Data + ZI Data)              9184 (   8.97kB)
    Total ROM Size (Code + RO Data + RW Data)      43560 (  42.54kB)

==============================================================================

