Component: ARM Compiler 5.06 update 6 (build 750) Tool: armlink [4d35ed]

==============================================================================

Section Cross References

    startup_n32g43x.o(RESET) refers to startup_n32g43x.o(STACK) for __initial_sp
    startup_n32g43x.o(RESET) refers to startup_n32g43x.o(.text) for Reset_Handler
    startup_n32g43x.o(RESET) refers to n32g43x_it.o(.text) for NMI_Handler
    startup_n32g43x.o(RESET) refers to context_rvds.o(.text) for HardFault_Handler
    startup_n32g43x.o(RESET) refers to board.o(.text) for SysTick_Handler
    startup_n32g43x.o(RESET) refers to drv_gpio.o(.text) for EXTI0_IRQHandler
    startup_n32g43x.o(RESET) refers to usb_dc_fsdev.o(.text) for USB_LP_IRQHandler
    startup_n32g43x.o(RESET) refers to drv_usart.o(.text) for USART1_IRQHandler
    startup_n32g43x.o(.text) refers to system_n32g43x.o(.text) for SystemInit
    startup_n32g43x.o(.text) refers to entry.o(.ARM.Collect$$$$00000000) for __main
    system_n32g43x.o(.text) refers to system_n32g43x.o(.data) for SystemCoreClock
    system_n32g43x.o(.text) refers to system_n32g43x.o(.constdata) for MSIClockTable
    n32g43x_gpio.o(.text) refers to n32g43x_rcc.o(.text) for RCC_EnableAPB2PeriphReset
    n32g43x_rcc.o(.text) refers to n32g43x_rcc.o(.constdata) for s_msiClockTable
    n32g43x_usart.o(.text) refers to n32g43x_rcc.o(.text) for RCC_EnableAPB2PeriphReset
    clock.o(.text) refers to context_rvds.o(.text) for rt_hw_interrupt_disable
    clock.o(.text) refers to thread.o(.text) for rt_thread_self
    clock.o(.text) refers to timer.o(.text) for rt_timer_check
    clock.o(.text) refers to clock.o(.data) for rt_tick
    device.o(.text) refers to thread.o(.text) for rt_thread_self
    device.o(.text) refers to scheduler.o(.text) for rt_enter_critical
    device.o(.text) refers to object.o(.text) for rt_object_get_information
    device.o(.text) refers to kservice.o(.text) for rt_assert_handler
    device.o(.text) refers to mem.o(.text) for rt_malloc
    device.o(.text) refers to device.o(.constdata) for __FUNCTION__
    idle.o(.text) refers to context_rvds.o(.text) for rt_hw_interrupt_disable
    idle.o(.text) refers to irq.o(.text) for rt_interrupt_get_nest
    idle.o(.text) refers to kservice.o(.text) for rt_kprintf
    idle.o(.text) refers to scheduler.o(.text) for rt_enter_critical
    idle.o(.text) refers to object.o(.text) for rt_object_is_systemobject
    idle.o(.text) refers to mem.o(.text) for rt_free
    idle.o(.text) refers to thread.o(.text) for rt_thread_init
    idle.o(.text) refers to idle.o(.constdata) for __FUNCTION__
    idle.o(.text) refers to scheduler.o(.data) for rt_thread_defunct
    idle.o(.text) refers to idle.o(.bss) for rt_thread_stack
    ipc.o(.text) refers to thread.o(.text) for rt_thread_suspend
    ipc.o(.text) refers to context_rvds.o(.text) for rt_hw_interrupt_disable
    ipc.o(.text) refers to kservice.o(.text) for rt_assert_handler
    ipc.o(.text) refers to object.o(.text) for rt_object_init
    ipc.o(.text) refers to irq.o(.text) for rt_interrupt_get_nest
    ipc.o(.text) refers to timer.o(.text) for rt_timer_control
    ipc.o(.text) refers to scheduler.o(.text) for rt_schedule
    ipc.o(.text) refers to ipc.o(.constdata) for __FUNCTION__
    ipc.o(.text) refers to ipc.o(.conststring) for .conststring
    irq.o(.text) refers to context_rvds.o(.text) for rt_hw_interrupt_disable
    irq.o(.text) refers to irq.o(.data) for rt_interrupt_nest
    kservice.o(.text) refers to irq.o(.text) for rt_interrupt_get_nest
    kservice.o(.text) refers to thread.o(.text) for rt_thread_self
    kservice.o(.text) refers to mem.o(.text) for rt_malloc
    kservice.o(.text) refers to kservice.o(.data) for __rt_errno
    kservice.o(.text) refers to kservice.o(.constdata) for large_digits
    kservice.o(.text) refers to device.o(.text) for rt_device_write
    kservice.o(.text) refers to kservice.o(.bss) for rt_log_buf
    mem.o(.text) refers to kservice.o(.text) for rt_assert_handler
    mem.o(.text) refers to context_rvds.o(.text) for rt_hw_interrupt_disable
    mem.o(.text) refers to irq.o(.text) for rt_interrupt_get_nest
    mem.o(.text) refers to ipc.o(.text) for rt_sem_init
    mem.o(.text) refers to mem.o(.data) for heap_ptr
    mem.o(.text) refers to mem.o(.constdata) for __FUNCTION__
    mem.o(.text) refers to mem.o(.bss) for heap_sem
    mem.o(.text) refers to mem.o(.conststring) for .conststring
    object.o(.text) refers to kservice.o(.text) for rt_assert_handler
    object.o(.text) refers to scheduler.o(.text) for rt_enter_critical
    object.o(.text) refers to context_rvds.o(.text) for rt_hw_interrupt_disable
    object.o(.text) refers to irq.o(.text) for rt_interrupt_get_nest
    object.o(.text) refers to mem.o(.text) for rt_malloc
    object.o(.text) refers to object.o(.data) for rt_object_container
    object.o(.text) refers to object.o(.constdata) for __FUNCTION__
    scheduler.o(.text) refers to kservice.o(.text) for rt_assert_handler
[...]
    RESET                                    0x08000000   Section      328  startup_n32g43x.o(RESET)
    .ARM.Collect$$$$00000000                 0x08000148   Section        0  entry.o(.ARM.Collect$$$$00000000)
    .ARM.Collect$$$$00000001                 0x08000148   Section        4  entry2.o(.ARM.Collect$$$$00000001)
    .ARM.Collect$$$$00000004                 0x0800014c   Section        4  entry5.o(.ARM.Collect$$$$00000004)
    .ARM.Collect$$$$00000008                 0x08000150   Section        0  entry7b.o(.ARM.Collect$$$$00000008)
    .ARM.Collect$$$$0000000A                 0x08000150   Section        0  entry8b.o(.ARM.Collect$$$$0000000A)
    .ARM.Collect$$$$0000000B                 0x08000150   Section        8  entry9a.o(.ARM.Collect$$$$0000000B)
    .ARM.Collect$$$$0000000D                 0x08000158   Section        0  entry10a.o(.ARM.Collect$$$$0000000D)
    .ARM.Collect$$$$0000000F                 0x08000158   Section        0  entry11a.o(.ARM.Collect$$$$0000000F)
    .ARM.Collect$$$$00002712                 0x08000158   Section        4  entry2.o(.ARM.Collect$$$$00002712)
    __lit__00000000                          0x08000158   Data           4  entry2.o(.ARM.Collect$$$$00002712)
    .text                                    0x0800015c   Section       36  startup_n32g43x.o(.text)
    $v0                                      0x0800015c   Number         0  startup_n32g43x.o(.text)
    .text                                    0x08000180   Section        0  system_n32g43x.o(.text)
    SetSysClock                              0x08000181   Thumb Code   258  system_n32g43x.o(.text)
    .text                                    0x0800045c   Section        0  misc.o(.text)
    .text                                    0x08000538   Section        0  n32g43x_gpio.o(.text)
    .text                                    0x08000a94   Section        0  n32g43x_rcc.o(.text)
    .text                                    0x0800128c   Section        0  n32g43x_usart.o(.text)
    .text                                    0x08001650   Section        0  n32g43x_exti.o(.text)
    .text                                    0x08001780   Section        0  clock.o(.text)
    .text                                    0x08001808   Section        0  device.o(.text)
    .text                                    0x08001d34   Section        0  idle.o(.text)
    rt_thread_idle_entry                     0x08001de3   Thumb Code     8  idle.o(.text)
    _has_defunct_thread                      0x08001e15   Thumb Code    16  idle.o(.text)
    .text                                    0x08001e6c   Section        0  ipc.o(.text)
    rt_list_insert_before                    0x08001e6d   Thumb Code    14  ipc.o(.text)
    rt_ipc_list_suspend                      0x08001e7b   Thumb Code   108  ipc.o(.text)
    rt_ipc_list_resume_all                   0x08001ee7   Thumb Code    50  ipc.o(.text)
    rt_list_isempty                          0x080027c7   Thumb Code    16  ipc.o(.text)
    rt_ipc_object_init                       0x080027d7   Thumb Code    16  ipc.o(.text)
    rt_ipc_list_resume                       0x080027e7   Thumb Code    24  ipc.o(.text)
    .text                                    0x08002854   Section        0  irq.o(.text)
    .text                                    0x080028ac   Section        0  kservice.o(.text)
    print_number                             0x08002afb   Thumb Code   400  kservice.o(.text)
    skip_atoi                                0x08002c8b   Thumb Code    50  kservice.o(.text)
    .text                                    0x08003300   Section        0  mem.o(.text)
    plug_holes                               0x08003301   Thumb Code   160  mem.o(.text)
    .text                                    0x08003b10   Section        0  object.o(.text)
    rt_list_insert_after                     0x08003b11   Thumb Code    14  object.o(.text)
    rt_list_remove                           0x08003b1f   Thumb Code    18  object.o(.text)
    .text                                    0x08003e4c   Section        0  scheduler.o(.text)
    _rt_scheduler_stack_check                0x08003e4d   Thumb Code    86  scheduler.o(.text)
    rt_list_init                             0x0800408f   Thumb Code     6  scheduler.o(.text)
    .text                                    0x08004124   Section        0  thread.o(.text)
    rt_list_insert_after                     0x08004125   Thumb Code    14  thread.o(.text)
    rt_list_remove                           0x08004133   Thumb Code    18  thread.o(.text)
    _rt_thread_init                          0x080041ed   Thumb Code   142  thread.o(.text)
    .text                                    0x08004984   Section        0  timer.o(.text)
    rt_list_insert_after                     0x08004985   Thumb Code    14  timer.o(.text)
    _rt_timer_init                           0x08004993   Thumb Code    66  timer.o(.text)
    rt_timer_list_next_timeout               0x080049d5   Thumb Code    28  timer.o(.text)
    _rt_timer_remove                         0x080049f1   Thumb Code    46  timer.o(.text)
    rt_list_init                             0x08004dbd   Thumb Code     6  timer.o(.text)
    rt_list_isempty                          0x08004dc3   Thumb Code    16  timer.o(.text)
    .text                                    0x08004ecc   Section        0  components.o(.text)
    rti_start                                0x08004ecd   Thumb Code     4  components.o(.text)
    rti_board_start                          0x08004ed1   Thumb Code     4  components.o(.text)
    rti_board_end                            0x08004ed5   Thumb Code     4  components.o(.text)
    rti_end                                  0x08004ed9   Thumb Code     4  components.o(.text)
    .text                                    0x08005004   Section      308  context_rvds.o(.text)
    $v0                                      0x08005004   Number         0  context_rvds.o(.text)
    .text                                    0x08005138   Section        0  cpuport.o(.text)
    .text                                    0x080053f0   Section        0  main.o(.text)
    .text                                    0x080054f8   Section        0  board.o(.text)
    .text                                    0x08005598   Section        0  n32g43x_it.o(.text)
    .text                                    0x080055b8   Section        0  cdc_acm.o(.text)
    .text                                    0x080056b0   Section        0  pin.o(.text)
    _pin_read                                0x080056b1   Thumb Code    62  pin.o(.text)
    _pin_write                               0x080056ef   Thumb Code    62  pin.o(.text)
    _pin_control                             0x0800572d   Thumb Code    52  pin.o(.text)
    .text                                    0x08005900   Section        0  serial.o(.text)
    _serial_int_rx                           0x08005901   Thumb Code   140  serial.o(.text)
    _serial_check_buffer_size                0x0800598d   Thumb Code    38  serial.o(.text)
    rt_serial_init                           0x080059b3   Thumb Code    52  serial.o(.text)
    rt_serial_open                           0x080059e7   Thumb Code   344  serial.o(.text)
    rt_serial_close                          0x08005b3f   Thumb Code   150  serial.o(.text)
    rt_serial_read                           0x08005bd5   Thumb Code    68  serial.o(.text)
    rt_serial_write                          0x08005c19   Thumb Code    68  serial.o(.text)
    rt_serial_control                        0x08005c5d   Thumb Code   276  serial.o(.text)
    _serial_poll_rx                          0x08005ea3   Thumb Code    68  serial.o(.text)
    _serial_poll_tx                          0x08005ee7   Thumb Code    74  serial.o(.text)
    _serial_int_tx                           0x08005f31   Thumb Code    88  serial.o(.text)
    .text                                    0x08005fd8   Section        0  completion.o(.text)
    rt_list_isempty                          0x08006115   Thumb Code    16  completion.o(.text)
    .text                                    0x080061a4   Section        0  drv_gpio.o(.text)
    __NVIC_DisableIRQ                        0x080061a5   Thumb Code    54  drv_gpio.o(.text)
    get_pin                                  0x080061db   Thumb Code    30  drv_gpio.o(.text)
    N32G43X_pin_write                        0x080061f9   Thumb Code    40  drv_gpio.o(.text)
    N32G43X_pin_read                         0x08006221   Thumb Code    42  drv_gpio.o(.text)
    N32G43X_pin_mode                         0x0800624b   Thumb Code   112  drv_gpio.o(.text)
    bit2bitno                                0x080062bb   Thumb Code    30  drv_gpio.o(.text)
    N32G43X_pin_attach_irq                   0x080062d9   Thumb Code   216  drv_gpio.o(.text)
    N32G43X_pin_dettach_irq                  0x080063b1   Thumb Code   134  drv_gpio.o(.text)
    N32G43X_pin_irq_enable                   0x08006437   Thumb Code   538  drv_gpio.o(.text)
    .text                                    0x08006808   Section        0  drv_usart.o(.text)
    uart_isr                                 0x08006809   Thumb Code    82  drv_usart.o(.text)
    n32g43x_configure                        0x0800693d   Thumb Code   330  drv_usart.o(.text)
    n32g43x_control                          0x08006a87   Thumb Code   120  drv_usart.o(.text)
    n32g43x_putc                             0x08006aff   Thumb Code    48  drv_usart.o(.text)
    n32g43x_getc                             0x08006b2f   Thumb Code    46  drv_usart.o(.text)
    .text                                    0x08006c40   Section        0  usbd_cdc.o(.text)
    usbd_cdc_acm_reset                       0x08006c41   Thumb Code    18  usbd_cdc.o(.text)
    cdc_acm_class_request_handler            0x08006c59   Thumb Code   146  usbd_cdc.o(.text)
    cdc_notify_handler                       0x08006ceb   Thumb Code    22  usbd_cdc.o(.text)
    .text                                    0x08006d84   Section        0  usbd_core.o(.text)
    usb_slist_add_tail                       0x08006d85   Thumb Code    16  usbd_core.o(.text)
    usbd_print_setup                         0x08006d95   Thumb Code    42  usbd_core.o(.text)
    is_device_configured                     0x08006dbf   Thumb Code    16  usbd_core.o(.text)
    is_interface_valid                       0x08006dcf   Thumb Code    40  usbd_core.o(.text)
    is_ep_valid                              0x08006df7   Thumb Code    16  usbd_core.o(.text)
    usbd_ep_callback_register                0x08006e07   Thumb Code    86  usbd_core.o(.text)
    usbd_set_endpoint                        0x08006e5d   Thumb Code    80  usbd_core.o(.text)
    usbd_reset_endpoint                      0x08006ead   Thumb Code    72  usbd_core.o(.text)
    usbd_get_descriptor                      0x08006ef5   Thumb Code   264  usbd_core.o(.text)
    usbd_set_configuration                   0x08006ffd   Thumb Code   126  usbd_core.o(.text)
    usbd_ep_out_handler                      0x0800707b   Thumb Code    36  usbd_core.o(.text)
    usbd_ep_in_handler                       0x0800709f   Thumb Code    32  usbd_core.o(.text)
    usbd_send_to_host                        0x080070bf   Thumb Code   168  usbd_core.o(.text)
    usbd_vendor_request_handler              0x08007167   Thumb Code   682  usbd_core.o(.text)
    usbd_class_request_handler               0x08007411   Thumb Code    84  usbd_core.o(.text)
    usbd_std_endpoint_req_handler            0x08007465   Thumb Code   252  usbd_core.o(.text)
    usbd_std_interface_req_handler           0x08007561   Thumb Code   128  usbd_core.o(.text)
    usbd_std_device_req_handler              0x080075e1   Thumb Code   224  usbd_core.o(.text)
    usbd_standard_request_handler            0x080076c1   Thumb Code   344  usbd_core.o(.text)
    usbd_custom_request_handler              0x08007819   Thumb Code    84  usbd_core.o(.text)
    usbd_setup_request_handler               0x0800786d   Thumb Code   208  usbd_core.o(.text)
    usbd_ep0_out_handler                     0x0800793d   Thumb Code   248  usbd_core.o(.text)
    usbd_ep0_in_handler                      0x08007a35   Thumb Code    26  usbd_core.o(.text)
    usbd_ep0_setup_handler                   0x08007a4f   Thumb Code   214  usbd_core.o(.text)
    usbd_class_event_notify_handler          0x08007b25   Thumb Code    52  usbd_core.o(.text)
    usbd_set_interface                       0x08007d11   Thumb Code   118  usbd_core.o(.text)
    .text                                    0x08007e1c   Section        0  usb_dc_fsdev.o(.text)
    USB_WritePMA                             0x08008407   Thumb Code    66  usb_dc_fsdev.o(.text)
    USB_ReadPMA                              0x08008537   Thumb Code    74  usb_dc_fsdev.o(.text)
    .text                                    0x08008930   Section        0  memseta.o(.text)
    .text                                    0x08008954   Section       36  init.o(.text)
    .text                                    0x08008978   Section        0  __dczerorl2.o(.text)
    i.__scatterload_copy                     0x080089ce   Section       14  handlers.o(i.__scatterload_copy)
    i.__scatterload_null                     0x080089dc   Section        2  handlers.o(i.__scatterload_null)
    i.__scatterload_zeroinit                 0x080089de   Section       14  handlers.o(i.__scatterload_zeroinit)
    .constdata                               0x080089ec   Section       44  system_n32g43x.o(.constdata)
    .constdata                               0x08008a18   Section       92  n32g43x_rcc.o(.constdata)
    s_ApbAhbPresTable                        0x08008a18   Data          16  n32g43x_rcc.o(.constdata)
    s_AdcHclkPresTable                       0x08008a28   Data          16  n32g43x_rcc.o(.constdata)
    s_AdcPllClkPresTable                     0x08008a38   Data          32  n32g43x_rcc.o(.constdata)
    s_msiClockTable                          0x08008a58   Data          28  n32g43x_rcc.o(.constdata)
    .constdata                               0x08008a74   Section      201  device.o(.constdata)
    __FUNCTION__                             0x08008a74   Data          21  device.o(.constdata)
    __FUNCTION__                             0x08008a89   Data          15  device.o(.constdata)
    __FUNCTION__                             0x08008a98   Data          18  device.o(.constdata)
    __FUNCTION__                             0x08008aaa   Data          15  device.o(.constdata)
    __FUNCTION__                             0x08008ab9   Data          15  device.o(.constdata)
    __FUNCTION__                             0x08008ac8   Data          16  device.o(.constdata)
    __FUNCTION__                             0x08008ad8   Data          15  device.o(.constdata)
    __FUNCTION__                             0x08008ae7   Data          16  device.o(.constdata)
    __FUNCTION__                             0x08008af7   Data          18  device.o(.constdata)
    __FUNCTION__                             0x08008b09   Data          26  device.o(.constdata)
    __FUNCTION__                             0x08008b23   Data          26  device.o(.constdata)
    .constdata                               0x08008b3d   Section       22  idle.o(.constdata)
    __FUNCTION__                             0x08008b3d   Data          22  idle.o(.constdata)
    .constdata                               0x08008b53   Section      206  ipc.o(.constdata)
    __FUNCTION__                             0x08008b53   Data          12  ipc.o(.constdata)
    __FUNCTION__                             0x08008b5f   Data          14  ipc.o(.constdata)
    __FUNCTION__                             0x08008b6d   Data          14  ipc.o(.constdata)
    __FUNCTION__                             0x08008b7b   Data          14  ipc.o(.constdata)
    __FUNCTION__                             0x08008b89   Data          12  ipc.o(.constdata)
    __FUNCTION__                             0x08008b95   Data          15  ipc.o(.constdata)
    __FUNCTION__                             0x08008ba4   Data          15  ipc.o(.constdata)
    __FUNCTION__                             0x08008bb3   Data          14  ipc.o(.constdata)
    __FUNCTION__                             0x08008bc1   Data          16  ipc.o(.constdata)
    __FUNCTION__                             0x08008bd1   Data          16  ipc.o(.constdata)
    __FUNCTION__                             0x08008be1   Data          16  ipc.o(.constdata)
    __FUNCTION__                             0x08008bf1   Data          14  ipc.o(.constdata)
    __FUNCTION__                             0x08008bff   Data          17  ipc.o(.constdata)
    __FUNCTION__                             0x08008c10   Data          17  ipc.o(.constdata)
    .constdata                               0x08008c21   Section      290  kservice.o(.constdata)
    small_digits                             0x08008d21   Data          17  kservice.o(.constdata)
    large_digits                             0x08008d32   Data          17  kservice.o(.constdata)
    .constdata                               0x08008d43   Section       60  mem.o(.constdata)
    __FUNCTION__                             0x08008d43   Data          11  mem.o(.constdata)
    __FUNCTION__                             0x08008d4e   Data          20  mem.o(.constdata)
    __FUNCTION__                             0x08008d62   Data          10  mem.o(.constdata)
    __FUNCTION__                             0x08008d6c   Data          11  mem.o(.constdata)
    __FUNCTION__                             0x08008d77   Data           8  mem.o(.constdata)
    .constdata                               0x08008d7f   Section      128  object.o(.constdata)
    __FUNCTION__                             0x08008d7f   Data          15  object.o(.constdata)
    __FUNCTION__                             0x08008d8e   Data          17  object.o(.constdata)
    __FUNCTION__                             0x08008d9f   Data          19  object.o(.constdata)
    __FUNCTION__                             0x08008db2   Data          17  object.o(.constdata)
    __FUNCTION__                             0x08008dc3   Data          26  object.o(.constdata)
    __FUNCTION__                             0x08008ddd   Data          19  object.o(.constdata)
    __FUNCTION__                             0x08008df0   Data          15  object.o(.constdata)
    .constdata                               0x08008dff   Section       78  scheduler.o(.constdata)
    __FUNCTION__                             0x08008dff   Data          26  scheduler.o(.constdata)
    __FUNCTION__                             0x08008e19   Data          26  scheduler.o(.constdata)
    __FUNCTION__                             0x08008e33   Data          26  scheduler.o(.constdata)
    .constdata                               0x08008e4d   Section      207  thread.o(.constdata)
    __FUNCTION__                             0x08008e4d   Data          16  thread.o(.constdata)
    __FUNCTION__                             0x08008e5d   Data          15  thread.o(.constdata)
    __FUNCTION__                             0x08008e6c   Data          18  thread.o(.constdata)
    __FUNCTION__                             0x08008e7e   Data          17  thread.o(.constdata)
    __FUNCTION__                             0x08008e8f   Data          17  thread.o(.constdata)
    __FUNCTION__                             0x08008ea0   Data          16  thread.o(.constdata)
    __FUNCTION__                             0x08008eb0   Data          22  thread.o(.constdata)
    __FUNCTION__                             0x08008ec6   Data          18  thread.o(.constdata)
    __FUNCTION__                             0x08008ed8   Data          18  thread.o(.constdata)
    __FUNCTION__                             0x08008eea   Data          17  thread.o(.constdata)
    __FUNCTION__                             0x08008efb   Data          18  thread.o(.constdata)
    __FUNCTION__                             0x08008f0d   Data          15  thread.o(.constdata)
    .constdata                               0x08008f1c   Section       92  timer.o(.constdata)
    __FUNCTION__                             0x08008f1c   Data          14  timer.o(.constdata)
    __FUNCTION__                             0x08008f2a   Data          16  timer.o(.constdata)
    __FUNCTION__                             0x08008f3a   Data          16  timer.o(.constdata)
    __FUNCTION__                             0x08008f4a   Data          15  timer.o(.constdata)
    __FUNCTION__                             0x08008f59   Data          14  timer.o(.constdata)
    __FUNCTION__                             0x08008f67   Data          17  timer.o(.constdata)
    .constdata                               0x08008f78   Section       68  components.o(.constdata)
    __FUNCTION__                             0x08008fa8   Data          20  components.o(.constdata)
    .constdata                               0x08008fbc   Section       19  cpuport.o(.constdata)
    __FUNCTION__                             0x08008fbc   Data          19  cpuport.o(.constdata)
    .constdata                               0x08008fcf   Section      156  cdc_acm.o(.constdata)
    cdc_descriptor                           0x08008fcf   Data         156  cdc_acm.o(.constdata)
    .constdata                               0x0800906b   Section      125  pin.o(.constdata)
    __FUNCTION__                             0x0800906b   Data          10  pin.o(.constdata)
    __FUNCTION__                             0x08009075   Data          11  pin.o(.constdata)
    __FUNCTION__                             0x08009080   Data          13  pin.o(.constdata)
    __FUNCTION__                             0x0800908d   Data          18  pin.o(.constdata)
    __FUNCTION__                             0x0800909f   Data          18  pin.o(.constdata)
    __FUNCTION__                             0x080090b1   Data          18  pin.o(.constdata)
    __FUNCTION__                             0x080090c3   Data          12  pin.o(.constdata)
    __FUNCTION__                             0x080090cf   Data          13  pin.o(.constdata)
    __FUNCTION__                             0x080090dc   Data          12  pin.o(.constdata)
    .constdata                               0x080090e8   Section      196  serial.o(.constdata)
    __FUNCTION__                             0x080090e8   Data          16  serial.o(.constdata)
    __FUNCTION__                             0x080090f8   Data          16  serial.o(.constdata)
    __FUNCTION__                             0x08009108   Data          15  serial.o(.constdata)
    __FUNCTION__                             0x08009117   Data          15  serial.o(.constdata)
    __FUNCTION__                             0x08009126   Data          15  serial.o(.constdata)
    __FUNCTION__                             0x08009135   Data          15  serial.o(.constdata)
    __FUNCTION__                             0x08009144   Data          16  serial.o(.constdata)
    __FUNCTION__                             0x08009154   Data          15  serial.o(.constdata)
    __FUNCTION__                             0x08009163   Data          16  serial.o(.constdata)
    __FUNCTION__                             0x08009173   Data          18  serial.o(.constdata)
    __FUNCTION__                             0x08009185   Data          22  serial.o(.constdata)
    __FUNCTION__                             0x0800919b   Data          17  serial.o(.constdata)
    .constdata                               0x080091ac   Section       57  completion.o(.constdata)
    __FUNCTION__                             0x080091ac   Data          19  completion.o(.constdata)
    __FUNCTION__                             0x080091bf   Data          19  completion.o(.constdata)
    __FUNCTION__                             0x080091d2   Data          19  completion.o(.constdata)
    .constdata                               0x080091e8   Section      871  drv_gpio.o(.constdata)
    pins                                     0x080091e8   Data         768  drv_gpio.o(.constdata)
    pin_irq_map                              0x080094e8   Data          64  drv_gpio.o(.constdata)
    _N32G43X_pin_ops                         0x08009528   Data          24  drv_gpio.o(.constdata)
    .constdata                               0x08009550   Section      172  drv_usart.o(.constdata)
    uarts                                    0x08009550   Data          52  drv_usart.o(.constdata)
    n32g43x_uart_ops                         0x08009584   Data          20  drv_usart.o(.constdata)
    __FUNCTION__                             0x080095a9   Data          18  drv_usart.o(.constdata)
    __FUNCTION__                             0x080095bb   Data          16  drv_usart.o(.constdata)
    __FUNCTION__                             0x080095cb   Data          13  drv_usart.o(.constdata)
    __FUNCTION__                             0x080095d8   Data          13  drv_usart.o(.constdata)
    __FUNCTION__                             0x080095e5   Data           9  drv_usart.o(.constdata)
    .conststring                             0x080095fc   Section      139  ipc.o(.conststring)
    .conststring                             0x08009688   Section      235  mem.o(.conststring)
    .conststring                             0x08009774   Section       66  thread.o(.conststring)
    .conststring                             0x080097b8   Section       99  serial.o(.conststring)
    .conststring                             0x0800981c   Section        7  drv_usart.o(.conststring)
    .conststring                             0x08009824   Section       30  usbd_cdc.o(.conststring)
    .conststring                             0x08009844   Section       93  usbd_core.o(.conststring)
    .rti_fn.0                                0x080098a4   Section        8  components.o(.rti_fn.0)
    __tagsym$$used                           0x080098a4   Number         0  components.o(.rti_fn.0)
    .rti_fn.0.end                            0x080098ac   Section        8  components.o(.rti_fn.0.end)
    __tagsym$$used                           0x080098ac   Number         0  components.o(.rti_fn.0.end)
    .rti_fn.1                                0x080098b4   Section        8  drv_gpio.o(.rti_fn.1)
    __tagsym$$used                           0x080098b4   Number         0  drv_gpio.o(.rti_fn.1)
    .rti_fn.1                                0x080098bc   Section        8  drv_usart.o(.rti_fn.1)
    __tagsym$$used                           0x080098bc   Number         0  drv_usart.o(.rti_fn.1)
    .rti_fn.1.end                            0x080098c4   Section        8  components.o(.rti_fn.1.end)
    __tagsym$$used                           0x080098c4   Number         0  components.o(.rti_fn.1.end)
    .rti_fn.6.end                            0x080098cc   Section        8  components.o(.rti_fn.6.end)
    __tagsym$$used                           0x080098cc   Number         0  components.o(.rti_fn.6.end)
    .data                                    0x20000000   Section        4  system_n32g43x.o(.data)
    .data                                    0x20000004   Section        4  clock.o(.data)
    rt_tick                                  0x20000004   Data           4  clock.o(.data)
    .data                                    0x20000008   Section        1  irq.o(.data)
    .data                                    0x2000000c   Section       12  kservice.o(.data)
    __rt_errno                               0x2000000c   Data           4  kservice.o(.data)
    _console_device                          0x20000010   Data           4  kservice.o(.data)
    .data                                    0x20000018   Section       24  mem.o(.data)
    heap_ptr                                 0x20000018   Data           4  mem.o(.data)
    heap_end                                 0x2000001c   Data           4  mem.o(.data)
    lfree                                    0x20000020   Data           4  mem.o(.data)
    mem_size_aligned                         0x20000024   Data           4  mem.o(.data)
    used_mem                                 0x20000028   Data           4  mem.o(.data)
    max_mem                                  0x2000002c   Data           4  mem.o(.data)
    .data                                    0x20000030   Section       80  object.o(.data)
    rt_object_container                      0x20000030   Data          80  object.o(.data)
    .data                                    0x20000080   Section       24  scheduler.o(.data)
    rt_scheduler_lock_nest                   0x20000080   Data           2  scheduler.o(.data)
    .data                                    0x20000098   Section       12  timer.o(.data)
    rt_timer_list                            0x20000098   Data           8  timer.o(.data)
    random_nr                                0x200000a0   Data           4  timer.o(.data)
    .data                                    0x200000a4   Section       16  cpuport.o(.data)
    rt_exception_hook                        0x200000b0   Data           4  cpuport.o(.data)
    .data                                    0x200000b4   Section       25  cdc_acm.o(.data)
    .data                                    0x200000d0   Section        4  serial.o(.data)
    already_output                           0x200000d0   Data           4  serial.o(.data)
    .data                                    0x200000d4   Section      196  drv_gpio.o(.data)
    pin_irq_hdr_tab                          0x200000d4   Data         192  drv_gpio.o(.data)
    pin_irq_enable_mask                      0x20000194   Data           4  drv_gpio.o(.data)
    .data                                    0x20000198   Section       36  usbd_cdc.o(.data)
    last_class                               0x200001b8   Data           4  usbd_cdc.o(.data)
    .data                                    0x200001bc   Section       17  usbd_core.o(.data)
    usbd_class_head                          0x200001bc   Data           4  usbd_core.o(.data)
    msosv1_desc                              0x200001c0   Data           4  usbd_core.o(.data)
    msosv2_desc                              0x200001c4   Data           4  usbd_core.o(.data)
    bos_desc                                 0x200001c8   Data           4  usbd_core.o(.data)
    intf_offset                              0x200001cc   Data           1  usbd_core.o(.data)
    .bss                                     0x200001d0   Section      376  idle.o(.bss)
    idle                                     0x200001d0   Data         120  idle.o(.bss)
    rt_thread_stack                          0x20000248   Data         256  idle.o(.bss)
    .bss                                     0x20000348   Section      128  kservice.o(.bss)
    rt_log_buf                               0x20000348   Data         128  kservice.o(.bss)
    .bss                                     0x200003c8   Section       32  mem.o(.bss)
    heap_sem                                 0x200003c8   Data          32  mem.o(.bss)
    .bss                                     0x200003e8   Section      256  scheduler.o(.bss)
    .bss                                     0x200004e8   Section       68  cdc_acm.o(.bss)
    .bss                                     0x2000052c   Section       68  pin.o(.bss)
    _hw_pin                                  0x2000052c   Data          68  pin.o(.bss)
    .bss                                     0x20000570   Section       88  drv_usart.o(.bss)
    .bss                                     0x200005c8   Section       10  usbd_cdc.o(.bss)
    .bss                                     0x200005d4   Section      356  usbd_core.o(.bss)
    .bss                                     0x20000738   Section      136  usb_dc_fsdev.o(.bss)
    STACK                                    0x200007c0   Section     5376  startup_n32g43x.o(STACK)

    Global Symbols

    Symbol Name                              Value     Ov Type        Size  Object(Section)

    BuildAttributes$$THM_ISAv4$E$P$D$K$B$S$7EM$VFPi3$EXTD16$VFPS$VFMA$PE$A:L22UL41UL21$X:L11$S22US41US21$IEEE1$IW$USESV6$~STKCKD$USESV7$~SHL$OSPACE$EBA8$MICROLIB$REQ8$PRES8$EABIv2 0x00000000   Number         0  anon$$obj.o ABSOLUTE
    __ARM_use_no_argv                        0x00000000   Number         0  main.o ABSOLUTE
    __cpp_initialize__aeabi_                  - Undefined Weak Reference
    __cxa_finalize                            - Undefined Weak Reference
    _clock_init                               - Undefined Weak Reference
    _microlib_exit                            - Undefined Weak Reference
    __Vectors_Size                           0x00000148   Number         0  startup_n32g43x.o ABSOLUTE
    __Vectors                                0x08000000   Data           4  startup_n32g43x.o(RESET)
    __Vectors_End                            0x08000148   Data           0  startup_n32g43x.o(RESET)
    __main                                   0x08000149   Thumb Code     0  entry.o(.ARM.Collect$$$$00000000)
    _main_stk                                0x08000149   Thumb Code     0  entry2.o(.ARM.Collect$$$$00000001)
    _main_scatterload                        0x0800014d   Thumb Code     0  entry5.o(.ARM.Collect$$$$00000004)
    __main_after_scatterload                 0x08000151   Thumb Code     0  entry5.o(.ARM.Collect$$$$00000004)
    _main_clock                              0x08000151   Thumb Code     0  entry7b.o(.ARM.Collect$$$$00000008)
    _main_cpp_init                           0x08000151   Thumb Code     0  entry8b.o(.ARM.Collect$$$$0000000A)
    _main_init                               0x08000151   Thumb Code     0  entry9a.o(.ARM.Collect$$$$0000000B)
    __rt_final_cpp                           0x08000159   Thumb Code     0  entry10a.o(.ARM.Collect$$$$0000000D)
    __rt_final_exit                          0x08000159   Thumb Code     0  entry11a.o(.ARM.Collect$$$$0000000F)
    Reset_Handler                            0x0800015d   Thumb Code     8  startup_n32g43x.o(.text)
    ADC_IRQHandler                           0x08000177   Thumb Code     0  startup_n32g43x.o(.text)
    CAN_RX0_IRQHandler                       0x08000177   Thumb Code     0  startup_n32g43x.o(.text)
    CAN_RX1_IRQHandler                       0x08000177   Thumb Code     0  startup_n32g43x.o(.text)
    CAN_SCE_IRQHandler                       0x08000177   Thumb Code     0  startup_n32g43x.o(.text)
    CAN_TX_IRQHandler                        0x08000177   Thumb Code     0  startup_n32g43x.o(.text)
    COMP_1_2_IRQHandler                      0x08000177   Thumb Code     0  startup_n32g43x.o(.text)
    DMA_Channel1_IRQHandler                  0x08000177   Thumb Code     0  startup_n32g43x.o(.text)
    DMA_Channel2_IRQHandler                  0x08000177   Thumb Code     0  startup_n32g43x.o(.text)
    DMA_Channel3_IRQHandler                  0x08000177   Thumb Code     0  startup_n32g43x.o(.text)
    DMA_Channel4_IRQHandler                  0x08000177   Thumb Code     0  startup_n32g43x.o(.text)
    DMA_Channel5_IRQHandler                  0x08000177   Thumb Code     0  startup_n32g43x.o(.text)
    DMA_Channel6_IRQHandler                  0x08000177   Thumb Code     0  startup_n32g43x.o(.text)
    DMA_Channel7_IRQHandler                  0x08000177   Thumb Code     0  startup_n32g43x.o(.text)
    DMA_Channel8_IRQHandler                  0x08000177   Thumb Code     0  startup_n32g43x.o(.text)
    FLASH_IRQHandler                         0x08000177   Thumb Code     0  startup_n32g43x.o(.text)
    I2C1_ER_IRQHandler                       0x08000177   Thumb Code     0  startup_n32g43x.o(.text)
    I2C1_EV_IRQHandler                       0x08000177   Thumb Code     0  startup_n32g43x.o(.text)
    I2C2_ER_IRQHandler                       0x08000177   Thumb Code     0  startup_n32g43x.o(.text)
    I2C2_EV_IRQHandler                       0x08000177   Thumb Code     0  startup_n32g43x.o(.text)
    LPTIM_WKUP_IRQHandler                    0x08000177   Thumb Code     0  startup_n32g43x.o(.text)
    LPUART_IRQHandler                        0x08000177   Thumb Code     0  startup_n32g43x.o(.text)
    LPUART_WKUP_IRQHandler                   0x08000177   Thumb Code     0  startup_n32g43x.o(.text)
    MMU_IRQHandler                           0x08000177   Thumb Code     0  startup_n32g43x.o(.text)
    PVD_IRQHandler                           0x08000177   Thumb Code     0  startup_n32g43x.o(.text)
    RAMC_PERR_IRQHandler                     0x08000177   Thumb Code     0  startup_n32g43x.o(.text)
    RCC_IRQHandler                           0x08000177   Thumb Code     0  startup_n32g43x.o(.text)
    RTCAlarm_IRQHandler                      0x08000177   Thumb Code     0  startup_n32g43x.o(.text)
    RTC_WKUP_IRQHandler                      0x08000177   Thumb Code     0  startup_n32g43x.o(.text)
    SAC_IRQHandler                           0x08000177   Thumb Code     0  startup_n32g43x.o(.text)
    SPI1_IRQHandler                          0x08000177   Thumb Code     0  startup_n32g43x.o(.text)
    SPI2_IRQHandler                          0x08000177   Thumb Code     0  startup_n32g43x.o(.text)
    TAMPER_IRQHandler                        0x08000177   Thumb Code     0  startup_n32g43x.o(.text)
    TIM1_BRK_IRQHandler                      0x08000177   Thumb Code     0  startup_n32g43x.o(.text)
    TIM1_CC_IRQHandler                       0x08000177   Thumb Code     0  startup_n32g43x.o(.text)
    TIM1_TRG_COM_IRQHandler                  0x08000177   Thumb Code     0  startup_n32g43x.o(.text)
    TIM1_UP_IRQHandler                       0x08000177   Thumb Code     0  startup_n32g43x.o(.text)
    TIM2_IRQHandler                          0x08000177   Thumb Code     0  startup_n32g43x.o(.text)
    TIM3_IRQHandler                          0x08000177   Thumb Code     0  startup_n32g43x.o(.text)
    TIM4_IRQHandler                          0x08000177   Thumb Code     0  startup_n32g43x.o(.text)
    TIM5_IRQHandler                          0x08000177   Thumb Code     0  startup_n32g43x.o(.text)
    TIM6_IRQHandler                          0x08000177   Thumb Code     0  startup_n32g43x.o(.text)
    TIM7_IRQHandler                          0x08000177   Thumb Code     0  startup_n32g43x.o(.text)
    TIM8_BRK_IRQHandler                      0x08000177   Thumb Code     0  startup_n32g43x.o(.text)
    TIM8_CC_IRQHandler                       0x08000177   Thumb Code     0  startup_n32g43x.o(.text)
    TIM8_TRG_COM_IRQHandler                  0x08000177   Thumb Code     0  startup_n32g43x.o(.text)
    TIM8_UP_IRQHandler                       0x08000177   Thumb Code     0  startup_n32g43x.o(.text)
    TIM9_IRQHandler                          0x08000177   Thumb Code     0  startup_n32g43x.o(.text)
    TSC_IRQHandler                           0x08000177   Thumb Code     0  startup_n32g43x.o(.text)
    UART4_IRQHandler                         0x08000177   Thumb Code     0  startup_n32g43x.o(.text)
    UART5_IRQHandler                         0x08000177   Thumb Code     0  startup_n32g43x.o(.text)
    UCDR_IRQHandler                          0x08000177   Thumb Code     0  startup_n32g43x.o(.text)
    USART2_IRQHandler                        0x08000177   Thumb Code     0  startup_n32g43x.o(.text)
    USART3_IRQHandler                        0x08000177   Thumb Code     0  startup_n32g43x.o(.text)
    USB_HP_IRQHandler                        0x08000177   Thumb Code     0  startup_n32g43x.o(.text)
    WWDG_IRQHandler                          0x08000177   Thumb Code     0  startup_n32g43x.o(.text)
    SystemInit                               0x08000283   Thumb Code   170  system_n32g43x.o(.text)
    SystemCoreClockUpdate                    0x0800032d   Thumb Code   236  system_n32g43x.o(.text)
    NVIC_PriorityGroupConfig                 0x0800045d   Thumb Code    10  misc.o(.text)
    NVIC_Init                                0x08000467   Thumb Code   100  misc.o(.text)
    NVIC_SetVectorTable                      0x080004cb   Thumb Code    14  misc.o(.text)
    NVIC_SystemLPConfig                      0x080004d9   Thumb Code    34  misc.o(.text)
    SysTick_CLKSourceConfig                  0x080004fb   Thumb Code    40  misc.o(.text)
    GPIO_DeInit                              0x08000539   Thumb Code   342  n32g43x_gpio.o(.text)
    GPIO_AFIOInitDefault                     0x0800068f   Thumb Code    20  n32g43x_gpio.o(.text)
    GPIO_InitPeripheral                      0x080006a3   Thumb Code   484  n32g43x_gpio.o(.text)
    GPIO_InitStruct                          0x08000887   Thumb Code    24  n32g43x_gpio.o(.text)
    GPIO_ReadInputDataBit                    0x0800089f   Thumb Code    18  n32g43x_gpio.o(.text)
    GPIO_ReadInputData                       0x080008b1   Thumb Code     8  n32g43x_gpio.o(.text)
    GPIO_ReadOutputDataBit                   0x080008b9   Thumb Code    18  n32g43x_gpio.o(.text)
    GPIO_ReadOutputData                      0x080008cb   Thumb Code     8  n32g43x_gpio.o(.text)
    GPIO_SetBits                             0x080008d3   Thumb Code     4  n32g43x_gpio.o(.text)
    GPIO_SetBitsHigh16                       0x080008d7   Thumb Code     4  n32g43x_gpio.o(.text)
    GPIO_ResetBits                           0x080008db   Thumb Code     4  n32g43x_gpio.o(.text)
    GPIO_WriteBit                            0x080008df   Thumb Code    10  n32g43x_gpio.o(.text)
    GPIO_Write                               0x080008e9   Thumb Code     4  n32g43x_gpio.o(.text)
    GPIO_ConfigPinLock                       0x080008ed   Thumb Code    18  n32g43x_gpio.o(.text)
    GPIO_ConfigPinRemap                      0x080008ff   Thumb Code   120  n32g43x_gpio.o(.text)
    GPIO_ConfigEventOutput                   0x08000977   Thumb Code    84  n32g43x_gpio.o(.text)
    GPIO_CtrlEventOutput                     0x080009cb   Thumb Code     6  n32g43x_gpio.o(.text)
    GPIO_ConfigEXTILine                      0x080009d1   Thumb Code    58  n32g43x_gpio.o(.text)
    AFIO_ConfigSPINSSMode                    0x08000a0b   Thumb Code    30  n32g43x_gpio.o(.text)
    AFIO_ConfigADCExternalTrigRemap          0x08000a29   Thumb Code    82  n32g43x_gpio.o(.text)
    RCC_DeInit                               0x08000a95   Thumb Code    80  n32g43x_rcc.o(.text)
    RCC_ConfigHse                            0x08000ae5   Thumb Code    70  n32g43x_rcc.o(.text)
    RCC_GetFlagStatus                        0x08000b2b   Thumb Code    56  n32g43x_rcc.o(.text)
    RCC_WaitHseStable                        0x08000b63   Thumb Code    56  n32g43x_rcc.o(.text)
    RCC_ConfigHsi                            0x08000b9b   Thumb Code    34  n32g43x_rcc.o(.text)
    RCC_WaitHsiStable                        0x08000bbd   Thumb Code    56  n32g43x_rcc.o(.text)
    RCC_SetHsiCalibValue                     0x08000bf5   Thumb Code    20  n32g43x_rcc.o(.text)
    RCC_EnableHsi                            0x08000c09   Thumb Code     6  n32g43x_rcc.o(.text)
    RCC_ConfigMsi                            0x08000c0f   Thumb Code    58  n32g43x_rcc.o(.text)
    RCC_WaitMsiStable                        0x08000c49   Thumb Code    56  n32g43x_rcc.o(.text)
    RCC_SetMsiCalibValue                     0x08000c81   Thumb Code    20  n32g43x_rcc.o(.text)
    RCC_EnableMsi                            0x08000c95   Thumb Code     6  n32g43x_rcc.o(.text)
    RCC_ConfigPll                            0x08000c9b   Thumb Code    56  n32g43x_rcc.o(.text)
    RCC_EnablePll                            0x08000cd3   Thumb Code     6  n32g43x_rcc.o(.text)
    RCC_ConfigSysclk                         0x08000cd9   Thumb Code    18  n32g43x_rcc.o(.text)
    RCC_GetSysclkSrc                         0x08000ceb   Thumb Code    10  n32g43x_rcc.o(.text)
    RCC_ConfigHclk                           0x08000cf5   Thumb Code    18  n32g43x_rcc.o(.text)
    RCC_ConfigPclk1                          0x08000d07   Thumb Code    18  n32g43x_rcc.o(.text)
    RCC_ConfigPclk2                          0x08000d19   Thumb Code    20  n32g43x_rcc.o(.text)
    RCC_ConfigInt                            0x08000d2d   Thumb Code    30  n32g43x_rcc.o(.text)
    RCC_ConfigUsbClk                         0x08000d4b   Thumb Code    16  n32g43x_rcc.o(.text)
    RCC_ConfigTim18Clk                       0x08000d5b   Thumb Code    18  n32g43x_rcc.o(.text)
    RCC_ConfigRngcClk                        0x08000d6d   Thumb Code    18  n32g43x_rcc.o(.text)
    RCC_ConfigAdc1mClk                       0x08000d7f   Thumb Code    24  n32g43x_rcc.o(.text)
    RCC_ConfigAdcPllClk                      0x08000d97   Thumb Code    30  n32g43x_rcc.o(.text)
    RCC_ConfigAdcHclk                        0x08000db5   Thumb Code    18  n32g43x_rcc.o(.text)
    RCC_ConfigTrng1mClk                      0x08000dc7   Thumb Code    24  n32g43x_rcc.o(.text)
    RCC_EnableTrng1mClk                      0x08000ddf   Thumb Code    30  n32g43x_rcc.o(.text)
    RCC_ConfigUCDRClk                        0x08000dfd   Thumb Code    46  n32g43x_rcc.o(.text)
    RCC_ConfigUSBXTALESSMode                 0x08000e2b   Thumb Code    22  n32g43x_rcc.o(.text)
    RCC_EnableRETPeriphClk                   0x08000e41   Thumb Code    26  n32g43x_rcc.o(.text)
    RCC_EnableRETPeriphReset                 0x08000e5b   Thumb Code    62  n32g43x_rcc.o(.text)
    RCC_EnableAPB1PeriphClk                  0x08000e99   Thumb Code    26  n32g43x_rcc.o(.text)
    RCC_ConfigLPTIMClk                       0x08000eb3   Thumb Code    46  n32g43x_rcc.o(.text)
    RCC_GetLPTIMClkSrc                       0x08000ee1   Thumb Code    10  n32g43x_rcc.o(.text)
    RCC_ConfigLPUARTClk                      0x08000eeb   Thumb Code    22  n32g43x_rcc.o(.text)
    RCC_GetLPUARTClkSrc                      0x08000f01   Thumb Code    10  n32g43x_rcc.o(.text)
    RCC_ConfigSRAMParityErrorInt             0x08000f0b   Thumb Code    26  n32g43x_rcc.o(.text)
    RCC_ConfigSRAMParityErrorRESET           0x08000f25   Thumb Code    26  n32g43x_rcc.o(.text)
    RCC_ClrSRAMParityErrorFlag               0x08000f3f   Thumb Code    12  n32g43x_rcc.o(.text)
    LSE_XtalConfig                           0x08000f4b   Thumb Code    34  n32g43x_rcc.o(.text)
    RCC_ConfigLse                            0x08000f6d   Thumb Code   102  n32g43x_rcc.o(.text)
    RCC_EnableLsi                            0x08000fd3   Thumb Code     6  n32g43x_rcc.o(.text)
    RCC_ConfigRtcClk                         0x08000fd9   Thumb Code    22  n32g43x_rcc.o(.text)
    RCC_GetRTCClkSrc                         0x08000fef   Thumb Code    10  n32g43x_rcc.o(.text)
    RCC_EnableRtcClk                         0x08000ff9   Thumb Code     8  n32g43x_rcc.o(.text)
    RCC_ConfigLSXClk                         0x08001001   Thumb Code    22  n32g43x_rcc.o(.text)
    RCC_GetLSXClkSrc                         0x08001017   Thumb Code    10  n32g43x_rcc.o(.text)
    RCC_GetClocksFreqValue                   0x08001021   Thumb Code   302  n32g43x_rcc.o(.text)
    RCC_EnableAHBPeriphClk                   0x0800114f   Thumb Code    26  n32g43x_rcc.o(.text)
    RCC_EnableAPB2PeriphClk                  0x08001169   Thumb Code    26  n32g43x_rcc.o(.text)
    RCC_EnableAHBPeriphReset                 0x08001183   Thumb Code    26  n32g43x_rcc.o(.text)
    RCC_EnableAPB2PeriphReset                0x0800119d   Thumb Code    26  n32g43x_rcc.o(.text)
    RCC_EnableAPB1PeriphReset                0x080011b7   Thumb Code    26  n32g43x_rcc.o(.text)
    RCC_EnableLowPowerReset                  0x080011d1   Thumb Code     8  n32g43x_rcc.o(.text)
    RCC_EnableClockSecuritySystem            0x080011d9   Thumb Code     6  n32g43x_rcc.o(.text)
    RCC_EnableLSEClockSecuritySystem         0x080011df   Thumb Code     8  n32g43x_rcc.o(.text)
    RCC_GetLSEClockSecuritySystemStatus      0x080011e7   Thumb Code    20  n32g43x_rcc.o(.text)
    RCC_ConfigMcoClkPre                      0x080011fb   Thumb Code    18  n32g43x_rcc.o(.text)
    RCC_ConfigMco                            0x0800120d   Thumb Code    20  n32g43x_rcc.o(.text)
    RCC_ClrFlag                              0x08001221   Thumb Code    24  n32g43x_rcc.o(.text)
    RCC_GetIntStatus                         0x08001239   Thumb Code    20  n32g43x_rcc.o(.text)
    RCC_ClrIntPendingBit                     0x0800124d   Thumb Code    12  n32g43x_rcc.o(.text)
    USART_DeInit                             0x0800128d   Thumb Code   134  n32g43x_usart.o(.text)
    USART_Init                               0x08001313   Thumb Code   188  n32g43x_usart.o(.text)
    USART_StructInit                         0x080013cf   Thumb Code    24  n32g43x_usart.o(.text)
    USART_ClockInit                          0x080013e7   Thumb Code    34  n32g43x_usart.o(.text)
    USART_ClockStructInit                    0x08001409   Thumb Code    12  n32g43x_usart.o(.text)
    USART_Enable                             0x08001415   Thumb Code    24  n32g43x_usart.o(.text)
    USART_ConfigInt                          0x0800142d   Thumb Code    74  n32g43x_usart.o(.text)
    USART_EnableDMA                          0x08001477   Thumb Code    18  n32g43x_usart.o(.text)
    USART_SetAddr                            0x08001489   Thumb Code    18  n32g43x_usart.o(.text)
    USART_ConfigWakeUpMode                   0x0800149b   Thumb Code    18  n32g43x_usart.o(.text)
    USART_EnableRcvWakeUp                    0x080014ad   Thumb Code    24  n32g43x_usart.o(.text)
    USART_ConfigLINBreakDetectLength         0x080014c5   Thumb Code    18  n32g43x_usart.o(.text)
    USART_EnableLIN                          0x080014d7   Thumb Code    24  n32g43x_usart.o(.text)
    USART_SendData                           0x080014ef   Thumb Code     8  n32g43x_usart.o(.text)
    USART_ReceiveData                        0x080014f7   Thumb Code    10  n32g43x_usart.o(.text)
    USART_SendBreak                          0x08001501   Thumb Code    10  n32g43x_usart.o(.text)
    USART_SetGuardTime                       0x0800150b   Thumb Code    16  n32g43x_usart.o(.text)
    USART_SetPrescaler                       0x0800151b   Thumb Code    16  n32g43x_usart.o(.text)
    USART_EnableSmartCard                    0x0800152b   Thumb Code    24  n32g43x_usart.o(.text)
    USART_SetSmartCardNACK                   0x08001543   Thumb Code    24  n32g43x_usart.o(.text)
    USART_EnableHalfDuplex                   0x0800155b   Thumb Code    24  n32g43x_usart.o(.text)
    USART_ConfigIrDAMode                     0x08001573   Thumb Code    18  n32g43x_usart.o(.text)
    USART_EnableIrDA                         0x08001585   Thumb Code    24  n32g43x_usart.o(.text)
    USART_GetFlagStatus                      0x0800159d   Thumb Code    26  n32g43x_usart.o(.text)
    USART_ClrFlag                            0x080015b7   Thumb Code    18  n32g43x_usart.o(.text)
    USART_GetIntStatus                       0x080015c9   Thumb Code    84  n32g43x_usart.o(.text)
    USART_ClrIntPendingBit                   0x0800161d   Thumb Code    30  n32g43x_usart.o(.text)
    EXTI_DeInit                              0x08001651   Thumb Code    30  n32g43x_exti.o(.text)
    EXTI_InitPeripheral                      0x0800166f   Thumb Code   142  n32g43x_exti.o(.text)
    EXTI_InitStruct                          0x080016fd   Thumb Code    16  n32g43x_exti.o(.text)
    EXTI_TriggerSWInt                        0x0800170d   Thumb Code    16  n32g43x_exti.o(.text)
    EXTI_GetStatusFlag                       0x0800171d   Thumb Code    22  n32g43x_exti.o(.text)
    EXTI_ClrStatusFlag                       0x08001733   Thumb Code     8  n32g43x_exti.o(.text)
    EXTI_GetITStatus                         0x0800173b   Thumb Code    34  n32g43x_exti.o(.text)
    EXTI_ClrITPendBit                        0x0800175d   Thumb Code     8  n32g43x_exti.o(.text)
    EXTI_RTCTimeStampSel                     0x08001765   Thumb Code    24  n32g43x_exti.o(.text)
    rt_system_tick_init                      0x08001781   Thumb Code     2  clock.o(.text)
    rt_tick_get                              0x08001783   Thumb Code     6  clock.o(.text)
    rt_tick_set                              0x08001789   Thumb Code    22  clock.o(.text)
    rt_tick_increase                         0x0800179f   Thumb Code    42  clock.o(.text)
    rt_tick_from_millisecond                 0x080017c9   Thumb Code    58  clock.o(.text)
    rt_device_find                           0x08001809   Thumb Code    94  device.o(.text)
    rt_device_register                       0x08001867   Thumb Code    52  device.o(.text)
    rt_device_unregister                     0x0800189b   Thumb Code    64  device.o(.text)
    rt_device_init_all                       0x080018db   Thumb Code     4  device.o(.text)
    rt_device_create                         0x080018df   Thumb Code    46  device.o(.text)
    rt_device_destroy                        0x0800190d   Thumb Code    68  device.o(.text)
    rt_device_init                           0x08001951   Thumb Code    64  device.o(.text)
    rt_device_open                           0x08001991   Thumb Code   170  device.o(.text)
    rt_device_close                          0x08001a3b   Thumb Code    92  device.o(.text)
    rt_device_read                           0x08001a97   Thumb Code    98  device.o(.text)
    rt_device_write                          0x08001af9   Thumb Code    98  device.o(.text)
    rt_device_control                        0x08001b5b   Thumb Code    66  device.o(.text)
    rt_device_set_rx_indicate                0x08001b9d   Thumb Code    48  device.o(.text)
    rt_device_set_tx_complete                0x08001bcd   Thumb Code   360  device.o(.text)
    rt_thread_idle_excute                    0x08001d35   Thumb Code   174  idle.o(.text)
    rt_thread_idle_init                      0x08001deb   Thumb Code    38  idle.o(.text)
    rt_thread_idle_gethandler                0x08001e11   Thumb Code     4  idle.o(.text)
    rt_sem_init                              0x08001f19   Thumb Code    66  ipc.o(.text)
    rt_sem_detach                            0x08001f5b   Thumb Code    72  ipc.o(.text)
    rt_sem_create                            0x08001fa3   Thumb Code   102  ipc.o(.text)
    rt_sem_delete                            0x08002009   Thumb Code   120  ipc.o(.text)
    rt_sem_take                              0x08002081   Thumb Code   252  ipc.o(.text)
    rt_sem_trytake                           0x0800217d   Thumb Code    14  ipc.o(.text)
    rt_sem_release                           0x0800218b   Thumb Code    98  ipc.o(.text)
    rt_sem_control                           0x080021ed   Thumb Code    90  ipc.o(.text)
    rt_mutex_init                            0x08002247   Thumb Code    58  ipc.o(.text)
    rt_mutex_detach                          0x08002281   Thumb Code    78  ipc.o(.text)
    rt_mutex_create                          0x080022cf   Thumb Code   464  ipc.o(.text)
    rt_mutex_delete                          0x0800249f   Thumb Code   126  ipc.o(.text)
    rt_mutex_take                            0x0800251d   Thumb Code   338  ipc.o(.text)
    rt_mutex_release                         0x0800266f   Thumb Code   292  ipc.o(.text)
    rt_mutex_control                         0x08002793   Thumb Code    52  ipc.o(.text)
    rt_interrupt_enter                       0x08002855   Thumb Code    30  irq.o(.text)
    rt_interrupt_leave                       0x08002873   Thumb Code    30  irq.o(.text)
    rt_interrupt_get_nest                    0x08002891   Thumb Code    22  irq.o(.text)
    rt_get_errno                             0x080028ad   Thumb Code    32  kservice.o(.text)
    rt_set_errno                             0x080028cd   Thumb Code    36  kservice.o(.text)
    _rt_errno                                0x080028f1   Thumb Code    30  kservice.o(.text)
    rt_memset                                0x0800290f   Thumb Code    20  kservice.o(.text)
    rt_memcpy                                0x08002923   Thumb Code    58  kservice.o(.text)
    rt_memmove                               0x0800295d   Thumb Code    66  kservice.o(.text)
    rt_memcmp                                0x0800299f   Thumb Code    38  kservice.o(.text)
    rt_strlen                                0x080029c5   Thumb Code    18  kservice.o(.text)
    rt_strstr                                0x080029d7   Thumb Code    58  kservice.o(.text)
    rt_strcasecmp                            0x08002a11   Thumb Code    48  kservice.o(.text)
    rt_strncpy                               0x08002a41   Thumb Code    52  kservice.o(.text)
    rt_strncmp                               0x08002a75   Thumb Code    40  kservice.o(.text)
    rt_strcmp                                0x08002a9d   Thumb Code    28  kservice.o(.text)
    rt_strnlen                               0x08002ab9   Thumb Code    24  kservice.o(.text)
    rt_strdup                                0x08002ad1   Thumb Code    40  kservice.o(.text)
    strdup                                   0x08002ad1   Thumb Code     0  kservice.o(.text)
    rt_hw_console_output                     0x08002af9   Thumb Code     2  kservice.o(.text)
    rt_vsnprintf                             0x08002cbd   Thumb Code   808  kservice.o(.text)
    rt_kprintf                               0x08002fe5   Thumb Code    96  kservice.o(.text)
    rt_show_version                          0x08003045   Thumb Code    38  kservice.o(.text)
    rt_snprintf                              0x0800306b   Thumb Code    38  kservice.o(.text)
    rt_vsprintf                              0x08003091   Thumb Code    22  kservice.o(.text)
    rt_sprintf                               0x080030a7   Thumb Code    34  kservice.o(.text)
    rt_console_get_device                    0x080030c9   Thumb Code     6  kservice.o(.text)
    rt_console_set_device                    0x080030cf   Thumb Code    48  kservice.o(.text)
    rt_kputs                                 0x080030ff   Thumb Code    78  kservice.o(.text)
    rt_malloc_align                          0x0800314d   Thumb Code    70  kservice.o(.text)
    rt_free_align                            0x08003193   Thumb Code    16  kservice.o(.text)
    __rt_ffs                                 0x080031a3   Thumb Code    70  kservice.o(.text)
    rt_assert_set_hook                       0x080031e9   Thumb Code     6  kservice.o(.text)
    rt_assert_handler                        0x080031ef   Thumb Code    56  kservice.o(.text)
    rt_system_heap_init                      0x080033a1   Thumb Code   204  mem.o(.text)
    rt_malloc                                0x0800346d   Thumb Code   500  mem.o(.text)
    rt_free                                  0x08003661   Thumb Code   610  mem.o(.text)
    rt_realloc                               0x080038c3   Thumb Code   324  mem.o(.text)
    rt_calloc                                0x08003a07   Thumb Code    34  mem.o(.text)
    rt_memory_info                           0x08003a29   Thumb Code    26  mem.o(.text)
    rt_system_object_init                    0x08003b31   Thumb Code     2  object.o(.text)
    rt_object_get_information                0x08003b33   Thumb Code    36  object.o(.text)
    rt_object_init                           0x08003b57   Thumb Code   120  object.o(.text)
    rt_object_detach                         0x08003bcf   Thumb Code    44  object.o(.text)
    rt_object_allocate                       0x08003bfb   Thumb Code   140  object.o(.text)
    rt_object_delete                         0x08003c87   Thumb Code    70  object.o(.text)
    rt_object_is_systemobject                0x08003ccd   Thumb Code    34  object.o(.text)
    rt_object_get_type                       0x08003cef   Thumb Code    26  object.o(.text)
    rt_object_find                           0x08003d09   Thumb Code   142  object.o(.text)
    rt_system_scheduler_init                 0x08003ea3   Thumb Code    56  scheduler.o(.text)
    rt_system_scheduler_start                0x08003edb   Thumb Code    36  scheduler.o(.text)
    rt_schedule                              0x08003eff   Thumb Code   120  scheduler.o(.text)
    rt_schedule_insert_thread                0x08003f77   Thumb Code    90  scheduler.o(.text)
    rt_schedule_remove_thread                0x08003fd1   Thumb Code    94  scheduler.o(.text)
    rt_enter_critical                        0x0800402f   Thumb Code    28  scheduler.o(.text)
    rt_exit_critical                         0x0800404b   Thumb Code    60  scheduler.o(.text)
    rt_critical_level                        0x08004087   Thumb Code     8  scheduler.o(.text)
    rt_thread_exit                           0x08004145   Thumb Code    76  thread.o(.text)
    rt_thread_timeout                        0x08004191   Thumb Code    92  thread.o(.text)
    rt_thread_init                           0x0800427b   Thumb Code    74  thread.o(.text)
    rt_thread_self                           0x080042c5   Thumb Code     6  thread.o(.text)
    rt_thread_resume                         0x080042cb   Thumb Code   104  thread.o(.text)
    rt_thread_startup                        0x08004333   Thumb Code   110  thread.o(.text)
    rt_thread_detach                         0x080043a1   Thumb Code   138  thread.o(.text)
    rt_thread_create                         0x0800442b   Thumb Code    80  thread.o(.text)
    rt_thread_delete                         0x0800447b   Thumb Code   116  thread.o(.text)
    rt_thread_yield                          0x080044ef   Thumb Code   444  thread.o(.text)
    rt_thread_suspend                        0x080046ab   Thumb Code   114  thread.o(.text)
    rt_thread_sleep                          0x0800471d   Thumb Code   100  thread.o(.text)
    rt_thread_delay                          0x08004781   Thumb Code    12  thread.o(.text)
    rt_thread_delay_until                    0x0800478d   Thumb Code   162  thread.o(.text)
    rt_thread_mdelay                         0x0800482f   Thumb Code    20  thread.o(.text)
    rt_thread_control                        0x08004843   Thumb Code   156  thread.o(.text)
    rt_thread_find                           0x080048df   Thumb Code    96  thread.o(.text)
    rt_timer_init                            0x08004a1f   Thumb Code    58  timer.o(.text)
    rt_timer_detach                          0x08004a59   Thumb Code    82  timer.o(.text)
    rt_timer_create                          0x08004aab   Thumb Code    54  timer.o(.text)
    rt_timer_delete                          0x08004ae1   Thumb Code    88  timer.o(.text)
    rt_timer_start                           0x08004b39   Thumb Code   296  timer.o(.text)
    rt_timer_stop                            0x08004c61   Thumb Code    84  timer.o(.text)
    rt_timer_control                         0x08004cb5   Thumb Code    98  timer.o(.text)
    rt_timer_check                           0x08004d17   Thumb Code   130  timer.o(.text)
    rt_timer_next_timeout_tick               0x08004d99   Thumb Code    10  timer.o(.text)
    rt_system_timer_init                     0x08004da3   Thumb Code    24  timer.o(.text)
    rt_system_timer_thread_init              0x08004dbb   Thumb Code     2  timer.o(.text)
    rt_components_board_init                 0x08004edd   Thumb Code    38  components.o(.text)
    rt_components_init                       0x08004f03   Thumb Code    44  components.o(.text)
    main_thread_entry                        0x08004f2f   Thumb Code    14  components.o(.text)
    rt_application_init                      0x08004f3d   Thumb Code    48  components.o(.text)
    rtthread_startup                         0x08004f6d   Thumb Code    42  components.o(.text)
    main                                     0x08004f97   Thumb Code    10  components.o(.text)
    rt_hw_interrupt_disable                  0x08005005   Thumb Code     8  context_rvds.o(.text)
    rt_hw_interrupt_enable                   0x0800500d   Thumb Code     6  context_rvds.o(.text)
    rt_hw_context_switch                     0x08005013   Thumb Code    32  context_rvds.o(.text)
    rt_hw_context_switch_interrupt           0x08005013   Thumb Code     0  context_rvds.o(.text)
    PendSV_Handler                           0x08005033   Thumb Code   108  context_rvds.o(.text)
    rt_hw_context_switch_to                  0x0800509f   Thumb Code    70  context_rvds.o(.text)
    rt_hw_interrupt_thread_switch            0x080050e5   Thumb Code     2  context_rvds.o(.text)
    HardFault_Handler                        0x080050e7   Thumb Code    56  context_rvds.o(.text)
    rt_hw_stack_init                         0x08005139   Thumb Code    74  cpuport.o(.text)
    rt_hw_exception_install                  0x08005183   Thumb Code     6  cpuport.o(.text)
    rt_hw_hard_fault_exception               0x08005189   Thumb Code   212  cpuport.o(.text)
    rt_hw_cpu_shutdown                       0x0800525d   Thumb Code    22  cpuport.o(.text)
    rt_hw_cpu_reset                          0x08005273   Thumb Code     8  cpuport.o(.text)
    $Super$$main                             0x080053f1   Thumb Code    18  main.o(.text)
    USB_Interrupts_Config                    0x08005403   Thumb Code   110  main.o(.text)
    Set_USBClock                             0x08005471   Thumb Code    58  main.o(.text)
    USB_Config                               0x080054ab   Thumb Code    36  main.o(.text)
    usb_dc_low_level_init                    0x080054cf   Thumb Code    26  main.o(.text)
    NVIC_Configuration                       0x080054f9   Thumb Code    14  board.o(.text)
    SysTick_Handler                          0x08005507   Thumb Code    16  board.o(.text)
    rt_hw_board_init                         0x08005517   Thumb Code   102  board.o(.text)
    NMI_Handler                              0x08005599   Thumb Code     2  n32g43x_it.o(.text)
    MemManage_Handler                        0x0800559b   Thumb Code     4  n32g43x_it.o(.text)
    BusFault_Handler                         0x0800559f   Thumb Code     4  n32g43x_it.o(.text)
    UsageFault_Handler                       0x080055a3   Thumb Code     4  n32g43x_it.o(.text)
    SVC_Handler                              0x080055a7   Thumb Code     2  n32g43x_it.o(.text)
    DebugMon_Handler                         0x080055a9   Thumb Code     2  n32g43x_it.o(.text)
    DMA_IRQ_HANDLER                          0x080055ab   Thumb Code     2  n32g43x_it.o(.text)
    USBWakeUp_IRQHandler                     0x080055ad   Thumb Code    12  n32g43x_it.o(.text)
    usbd_cdc_acm_out                         0x080055b9   Thumb Code    72  cdc_acm.o(.text)
    usbd_cdc_acm_in                          0x08005601   Thumb Code    12  cdc_acm.o(.text)
    cdc_acm_init                             0x0800560d   Thumb Code    46  cdc_acm.o(.text)
    usbd_cdc_acm_set_dtr                     0x0800563b   Thumb Code    18  cdc_acm.o(.text)
    cdc_acm_data_send_with_dtr_test          0x0800564d   Thumb Code    24  cdc_acm.o(.text)
    rt_device_pin_register                   0x08005761   Thumb Code    56  pin.o(.text)
    rt_pin_attach_irq                        0x08005799   Thumb Code    60  pin.o(.text)
    rt_pin_detach_irq                        0x080057d5   Thumb Code    46  pin.o(.text)
    rt_pin_irq_enable                        0x08005803   Thumb Code    50  pin.o(.text)
    rt_pin_mode                              0x08005835   Thumb Code    38  pin.o(.text)
    rt_pin_write                             0x0800585b   Thumb Code    38  pin.o(.text)
    rt_pin_read                              0x08005881   Thumb Code    34  pin.o(.text)
    rt_hw_serial_register                    0x08005d71   Thumb Code    82  serial.o(.text)
    rt_hw_serial_isr                         0x08005dc3   Thumb Code   224  serial.o(.text)
    rt_completion_init                       0x08005fd9   Thumb Code    42  completion.o(.text)
    rt_completion_wait                       0x08006003   Thumb Code   198  completion.o(.text)
    rt_completion_done                       0x080060c9   Thumb Code    76  completion.o(.text)
    rt_hw_pin_init                           0x08006651   Thumb Code    38  drv_gpio.o(.text)
    N32G43X_GPIO_EXTI_IRQHandler             0x08006677   Thumb Code    70  drv_gpio.o(.text)
    EXTI0_IRQHandler                         0x080066bd   Thumb Code    18  drv_gpio.o(.text)
    EXTI1_IRQHandler                         0x080066cf   Thumb Code    18  drv_gpio.o(.text)
    EXTI2_IRQHandler                         0x080066e1   Thumb Code    18  drv_gpio.o(.text)
    EXTI3_IRQHandler                         0x080066f3   Thumb Code    18  drv_gpio.o(.text)
    EXTI4_IRQHandler                         0x08006705   Thumb Code    18  drv_gpio.o(.text)
    EXTI9_5_IRQHandler                       0x08006717   Thumb Code    42  drv_gpio.o(.text)
    EXTI15_10_IRQHandler                     0x08006741   Thumb Code    48  drv_gpio.o(.text)
    GPIOInit                                 0x08006771   Thumb Code   116  drv_gpio.o(.text)
    USART1_IRQHandler                        0x0800685b   Thumb Code    18  drv_usart.o(.text)
    n32g43x_uart_gpio_init                   0x0800686d   Thumb Code   208  drv_usart.o(.text)
    rt_hw_usart_init                         0x08006b5d   Thumb Code   118  drv_usart.o(.text)
    usbd_cdc_acm_set_rts                     0x08006c53   Thumb Code     2  usbd_cdc.o(.text)
    usbd_cdc_acm_set_line_coding             0x08006c57   Thumb Code     2  usbd_cdc.o(.text)
    usbd_cdc_add_acm_interface               0x08006d01   Thumb Code    48  usbd_cdc.o(.text)
    usbd_event_notify_handler                0x08007b59   Thumb Code   440  usbd_core.o(.text)
    usbd_desc_register                       0x08007d87   Thumb Code     6  usbd_core.o(.text)
    usbd_msosv1_desc_register                0x08007d8d   Thumb Code     6  usbd_core.o(.text)
    usbd_msosv2_desc_register                0x08007d93   Thumb Code     6  usbd_core.o(.text)
    usbd_bos_desc_register                   0x08007d99   Thumb Code     6  usbd_core.o(.text)
    usbd_class_register                      0x08007d9f   Thumb Code    22  usbd_core.o(.text)
    usbd_class_add_interface                 0x08007db5   Thumb Code    42  usbd_core.o(.text)
    usbd_interface_add_endpoint              0x08007ddf   Thumb Code    18  usbd_core.o(.text)
    usb_device_is_configured                 0x08007df1   Thumb Code     8  usbd_core.o(.text)
    usbd_initialize                          0x08007df9   Thumb Code    10  usbd_core.o(.text)
    usb_dc_low_level_deinit                  0x08007e1f   Thumb Code     2  usb_dc_fsdev.o(.text)
    usb_dc_init                              0x08007e21   Thumb Code    52  usb_dc_fsdev.o(.text)
    usb_dc_deinit                            0x08007e55   Thumb Code    28  usb_dc_fsdev.o(.text)
    usbd_set_address                         0x08007e71   Thumb Code    20  usb_dc_fsdev.o(.text)
    usbd_ep_open                             0x08007e85   Thumb Code   820  usb_dc_fsdev.o(.text)
    usbd_ep_close                            0x080081b9   Thumb Code   234  usb_dc_fsdev.o(.text)
    usbd_ep_set_stall                        0x080082a3   Thumb Code   106  usb_dc_fsdev.o(.text)
    usbd_ep_clear_stall                      0x0800830d   Thumb Code   244  usb_dc_fsdev.o(.text)
    usbd_ep_is_stalled                       0x08008401   Thumb Code     6  usb_dc_fsdev.o(.text)
    usbd_ep_write                            0x08008449   Thumb Code   238  usb_dc_fsdev.o(.text)
    usbd_ep_read                             0x08008581   Thumb Code   168  usb_dc_fsdev.o(.text)
    USB_LP_IRQHandler                        0x08008629   Thumb Code   760  usb_dc_fsdev.o(.text)
    __aeabi_memset                           0x08008931   Thumb Code    14  memseta.o(.text)
    __aeabi_memset4                          0x08008931   Thumb Code     0  memseta.o(.text)
    __aeabi_memset8                          0x08008931   Thumb Code     0  memseta.o(.text)
    __aeabi_memclr                           0x0800893f   Thumb Code     4  memseta.o(.text)
    __aeabi_memclr4                          0x0800893f   Thumb Code     0  memseta.o(.text)
    __aeabi_memclr8                          0x0800893f   Thumb Code     0  memseta.o(.text)
    _memset$wrapper                          0x08008943   Thumb Code    18  memseta.o(.text)
    __scatterload                            0x08008955   Thumb Code    28  init.o(.text)
    __scatterload_rt2                        0x08008955   Thumb Code     0  init.o(.text)
    __decompress                             0x08008979   Thumb Code     0  __dczerorl2.o(.text)
    __decompress1                            0x08008979   Thumb Code    86  __dczerorl2.o(.text)
    __scatterload_copy                       0x080089cf   Thumb Code    14  handlers.o(i.__scatterload_copy)
    __scatterload_null                       0x080089dd   Thumb Code     2  handlers.o(i.__scatterload_null)
    __scatterload_zeroinit                   0x080089df   Thumb Code    14  handlers.o(i.__scatterload_zeroinit)
    AHBPrescTable                            0x080089ec   Data          16  system_n32g43x.o(.constdata)
    MSIClockTable                            0x080089fc   Data          28  system_n32g43x.o(.constdata)
    __lowest_bit_bitmap                      0x08008c21   Data         256  kservice.o(.constdata)
    __rti_rti_start_name                     0x08008f78   Data          10  components.o(.constdata)
    __rti_rti_board_start_name               0x08008f82   Data          16  components.o(.constdata)
    __rti_rti_board_end_name                 0x08008f92   Data          14  components.o(.constdata)
    __rti_rti_end_name                       0x08008fa0   Data           8  components.o(.constdata)
    __rti_rt_hw_pin_init_name                0x08009540   Data          15  drv_gpio.o(.constdata)
    __rti_rt_hw_usart_init_name              0x08009598   Data          17  drv_usart.o(.constdata)
    __rt_init_desc_rti_start                 0x080098a4   Data           8  components.o(.rti_fn.0)
    __rt_init_desc_rti_board_start           0x080098ac   Data           8  components.o(.rti_fn.0.end)
    __rt_init_desc_rt_hw_pin_init            0x080098b4   Data           8  drv_gpio.o(.rti_fn.1)
    __rt_init_desc_rt_hw_usart_init          0x080098bc   Data           8  drv_usart.o(.rti_fn.1)
    __rt_init_desc_rti_board_end             0x080098c4   Data           8  components.o(.rti_fn.1.end)
    __rt_init_desc_rti_end                   0x080098cc   Data           8  components.o(.rti_fn.6.end)
    Region$$Table$$Base                      0x080098d4   Number         0  anon$$obj.o(Region$$Table)
    Region$$Table$$Limit                     0x080098f4   Number         0  anon$$obj.o(Region$$Table)
    SystemCoreClock                          0x20000000   Data           4  system_n32g43x.o(.data)
    rt_interrupt_nest                        0x20000008   Data           1  irq.o(.data)
    rt_assert_hook                           0x20000014   Data           4  kservice.o(.data)
    rt_current_thread                        0x20000084   Data           4  scheduler.o(.data)
    rt_current_priority                      0x20000088   Data           1  scheduler.o(.data)
    rt_thread_ready_priority_group           0x2000008c   Data           4  scheduler.o(.data)
    rt_thread_defunct                        0x20000090   Data           8  scheduler.o(.data)
    rt_interrupt_from_thread                 0x200000a4   Data           4  cpuport.o(.data)
    rt_interrupt_to_thread                   0x200000a8   Data           4  cpuport.o(.data)
    rt_thread_switch_interrupt_flag          0x200000ac   Data           4  cpuport.o(.data)
    cdc_out_ep                               0x200000b4   Data          12  cdc_acm.o(.data)
    cdc_in_ep                                0x200000c0   Data          12  cdc_acm.o(.data)
    dtr_enable                               0x200000cc   Data           1  cdc_acm.o(.data)
    stop_name                                0x20000198   Data          12  usbd_cdc.o(.data)
    parity_name                              0x200001a4   Data          20  usbd_cdc.o(.data)
    rt_thread_priority_table                 0x200003e8   Data         256  scheduler.o(.bss)
    cdc_class                                0x200004e8   Data          12  cdc_acm.o(.bss)
    cdc_cmd_intf                             0x200004f4   Data          28  cdc_acm.o(.bss)
    cdc_data_intf                            0x20000510   Data          28  cdc_acm.o(.bss)
    serial1                                  0x20000570   Data          88  drv_usart.o(.bss)
    usbd_cdc_acm_cfg                         0x200005c8   Data          10  usbd_cdc.o(.bss)
    usbd_core_cfg                            0x200005d4   Data         356  usbd_core.o(.bss)
    usb_dc_cfg                               0x20000738   Data         136  usb_dc_fsdev.o(.bss)
    __initial_sp                             0x20001cc0   Data           0  startup_n32g43x.o(STACK)



==============================================================================

Memory Map of the image

  Image Entry point : 0x08000149

  Load Region LR_IROM1 (Base: 0x08000000, Size: 0x00009ac4, Max: 0x00020000, ABSOLUTE, COMPRESSED[0x00009958])

    Execution Region ER_IROM1 (Exec base: 0x08000000, Load base: 0x08000000, Size: 0x000098f4, Max: 0x00020000, ABSOLUTE)

    Exec Addr    Load Addr    Size         Type   Attr      Idx    E Section Name        Object

    0x08000000   0x08000000   0x00000148   Data   RO            3    RESET               startup_n32g43x.o
    0x08000148   0x08000148   0x00000000   Code   RO          925  * .ARM.Collect$$$$00000000  mc_w.l(entry.o)
    0x08000148   0x08000148   0x00000004   Code   RO          930    .ARM.Collect$$$$00000001  mc_w.l(entry2.o)
    0x0800014c   0x0800014c   0x00000004   Code   RO          933    .ARM.Collect$$$$00000004  mc_w.l(entry5.o)
    0x08000150   0x08000150   0x00000000   Code   RO          935    .ARM.Collect$$$$00000008  mc_w.l(entry7b.o)
    0x08000150   0x08000150   0x00000000   Code   RO          937    .ARM.Collect$$$$0000000A  mc_w.l(entry8b.o)
    0x08000150   0x08000150   0x00000008   Code   RO          938    .ARM.Collect$$$$0000000B  mc_w.l(entry9a.o)
    0x08000158   0x08000158   0x00000000   Code   RO          940    .ARM.Collect$$$$0000000D  mc_w.l(entry10a.o)
    0x08000158   0x08000158   0x00000000   Code   RO          942    .ARM.Collect$$$$0000000F  mc_w.l(entry11a.o)
    0x08000158   0x08000158   0x00000004   Code   RO          931    .ARM.Collect$$$$00002712  mc_w.l(entry2.o)
    0x0800015c   0x0800015c   0x00000024   Code   RO            4    .text               startup_n32g43x.o
    0x08000180   0x08000180   0x000002dc   Code   RO           13    .text               system_n32g43x.o
    0x0800045c   0x0800045c   0x000000dc   Code   RO          139    .text               misc.o
    0x08000538   0x08000538   0x0000055c   Code   RO          167    .text               n32g43x_gpio.o
    0x08000a94   0x08000a94   0x000007f8   Code   RO          191    .text               n32g43x_rcc.o
    0x0800128c   0x0800128c   0x000003c4   Code   RO          217    .text               n32g43x_usart.o
    0x08001650   0x08001650   0x00000130   Code   RO          241    .text               n32g43x_exti.o
    0x08001780   0x08001780   0x00000088   Code   RO          262    .text               clock.o
    0x08001808   0x08001808   0x0000052c   Code   RO          313    .text               device.o
    0x08001d34   0x08001d34   0x00000138   Code   RO          326    .text               idle.o
    0x08001e6c   0x08001e6c   0x000009e8   Code   RO          345    .text               ipc.o
    0x08002854   0x08002854   0x00000058   Code   RO          362    .text               irq.o
    0x080028ac   0x080028ac   0x00000a54   Code   RO          377    .text               kservice.o
    0x08003300   0x08003300   0x00000810   Code   RO          397    .text               mem.o
    0x08003b10   0x08003b10   0x0000033c   Code   RO          426    .text               object.o
    0x08003e4c   0x08003e4c   0x000002d8   Code   RO          444    .text               scheduler.o
    0x08004124   0x08004124   0x00000860   Code   RO          471    .text               thread.o
    0x08004984   0x08004984   0x00000548   Code   RO          489    .text               timer.o
    0x08004ecc   0x08004ecc   0x00000138   Code   RO          507    .text               components.o
    0x08005004   0x08005004   0x00000134   Code   RO          547    .text               context_rvds.o
    0x08005138   0x08005138   0x000002b8   Code   RO          551    .text               cpuport.o
    0x080053f0   0x080053f0   0x00000108   Code   RO          570    .text               main.o
    0x080054f8   0x080054f8   0x000000a0   Code   RO          636    .text               board.o
    0x08005598   0x08005598   0x00000020   Code   RO          667    .text               n32g43x_it.o
    0x080055b8   0x080055b8   0x000000f8   Code   RO          691    .text               cdc_acm.o
    0x080056b0   0x080056b0   0x00000250   Code   RO          739    .text               pin.o
    0x08005900   0x08005900   0x000006d8   Code   RO          757    .text               serial.o
    0x08005fd8   0x08005fd8   0x000001cc   Code   RO          775    .text               completion.o
    0x080061a4   0x080061a4   0x00000664   Code   RO          794    .text               drv_gpio.o
    0x08006808   0x08006808   0x00000438   Code   RO          827    .text               drv_usart.o
    0x08006c40   0x08006c40   0x00000144   Code   RO          867    .text               usbd_cdc.o
    0x08006d84   0x08006d84   0x00001098   Code   RO          884    .text               usbd_core.o
    0x08007e1c   0x08007e1c   0x00000b14   Code   RO          907    .text               usb_dc_fsdev.o
    0x08008930   0x08008930   0x00000024   Code   RO          928    .text               mc_w.l(memseta.o)
    0x08008954   0x08008954   0x00000024   Code   RO          944    .text               mc_w.l(init.o)
    0x08008978   0x08008978   0x00000056   Code   RO          954    .text               mc_w.l(__dczerorl2.o)
    0x080089ce   0x080089ce   0x0000000e   Code   RO          948    i.__scatterload_copy  mc_w.l(handlers.o)
    0x080089dc   0x080089dc   0x00000002   Code   RO          949    i.__scatterload_null  mc_w.l(handlers.o)
    0x080089de   0x080089de   0x0000000e   Code   RO          950    i.__scatterload_zeroinit  mc_w.l(handlers.o)
    0x080089ec   0x080089ec   0x0000002c   Data   RO           14    .constdata          system_n32g43x.o
    0x08008a18   0x08008a18   0x0000005c   Data   RO          192    .constdata          n32g43x_rcc.o
    0x08008a74   0x08008a74   0x000000c9   Data   RO          314    .constdata          device.o
    0x08008b3d   0x08008b3d   0x00000016   Data   RO          328    .constdata          idle.o
    0x08008b53   0x08008b53   0x000000ce   Data   RO          346    .constdata          ipc.o
    0x08008c21   0x08008c21   0x00000122   Data   RO          379    .constdata          kservice.o
    0x08008d43   0x08008d43   0x0000003c   Data   RO          399    .constdata          mem.o
    0x08008d7f   0x08008d7f   0x00000080   Data   RO          427    .constdata          object.o
    0x08008dff   0x08008dff   0x0000004e   Data   RO          446    .constdata          scheduler.o
    0x08008e4d   0x08008e4d   0x000000cf   Data   RO          472    .constdata          thread.o
    0x08008f1c   0x08008f1c   0x0000005c   Data   RO          490    .constdata          timer.o
    0x08008f78   0x08008f78   0x00000044   Data   RO          508    .constdata          components.o
    0x08008fbc   0x08008fbc   0x00000013   Data   RO          552    .constdata          cpuport.o
    0x08008fcf   0x08008fcf   0x0000009c   Data   RO          693    .constdata          cdc_acm.o
    0x0800906b   0x0800906b   0x0000007d   Data   RO          741    .constdata          pin.o
    0x080090e8   0x080090e8   0x000000c4   Data   RO          758    .constdata          serial.o
    0x080091ac   0x080091ac   0x00000039   Data   RO          776    .constdata          completion.o
    0x080091e5   0x080091e5   0x00000003   PAD
    0x080091e8   0x080091e8   0x00000367   Data   RO          795    .constdata          drv_gpio.o
    0x0800954f   0x0800954f   0x00000001   PAD
    0x08009550   0x08009550   0x000000ac   Data   RO          829    .constdata          drv_usart.o
    0x080095fc   0x080095fc   0x0000008b   Data   RO          347    .conststring        ipc.o
    0x08009687   0x08009687   0x00000001   PAD
    0x08009688   0x08009688   0x000000eb   Data   RO          400    .conststring        mem.o
    0x08009773   0x08009773   0x00000001   PAD
    0x08009774   0x08009774   0x00000042   Data   RO          473    .conststring        thread.o
    0x080097b6   0x080097b6   0x00000002   PAD
    0x080097b8   0x080097b8   0x00000063   Data   RO          759    .conststring        serial.o
    0x0800981b   0x0800981b   0x00000001   PAD
    0x0800981c   0x0800981c   0x00000007   Data   RO          830    .conststring        drv_usart.o
    0x08009823   0x08009823   0x00000001   PAD
    0x08009824   0x08009824   0x0000001e   Data   RO          869    .conststring        usbd_cdc.o
    0x08009842   0x08009842   0x00000002   PAD
    0x08009844   0x08009844   0x0000005d   Data   RO          886    .conststring        usbd_core.o
    0x080098a1   0x080098a1   0x00000003   PAD
    0x080098a4   0x080098a4   0x00000008   Data   RO          509    .rti_fn.0           components.o
    0x080098ac   0x080098ac   0x00000008   Data   RO          510    .rti_fn.0.end       components.o
    0x080098b4   0x080098b4   0x00000008   Data   RO          797    .rti_fn.1           drv_gpio.o
    0x080098bc   0x080098bc   0x00000008   Data   RO          831    .rti_fn.1           drv_usart.o
    0x080098c4   0x080098c4   0x00000008   Data   RO          511    .rti_fn.1.end       components.o
    0x080098cc   0x080098cc   0x00000008   Data   RO          512    .rti_fn.6.end       components.o
    0x080098d4   0x080098d4   0x00000020   Data   RO          946    Region$$Table       anon$$obj.o


    Execution Region RW_IRAM1 (Exec base: 0x20000000, Load base: 0x080098f4, Size: 0x00001cc0, Max: 0x00008000, ABSOLUTE, COMPRESSED[0x00000064])

    Exec Addr    Load Addr    Size         Type   Attr      Idx    E Section Name        Object

    0x20000000   COMPRESSED   0x00000004   Data   RW           15    .data               system_n32g43x.o
    0x20000004   COMPRESSED   0x00000004   Data   RW          263    .data               clock.o
    0x20000008   COMPRESSED   0x00000001   Data   RW          363    .data               irq.o
    0x20000009   COMPRESSED   0x00000003   PAD
    0x2000000c   COMPRESSED   0x0000000c   Data   RW          380    .data               kservice.o
    0x20000018   COMPRESSED   0x00000018   Data   RW          401    .data               mem.o
    0x20000030   COMPRESSED   0x00000050   Data   RW          428    .data               object.o
    0x20000080   COMPRESSED   0x00000018   Data   RW          447    .data               scheduler.o
    0x20000098   COMPRESSED   0x0000000c   Data   RW          491    .data               timer.o
    0x200000a4   COMPRESSED   0x00000010   Data   RW          553    .data               cpuport.o
    0x200000b4   COMPRESSED   0x00000019   Data   RW          694    .data               cdc_acm.o
    0x200000cd   COMPRESSED   0x00000003   PAD
    0x200000d0   COMPRESSED   0x00000004   Data   RW          760    .data               serial.o
    0x200000d4   COMPRESSED   0x000000c4   Data   RW          796    .data               drv_gpio.o
    0x20000198   COMPRESSED   0x00000024   Data   RW          870    .data               usbd_cdc.o
    0x200001bc   COMPRESSED   0x00000011   Data   RW          887    .data               usbd_core.o
    0x200001cd   COMPRESSED   0x00000003   PAD
    0x200001d0        -       0x00000178   Zero   RW          327    .bss                idle.o
    0x20000348        -       0x00000080   Zero   RW          378    .bss                kservice.o
    0x200003c8        -       0x00000020   Zero   RW          398    .bss                mem.o
    0x200003e8        -       0x00000100   Zero   RW          445    .bss                scheduler.o
    0x200004e8        -       0x00000044   Zero   RW          692    .bss                cdc_acm.o
    0x2000052c        -       0x00000044   Zero   RW          740    .bss                pin.o
    0x20000570        -       0x00000058   Zero   RW          828    .bss                drv_usart.o
    0x200005c8        -       0x0000000a   Zero   RW          868    .bss                usbd_cdc.o
    0x200005d2   COMPRESSED   0x00000002   PAD
    0x200005d4        -       0x00000164   Zero   RW          885    .bss                usbd_core.o
    0x20000738        -       0x00000088   Zero   RW          908    .bss                usb_dc_fsdev.o
    0x200007c0        -       0x00001500   Zero   RW            1    STACK               startup_n32g43x.o


==============================================================================

Image component sizes


      Code (inc. data)   RO Data    RW Data    ZI Data      Debug   Object Name

       160         28          0          0          0      31229   board.o
       248         76        156         25         68      32752   cdc_acm.o
       136          6          0          4          0      11588   clock.o
       460        128         57          0          0       5131   completion.o
       312        100        100          0          0       3294   components.o
       308         26          0          0          0        904   context_rvds.o
       696        374         19         16          0       4615   cpuport.o
      1324        312        201          0          0       5918   device.o
      1636         80        879        196          0      37777   drv_gpio.o
      1080        110        187          0         88      38785   drv_usart.o
       312         72         22          0        376       5170   idle.o
      2536        450        345          0          0      11011   ipc.o
        88          6          0          1          0       1634   irq.o
      2644        230        290         12        128      12124   kservice.o
       264         16          0          0          0       7679   main.o
      2064        552        295         24         32       4884   mem.o
       220         22          0          0          0       2073   misc.o
       304          4          0          0          0       2742   n32g43x_exti.o
      1372         52          0          0          0       7076   n32g43x_gpio.o
        32          0          0          0          0       1314   n32g43x_it.o
      2040         84         92          0          0      17845   n32g43x_rcc.o
       964         22          0          0          0       8431   n32g43x_usart.o
       828        182        128         80          0       7526   object.o
       592         94        125          0         68       6116   pin.o
       728        144         78         24        256       6800   scheduler.o
      1752        210        295          4          0       7009   serial.o
        36          8        328          0       5376        952   startup_n32g43x.o
       732         68         44          4          0     285385   system_n32g43x.o
      2144        418        273          0          0      10532   thread.o
      1352        250         92         12          0       8725   timer.o
      2836         46          0          0        136      55405   usb_dc_fsdev.o
       324         84         30         36         10       3429   usbd_cdc.o
      4248        886         93         17        356      19748   usbd_core.o

    ----------------------------------------------------------------------
     34772       5140       4176        464       6896     665603   Object Totals
         0          0         32          0          0          0   (incl. Generated)
         0          0         15          9          2          0   (incl. Padding)

    ----------------------------------------------------------------------

      Code (inc. data)   RO Data    RW Data    ZI Data      Debug   Library Member Name

        86          0          0          0          0          0   __dczerorl2.o
         0          0          0          0          0          0   entry.o
         0          0          0          0          0          0   entry10a.o
         0          0          0          0          0          0   entry11a.o
         8          4          0          0          0          0   entry2.o
         4          0          0          0          0          0   entry5.o
         0          0          0          0          0          0   entry7b.o
         0          0          0          0          0          0   entry8b.o
         8          4          0          0          0          0   entry9a.o
        30          0          0          0          0          0   handlers.o
        36          8          0          0          0         68   init.o
        36          0          0          0          0        108   memseta.o

    ----------------------------------------------------------------------
       208         16          0          0          0        176   Library Totals
         0          0          0          0          0          0   (incl. Padding)

    ----------------------------------------------------------------------

      Code (inc. data)   RO Data    RW Data    ZI Data      Debug   Library Name

       208         16          0          0          0        176   mc_w.l

    ----------------------------------------------------------------------
       208         16          0          0          0        176   Library Totals

    ----------------------------------------------------------------------

==============================================================================


      Code (inc. data)   RO Data    RW Data    ZI Data      Debug   

     34980       5156       4176        464       6896     659863   Grand Totals
     34980       5156       4176        100       6896     659863   ELF Image Totals (compressed)
     34980       5156       4176        100          0          0   ROM Totals

==============================================================================

    Total RO  Size (Code + RO Data)                39156 (  38.24kB)
    Total RW  Size (RW Data + ZI Data)              7360 (   7.19kB)
    Total ROM Size (Code + RO Data + RW Data)      39256 (  38.34kB)

==============================================================================

